Component: ARM Compiler 5.06 update 6 (build 750) Tool: armlink [4d35ed]

==============================================================================

Section Cross References

    startup_stm32f407xx.o(RESET) refers to startup_stm32f407xx.o(STACK) for __initial_sp
    startup_stm32f407xx.o(RESET) refers to startup_stm32f407xx.o(.text) for Reset_Handler
    startup_stm32f407xx.o(RESET) refers to stm32f4xx_it.o(i.NMI_Handler) for NMI_Handler
    startup_stm32f407xx.o(RESET) refers to stm32f4xx_it.o(i.HardFault_Handler) for HardFault_Handler
    startup_stm32f407xx.o(RESET) refers to stm32f4xx_it.o(i.MemManage_Handler) for MemManage_Handler
    startup_stm32f407xx.o(RESET) refers to stm32f4xx_it.o(i.BusFault_Handler) for BusFault_Handler
    startup_stm32f407xx.o(RESET) refers to stm32f4xx_it.o(i.UsageFault_Handler) for UsageFault_Handler
    startup_stm32f407xx.o(RESET) refers to stm32f4xx_it.o(i.SVC_Handler) for SVC_Handler
    startup_stm32f407xx.o(RESET) refers to stm32f4xx_it.o(i.DebugMon_Handler) for DebugMon_Handler
    startup_stm32f407xx.o(RESET) refers to stm32f4xx_it.o(i.PendSV_Handler) for PendSV_Handler
    startup_stm32f407xx.o(RESET) refers to stm32f4xx_it.o(i.SysTick_Handler) for SysTick_Handler
    startup_stm32f407xx.o(RESET) refers to stm32f4xx_it.o(i.EXTI9_5_IRQHandler) for EXTI9_5_IRQHandler
    startup_stm32f407xx.o(RESET) refers to stm32f4xx_it.o(i.OTG_FS_IRQHandler) for OTG_FS_IRQHandler
    startup_stm32f407xx.o(.text) refers to system_stm32f4xx.o(i.SystemInit) for SystemInit
    startup_stm32f407xx.o(.text) refers to entry.o(.ARM.Collect$$$$00000000) for __main
    main.o(i.BSP_LED_Off) refers to stm32f4xx_hal_gpio.o(i.HAL_GPIO_WritePin) for HAL_GPIO_WritePin
    main.o(i.BSP_LED_Off) refers to main.o(.constdata) for .constdata
    main.o(i.BSP_LED_Off) refers to main.o(.data) for .data
    main.o(i.BSP_LED_On) refers to stm32f4xx_hal_gpio.o(i.HAL_GPIO_WritePin) for HAL_GPIO_WritePin
    main.o(i.BSP_LED_On) refers to main.o(.constdata) for .constdata
    main.o(i.BSP_LED_On) refers to main.o(.data) for .data
    main.o(i.BSP_LED_Toggle) refers to stm32f4xx_hal_gpio.o(i.HAL_GPIO_TogglePin) for HAL_GPIO_TogglePin
    main.o(i.BSP_LED_Toggle) refers to main.o(.constdata) for .constdata
    main.o(i.BSP_LED_Toggle) refers to main.o(.data) for .data
    main.o(i.BSP_PB_GetState) refers to stm32f4xx_hal_gpio.o(i.HAL_GPIO_ReadPin) for HAL_GPIO_ReadPin
    main.o(i.BSP_PB_GetState) refers to main.o(.constdata) for .constdata
    main.o(i.BSP_PB_GetState) refers to main.o(.data) for .data
    main.o(i.Error_Handler) refers to main.o(i.BSP_LED_Toggle) for BSP_LED_Toggle
    main.o(i.Error_Handler) refers to stm32f4xx_hal.o(i.HAL_Delay) for HAL_Delay
    main.o(i.HAL_GPIO_EXTI_Callback) refers to xpt2046_touch.o(i.XPT2046_TouchPressed) for XPT2046_TouchPressed
    main.o(i.HAL_GPIO_EXTI_Callback) refers to xpt2046_touch.o(i.XPT2046_TouchGetCoordinates) for XPT2046_TouchGetCoordinates
    main.o(i.HAL_GPIO_EXTI_Callback) refers to ili9341.o(i.lcdDrawPixel) for lcdDrawPixel
    main.o(i.HAL_GPIO_EXTI_Callback) refers to main.o(.data) for .data
    main.o(i.MX_FSMC_Init) refers to memseta.o(.text) for __aeabi_memclr4
    main.o(i.MX_FSMC_Init) refers to stm32f4xx_hal_sram.o(i.HAL_SRAM_Init) for HAL_SRAM_Init
    main.o(i.MX_FSMC_Init) refers to main.o(i.Error_Handler) for Error_Handler
    main.o(i.MX_FSMC_Init) refers to main.o(.bss) for .bss
    main.o(i.MX_GPIO_Init) refers to memseta.o(.text) for __aeabi_memclr4
    main.o(i.MX_GPIO_Init) refers to stm32f4xx_hal_gpio.o(i.HAL_GPIO_WritePin) for HAL_GPIO_WritePin
    main.o(i.MX_GPIO_Init) refers to stm32f4xx_hal_gpio.o(i.HAL_GPIO_Init) for HAL_GPIO_Init
    main.o(i.MX_GPIO_Init) refers to stm32f4xx_hal_cortex.o(i.HAL_NVIC_SetPriority) for HAL_NVIC_SetPriority
    main.o(i.MX_GPIO_Init) refers to stm32f4xx_hal_cortex.o(i.HAL_NVIC_EnableIRQ) for HAL_NVIC_EnableIRQ
    main.o(i.MX_SPI2_Init) refers to stm32f4xx_hal_spi.o(i.HAL_SPI_Init) for HAL_SPI_Init
    main.o(i.MX_SPI2_Init) refers to main.o(i.Error_Handler) for Error_Handler
    main.o(i.MX_SPI2_Init) refers to main.o(.bss) for .bss
    main.o(i.MX_TIM3_Init) refers to memseta.o(.text) for __aeabi_memclr4
    main.o(i.MX_TIM3_Init) refers to stm32f4xx_hal_tim.o(i.HAL_TIM_Base_Init) for HAL_TIM_Base_Init
    main.o(i.MX_TIM3_Init) refers to stm32f4xx_hal_tim.o(i.HAL_TIM_ConfigClockSource) for HAL_TIM_ConfigClockSource
    main.o(i.MX_TIM3_Init) refers to stm32f4xx_hal_tim.o(i.HAL_TIM_OC_Init) for HAL_TIM_OC_Init
    main.o(i.MX_TIM3_Init) refers to stm32f4xx_hal_tim_ex.o(i.HAL_TIMEx_MasterConfigSynchronization) for HAL_TIMEx_MasterConfigSynchronization
    main.o(i.MX_TIM3_Init) refers to stm32f4xx_hal_tim.o(i.HAL_TIM_OC_ConfigChannel) for HAL_TIM_OC_ConfigChannel
    main.o(i.MX_TIM3_Init) refers to main.o(i.Error_Handler) for Error_Handler
    main.o(i.MX_TIM3_Init) refers to main.o(.bss) for .bss
    main.o(i.RTLSDR_InitApplication) refers to main.o(i.BSP_LED_On) for BSP_LED_On
[...]
    i.find_stage_gain                        0x08006ad8   Section        0  tuner_e4k.o(i.find_stage_gain)
    find_stage_gain                          0x08006ad9   Thumb Code    58  tuner_e4k.o(i.find_stage_gain)
    i.fputc                                  0x08006b44   Section        0  main.o(i.fputc)
    i.free                                   0x08006b5c   Section        0  malloc.o(i.free)
    i.lcdBacklightOn                         0x08006bac   Section        0  ili9341.o(i.lcdBacklightOn)
    i.lcdBuildMemoryAccessControlConfig      0x08006bbc   Section        0  ili9341.o(i.lcdBuildMemoryAccessControlConfig)
    lcdBuildMemoryAccessControlConfig        0x08006bbd   Thumb Code    48  ili9341.o(i.lcdBuildMemoryAccessControlConfig)
    i.lcdDrawChar                            0x08006bec   Section        0  ili9341.o(i.lcdDrawChar)
    i.lcdDrawHLine                           0x08006cb0   Section        0  ili9341.o(i.lcdDrawHLine)
    i.lcdDrawPixel                           0x08006cf4   Section        0  ili9341.o(i.lcdDrawPixel)
    i.lcdFillRGB                             0x08006d1c   Section        0  ili9341.o(i.lcdFillRGB)
    i.lcdFillRect                            0x08006d50   Section        0  ili9341.o(i.lcdFillRect)
    i.lcdInit                                0x08006da4   Section        0  ili9341.o(i.lcdInit)
    i.lcdPrintf                              0x08006f80   Section        0  ili9341.o(i.lcdPrintf)
    i.lcdSetCursor                           0x0800702c   Section        0  ili9341.o(i.lcdSetCursor)
    i.lcdSetOrientation                      0x08007040   Section        0  ili9341.o(i.lcdSetOrientation)
    i.lcdSetTextColor                        0x080070a0   Section        0  ili9341.o(i.lcdSetTextColor)
    i.lcdSetTextFont                         0x080070ac   Section        0  ili9341.o(i.lcdSetTextFont)
    i.lcdSetWindow                           0x080070b8   Section        0  ili9341.o(i.lcdSetWindow)
    i.main                                   0x080070f4   Section        0  main.o(i.main)
    i.malloc                                 0x08007244   Section        0  malloc.o(i.malloc)
    i.unsigned_delta                         0x080072b0   Section        0  tuner_e4k.o(i.unsigned_delta)
    .constdata                               0x080072bc   Section       10  main.o(.constdata)
    .constdata                               0x080072c6   Section       16  system_stm32f4xx.o(.constdata)
    .constdata                               0x080072d6   Section        8  system_stm32f4xx.o(.constdata)
    .constdata                               0x080072e0   Section      272  tuner_e4k.o(.constdata)
    if_stage_gain_len                        0x080072e0   Data           7  tuner_e4k.o(.constdata)
    width2mask                               0x080072e7   Data           9  tuner_e4k.o(.constdata)
    if_stage_gain_regs                       0x080072f0   Data          21  tuner_e4k.o(.constdata)
    if_filter_bw_len                         0x08007308   Data          12  tuner_e4k.o(.constdata)
    if_filter_fields                         0x08007314   Data           9  tuner_e4k.o(.constdata)
    rf_filt_center_uhf                       0x08007320   Data          64  tuner_e4k.o(.constdata)
    rf_filt_center_l                         0x08007360   Data          64  tuner_e4k.o(.constdata)
    pll_vars                                 0x080073a0   Data          80  tuner_e4k.o(.constdata)
    .constdata                               0x080073f0   Section        2  tuner_e4k.o(.constdata)
    if_stage1_gain                           0x080073f0   Data           2  tuner_e4k.o(.constdata)
    .constdata                               0x080073f2   Section        4  tuner_e4k.o(.constdata)
    if_stage23_gain                          0x080073f2   Data           4  tuner_e4k.o(.constdata)
    .constdata                               0x080073f6   Section        4  tuner_e4k.o(.constdata)
    if_stage4_gain                           0x080073f6   Data           4  tuner_e4k.o(.constdata)
    .constdata                               0x080073fa   Section        8  tuner_e4k.o(.constdata)
    if_stage56_gain                          0x080073fa   Data           8  tuner_e4k.o(.constdata)
    .constdata                               0x08007404   Section       64  tuner_e4k.o(.constdata)
    mix_filter_bw                            0x08007404   Data          64  tuner_e4k.o(.constdata)
    .constdata                               0x08007444   Section       64  tuner_e4k.o(.constdata)
    ifrc_filter_bw                           0x08007444   Data          64  tuner_e4k.o(.constdata)
    .constdata                               0x08007484   Section      128  tuner_e4k.o(.constdata)
    ifch_filter_bw                           0x08007484   Data         128  tuner_e4k.o(.constdata)
    .constdata                               0x08007504   Section       64  usbh_rtlsdr.o(.constdata)
    RTLSDR_FIR                               0x08007504   Data          64  usbh_rtlsdr.o(.constdata)
    .constdata                               0x08007544   Section     1140  font12.o(.constdata)
    .constdata                               0x080079b8   Section     3040  font16.o(.constdata)
    .constdata                               0x08008598   Section        4  xpt2046_touch.o(.constdata)
    cmd_read_x                               0x08008598   Data           1  xpt2046_touch.o(.constdata)
    cmd_read_y                               0x08008599   Data           1  xpt2046_touch.o(.constdata)
    zeroes_tx                                0x0800859a   Data           2  xpt2046_touch.o(.constdata)
    .conststring                             0x0800859c   Section       66  usbh_core.o(.conststring)
    .conststring                             0x080085e0   Section        4  tuner_e4k.o(.conststring)
    .conststring                             0x080085e4   Section        7  usbh_rtlsdr.o(.conststring)
    .data                                    0x20000000   Section       32  main.o(.data)
    .data                                    0x20000020   Section        8  stm32f4xx_hal_msp.o(.data)
    FSMC_Initialized                         0x20000020   Data           4  stm32f4xx_hal_msp.o(.data)
    FSMC_DeInitialized                       0x20000024   Data           4  stm32f4xx_hal_msp.o(.data)
    .data                                    0x20000028   Section       12  stm32f4xx_hal.o(.data)
    .data                                    0x20000034   Section        4  system_stm32f4xx.o(.data)
    .data                                    0x20000038   Section       20  tuner_e4k.o(.data)
    .data                                    0x2000004c   Section       40  tuner_e4k.o(.data)
    if_stage_gain                            0x2000004c   Data          28  tuner_e4k.o(.data)
    if_filter_bw                             0x20000068   Data          12  tuner_e4k.o(.data)
    .data                                    0x20000074   Section       32  usbh_rtlsdr.o(.data)
    .data                                    0x20000094   Section        8  usbh_rtlsdr.o(.data)
    .data                                    0x2000009c   Section        8  font12.o(.data)
    .data                                    0x200000a4   Section        8  font16.o(.data)
    .data                                    0x200000ac   Section       32  ili9341.o(.data)
    lcdPortraitConfig                        0x200000ac   Data           1  ili9341.o(.data)
    lcdLandscapeConfig                       0x200000ad   Data           1  ili9341.o(.data)
    lcdPortraitMirrorConfig                  0x200000ae   Data           1  ili9341.o(.data)
    lcdLandscapeMirrorConfig                 0x200000af   Data           1  ili9341.o(.data)
    cursorXY                                 0x200000b0   Data           4  ili9341.o(.data)
    lcdProperties                            0x200000b4   Data           8  ili9341.o(.data)
    lcdFont                                  0x200000bc   Data          16  ili9341.o(.data)
    .data                                    0x200000cc   Section        4  stdout.o(.data)
    .data                                    0x200000d0   Section        4  mvars.o(.data)
    .data                                    0x200000d4   Section        4  mvars.o(.data)
    .bss                                     0x200000d8   Section      408  main.o(.bss)
    .bss                                     0x20000270   Section      984  usb_host.o(.bss)
    .bss                                     0x20000648   Section      772  usbh_conf.o(.bss)
    .bss                                     0x2000094c   Section      256  ili9341.o(.bss)
    buf                                      0x2000094c   Data         256  ili9341.o(.bss)
    HEAP                                     0x20000a50   Section     1024  startup_stm32f407xx.o(HEAP)
    STACK                                    0x20000e50   Section     1024  startup_stm32f407xx.o(STACK)

    Global Symbols

    Symbol Name                              Value     Ov Type        Size  Object(Section)

    BuildAttributes$$THM_ISAv4$E$P$D$K$B$S$7EM$VFPi3$EXTD16$VFPS$VFMA$PE$A:L22UL41UL21$X:L11$S22US41US21$IEEE1$IW$USESV6$~STKCKD$USESV7$~SHL$OSPACE$ROPI$EBA8$MICROLIB$REQ8$PRES8$EABIv2 0x00000000   Number         0  anon$$obj.o ABSOLUTE
    __ARM_use_no_argv                        0x00000000   Number         0  main.o ABSOLUTE
    _printf_a                                0x00000000   Number         0  stubs.o ABSOLUTE
    _printf_c                                0x00000000   Number         0  stubs.o ABSOLUTE
    _printf_charcount                        0x00000000   Number         0  stubs.o ABSOLUTE
    _printf_d                                0x00000000   Number         0  stubs.o ABSOLUTE
    _printf_e                                0x00000000   Number         0  stubs.o ABSOLUTE
    _printf_f                                0x00000000   Number         0  stubs.o ABSOLUTE
    _printf_flags                            0x00000000   Number         0  stubs.o ABSOLUTE
    _printf_fp_dec                           0x00000000   Number         0  stubs.o ABSOLUTE
    _printf_fp_hex                           0x00000000   Number         0  stubs.o ABSOLUTE
    _printf_g                                0x00000000   Number         0  stubs.o ABSOLUTE
    _printf_i                                0x00000000   Number         0  stubs.o ABSOLUTE
    _printf_int_dec                          0x00000000   Number         0  stubs.o ABSOLUTE
    _printf_l                                0x00000000   Number         0  stubs.o ABSOLUTE
    _printf_lc                               0x00000000   Number         0  stubs.o ABSOLUTE
    _printf_ll                               0x00000000   Number         0  stubs.o ABSOLUTE
    _printf_lld                              0x00000000   Number         0  stubs.o ABSOLUTE
    _printf_lli                              0x00000000   Number         0  stubs.o ABSOLUTE
    _printf_llo                              0x00000000   Number         0  stubs.o ABSOLUTE
    _printf_llu                              0x00000000   Number         0  stubs.o ABSOLUTE
    _printf_llx                              0x00000000   Number         0  stubs.o ABSOLUTE
    _printf_longlong_dec                     0x00000000   Number         0  stubs.o ABSOLUTE
    _printf_longlong_hex                     0x00000000   Number         0  stubs.o ABSOLUTE
    _printf_longlong_oct                     0x00000000   Number         0  stubs.o ABSOLUTE
    _printf_ls                               0x00000000   Number         0  stubs.o ABSOLUTE
    _printf_mbtowc                           0x00000000   Number         0  stubs.o ABSOLUTE
    _printf_n                                0x00000000   Number         0  stubs.o ABSOLUTE
    _printf_o                                0x00000000   Number         0  stubs.o ABSOLUTE
    _printf_p                                0x00000000   Number         0  stubs.o ABSOLUTE
    _printf_percent                          0x00000000   Number         0  stubs.o ABSOLUTE
    _printf_pre_padding                      0x00000000   Number         0  stubs.o ABSOLUTE
    _printf_return_value                     0x00000000   Number         0  stubs.o ABSOLUTE
    _printf_s                                0x00000000   Number         0  stubs.o ABSOLUTE
    _printf_sizespec                         0x00000000   Number         0  stubs.o ABSOLUTE
    _printf_str                              0x00000000   Number         0  stubs.o ABSOLUTE
    _printf_truncate_signed                  0x00000000   Number         0  stubs.o ABSOLUTE
    _printf_truncate_unsigned                0x00000000   Number         0  stubs.o ABSOLUTE
    _printf_u                                0x00000000   Number         0  stubs.o ABSOLUTE
    _printf_wc                               0x00000000   Number         0  stubs.o ABSOLUTE
    _printf_wctomb                           0x00000000   Number         0  stubs.o ABSOLUTE
    _printf_widthprec                        0x00000000   Number         0  stubs.o ABSOLUTE
    _printf_x                                0x00000000   Number         0  stubs.o ABSOLUTE
    __cpp_initialize__aeabi_                  - Undefined Weak Reference
    __cxa_finalize                            - Undefined Weak Reference
    __decompress                              - Undefined Weak Reference
    _clock_init                               - Undefined Weak Reference
    _microlib_exit                            - Undefined Weak Reference
    __Vectors_Size                           0x00000188   Number         0  startup_stm32f407xx.o ABSOLUTE
    __Vectors                                0x08000000   Data           4  startup_stm32f407xx.o(RESET)
    __Vectors_End                            0x08000188   Data           0  startup_stm32f407xx.o(RESET)
    __main                                   0x08000189   Thumb Code     0  entry.o(.ARM.Collect$$$$00000000)
    _main_stk                                0x08000189   Thumb Code     0  entry2.o(.ARM.Collect$$$$00000001)
    _main_scatterload                        0x0800018d   Thumb Code     0  entry5.o(.ARM.Collect$$$$00000004)
    __main_after_scatterload                 0x08000191   Thumb Code     0  entry5.o(.ARM.Collect$$$$00000004)
    _main_clock                              0x08000191   Thumb Code     0  entry7b.o(.ARM.Collect$$$$00000008)
    _main_cpp_init                           0x08000191   Thumb Code     0  entry8b.o(.ARM.Collect$$$$0000000A)
    _main_init                               0x08000191   Thumb Code     0  entry9a.o(.ARM.Collect$$$$0000000B)
    __rt_final_cpp                           0x08000199   Thumb Code     0  entry10a.o(.ARM.Collect$$$$0000000D)
    __rt_final_exit                          0x08000199   Thumb Code     0  entry11a.o(.ARM.Collect$$$$0000000F)
    Reset_Handler                            0x0800019d   Thumb Code     8  startup_stm32f407xx.o(.text)
    ADC_IRQHandler                           0x080001b7   Thumb Code     0  startup_stm32f407xx.o(.text)
    CAN1_RX0_IRQHandler                      0x080001b7   Thumb Code     0  startup_stm32f407xx.o(.text)
    CAN1_RX1_IRQHandler                      0x080001b7   Thumb Code     0  startup_stm32f407xx.o(.text)
    CAN1_SCE_IRQHandler                      0x080001b7   Thumb Code     0  startup_stm32f407xx.o(.text)
    CAN1_TX_IRQHandler                       0x080001b7   Thumb Code     0  startup_stm32f407xx.o(.text)
    CAN2_RX0_IRQHandler                      0x080001b7   Thumb Code     0  startup_stm32f407xx.o(.text)
    CAN2_RX1_IRQHandler                      0x080001b7   Thumb Code     0  startup_stm32f407xx.o(.text)
    CAN2_SCE_IRQHandler                      0x080001b7   Thumb Code     0  startup_stm32f407xx.o(.text)
    CAN2_TX_IRQHandler                       0x080001b7   Thumb Code     0  startup_stm32f407xx.o(.text)
    DCMI_IRQHandler                          0x080001b7   Thumb Code     0  startup_stm32f407xx.o(.text)
    DMA1_Stream0_IRQHandler                  0x080001b7   Thumb Code     0  startup_stm32f407xx.o(.text)
    DMA1_Stream1_IRQHandler                  0x080001b7   Thumb Code     0  startup_stm32f407xx.o(.text)
    DMA1_Stream2_IRQHandler                  0x080001b7   Thumb Code     0  startup_stm32f407xx.o(.text)
    DMA1_Stream3_IRQHandler                  0x080001b7   Thumb Code     0  startup_stm32f407xx.o(.text)
    DMA1_Stream4_IRQHandler                  0x080001b7   Thumb Code     0  startup_stm32f407xx.o(.text)
    DMA1_Stream5_IRQHandler                  0x080001b7   Thumb Code     0  startup_stm32f407xx.o(.text)
    DMA1_Stream6_IRQHandler                  0x080001b7   Thumb Code     0  startup_stm32f407xx.o(.text)
    DMA1_Stream7_IRQHandler                  0x080001b7   Thumb Code     0  startup_stm32f407xx.o(.text)
    DMA2_Stream0_IRQHandler                  0x080001b7   Thumb Code     0  startup_stm32f407xx.o(.text)
    DMA2_Stream1_IRQHandler                  0x080001b7   Thumb Code     0  startup_stm32f407xx.o(.text)
    DMA2_Stream2_IRQHandler                  0x080001b7   Thumb Code     0  startup_stm32f407xx.o(.text)
    DMA2_Stream3_IRQHandler                  0x080001b7   Thumb Code     0  startup_stm32f407xx.o(.text)
    DMA2_Stream4_IRQHandler                  0x080001b7   Thumb Code     0  startup_stm32f407xx.o(.text)
    DMA2_Stream5_IRQHandler                  0x080001b7   Thumb Code     0  startup_stm32f407xx.o(.text)
    DMA2_Stream6_IRQHandler                  0x080001b7   Thumb Code     0  startup_stm32f407xx.o(.text)
    DMA2_Stream7_IRQHandler                  0x080001b7   Thumb Code     0  startup_stm32f407xx.o(.text)
    ETH_IRQHandler                           0x080001b7   Thumb Code     0  startup_stm32f407xx.o(.text)
    ETH_WKUP_IRQHandler                      0x080001b7   Thumb Code     0  startup_stm32f407xx.o(.text)
    EXTI0_IRQHandler                         0x080001b7   Thumb Code     0  startup_stm32f407xx.o(.text)
    EXTI15_10_IRQHandler                     0x080001b7   Thumb Code     0  startup_stm32f407xx.o(.text)
    EXTI1_IRQHandler                         0x080001b7   Thumb Code     0  startup_stm32f407xx.o(.text)
    EXTI2_IRQHandler                         0x080001b7   Thumb Code     0  startup_stm32f407xx.o(.text)
    EXTI3_IRQHandler                         0x080001b7   Thumb Code     0  startup_stm32f407xx.o(.text)
    EXTI4_IRQHandler                         0x080001b7   Thumb Code     0  startup_stm32f407xx.o(.text)
    FLASH_IRQHandler                         0x080001b7   Thumb Code     0  startup_stm32f407xx.o(.text)
    FMC_IRQHandler                           0x080001b7   Thumb Code     0  startup_stm32f407xx.o(.text)
    FPU_IRQHandler                           0x080001b7   Thumb Code     0  startup_stm32f407xx.o(.text)
    HASH_RNG_IRQHandler                      0x080001b7   Thumb Code     0  startup_stm32f407xx.o(.text)
    I2C1_ER_IRQHandler                       0x080001b7   Thumb Code     0  startup_stm32f407xx.o(.text)
    I2C1_EV_IRQHandler                       0x080001b7   Thumb Code     0  startup_stm32f407xx.o(.text)
    I2C2_ER_IRQHandler                       0x080001b7   Thumb Code     0  startup_stm32f407xx.o(.text)
    I2C2_EV_IRQHandler                       0x080001b7   Thumb Code     0  startup_stm32f407xx.o(.text)
    I2C3_ER_IRQHandler                       0x080001b7   Thumb Code     0  startup_stm32f407xx.o(.text)
    I2C3_EV_IRQHandler                       0x080001b7   Thumb Code     0  startup_stm32f407xx.o(.text)
    OTG_FS_WKUP_IRQHandler                   0x080001b7   Thumb Code     0  startup_stm32f407xx.o(.text)
    OTG_HS_EP1_IN_IRQHandler                 0x080001b7   Thumb Code     0  startup_stm32f407xx.o(.text)
    OTG_HS_EP1_OUT_IRQHandler                0x080001b7   Thumb Code     0  startup_stm32f407xx.o(.text)
    OTG_HS_IRQHandler                        0x080001b7   Thumb Code     0  startup_stm32f407xx.o(.text)
    OTG_HS_WKUP_IRQHandler                   0x080001b7   Thumb Code     0  startup_stm32f407xx.o(.text)
    PVD_IRQHandler                           0x080001b7   Thumb Code     0  startup_stm32f407xx.o(.text)
    RCC_IRQHandler                           0x080001b7   Thumb Code     0  startup_stm32f407xx.o(.text)
    RTC_Alarm_IRQHandler                     0x080001b7   Thumb Code     0  startup_stm32f407xx.o(.text)
    RTC_WKUP_IRQHandler                      0x080001b7   Thumb Code     0  startup_stm32f407xx.o(.text)
    SDIO_IRQHandler                          0x080001b7   Thumb Code     0  startup_stm32f407xx.o(.text)
    SPI1_IRQHandler                          0x080001b7   Thumb Code     0  startup_stm32f407xx.o(.text)
    SPI2_IRQHandler                          0x080001b7   Thumb Code     0  startup_stm32f407xx.o(.text)
    SPI3_IRQHandler                          0x080001b7   Thumb Code     0  startup_stm32f407xx.o(.text)
    TAMP_STAMP_IRQHandler                    0x080001b7   Thumb Code     0  startup_stm32f407xx.o(.text)
    TIM1_BRK_TIM9_IRQHandler                 0x080001b7   Thumb Code     0  startup_stm32f407xx.o(.text)
    TIM1_CC_IRQHandler                       0x080001b7   Thumb Code     0  startup_stm32f407xx.o(.text)
    TIM1_TRG_COM_TIM11_IRQHandler            0x080001b7   Thumb Code     0  startup_stm32f407xx.o(.text)
    TIM1_UP_TIM10_IRQHandler                 0x080001b7   Thumb Code     0  startup_stm32f407xx.o(.text)
    TIM2_IRQHandler                          0x080001b7   Thumb Code     0  startup_stm32f407xx.o(.text)
    TIM3_IRQHandler                          0x080001b7   Thumb Code     0  startup_stm32f407xx.o(.text)
    TIM4_IRQHandler                          0x080001b7   Thumb Code     0  startup_stm32f407xx.o(.text)
    TIM5_IRQHandler                          0x080001b7   Thumb Code     0  startup_stm32f407xx.o(.text)
    TIM6_DAC_IRQHandler                      0x080001b7   Thumb Code     0  startup_stm32f407xx.o(.text)
    TIM7_IRQHandler                          0x080001b7   Thumb Code     0  startup_stm32f407xx.o(.text)
    TIM8_BRK_TIM12_IRQHandler                0x080001b7   Thumb Code     0  startup_stm32f407xx.o(.text)
    TIM8_CC_IRQHandler                       0x080001b7   Thumb Code     0  startup_stm32f407xx.o(.text)
    TIM8_TRG_COM_TIM14_IRQHandler            0x080001b7   Thumb Code     0  startup_stm32f407xx.o(.text)
    TIM8_UP_TIM13_IRQHandler                 0x080001b7   Thumb Code     0  startup_stm32f407xx.o(.text)
    UART4_IRQHandler                         0x080001b7   Thumb Code     0  startup_stm32f407xx.o(.text)
    UART5_IRQHandler                         0x080001b7   Thumb Code     0  startup_stm32f407xx.o(.text)
    USART1_IRQHandler                        0x080001b7   Thumb Code     0  startup_stm32f407xx.o(.text)
    USART2_IRQHandler                        0x080001b7   Thumb Code     0  startup_stm32f407xx.o(.text)
    USART3_IRQHandler                        0x080001b7   Thumb Code     0  startup_stm32f407xx.o(.text)
    USART6_IRQHandler                        0x080001b7   Thumb Code     0  startup_stm32f407xx.o(.text)
    WWDG_IRQHandler                          0x080001b7   Thumb Code     0  startup_stm32f407xx.o(.text)
    __aeabi_uldivmod                         0x080001c1   Thumb Code    98  uldiv.o(.text)
    __aeabi_memcpy                           0x08000223   Thumb Code    36  memcpya.o(.text)
    __aeabi_memcpy4                          0x08000223   Thumb Code     0  memcpya.o(.text)
    __aeabi_memcpy8                          0x08000223   Thumb Code     0  memcpya.o(.text)
    __aeabi_memset                           0x08000247   Thumb Code    14  memseta.o(.text)
    __aeabi_memset4                          0x08000247   Thumb Code     0  memseta.o(.text)
    __aeabi_memset8                          0x08000247   Thumb Code     0  memseta.o(.text)
    __aeabi_memclr                           0x08000255   Thumb Code     4  memseta.o(.text)
    __aeabi_memclr4                          0x08000255   Thumb Code     0  memseta.o(.text)
    __aeabi_memclr8                          0x08000255   Thumb Code     0  memseta.o(.text)
    _memset$wrapper                          0x08000259   Thumb Code    18  memseta.o(.text)
    __aeabi_ddiv                             0x0800026b   Thumb Code   222  ddiv.o(.text)
    __aeabi_ui2d                             0x08000349   Thumb Code    26  dfltui.o(.text)
    __aeabi_d2uiz                            0x08000363   Thumb Code    50  dfixui.o(.text)
    __aeabi_cdcmpeq                          0x08000395   Thumb Code     0  cdcmple.o(.text)
    __aeabi_cdcmple                          0x08000395   Thumb Code    48  cdcmple.o(.text)
    __aeabi_uidiv                            0x080003c5   Thumb Code     0  uidiv.o(.text)
    __aeabi_uidivmod                         0x080003c5   Thumb Code    44  uidiv.o(.text)
    __aeabi_llsl                             0x080003f1   Thumb Code    30  llshl.o(.text)
    _ll_shift_l                              0x080003f1   Thumb Code     0  llshl.o(.text)
    __aeabi_llsr                             0x0800040f   Thumb Code    32  llushr.o(.text)
    _ll_ushift_r                             0x0800040f   Thumb Code     0  llushr.o(.text)
    __I$use$fp                               0x0800042f   Thumb Code     0  iusefp.o(.text)
    _double_round                            0x0800042f   Thumb Code    30  depilogue.o(.text)
    _double_epilogue                         0x0800044d   Thumb Code   156  depilogue.o(.text)
    __aeabi_dadd                             0x080004e9   Thumb Code   322  dadd.o(.text)
    __aeabi_dsub                             0x0800062b   Thumb Code     6  dadd.o(.text)
    __aeabi_drsub                            0x08000631   Thumb Code     6  dadd.o(.text)
    __aeabi_dmul                             0x08000637   Thumb Code   228  dmul.o(.text)
    __aeabi_d2ulz                            0x0800071b   Thumb Code    48  dfixul.o(.text)
    __aeabi_cdrcmple                         0x0800074d   Thumb Code    48  cdrcmple.o(.text)
    __scatterload                            0x0800077d   Thumb Code    28  init.o(.text)
    __scatterload_rt2                        0x0800077d   Thumb Code     0  init.o(.text)
    __aeabi_lasr                             0x080007a1   Thumb Code    36  llsshr.o(.text)
    _ll_sshift_r                             0x080007a1   Thumb Code     0  llsshr.o(.text)
    BSP_LED_Off                              0x080007c5   Thumb Code    18  main.o(i.BSP_LED_Off)
    BSP_LED_On                               0x080007e1   Thumb Code    18  main.o(i.BSP_LED_On)
    BSP_LED_Toggle                           0x080007fd   Thumb Code    16  main.o(i.BSP_LED_Toggle)
    BusFault_Handler                         0x08000815   Thumb Code     2  stm32f4xx_it.o(i.BusFault_Handler)
    DebugMon_Handler                         0x08000869   Thumb Code     2  stm32f4xx_it.o(i.DebugMon_Handler)
    E4K_Init                                 0x0800086d   Thumb Code    56  tuner_e4k.o(i.E4K_Init)
    E4K_InitProcess                          0x080008a9   Thumb Code   398  tuner_e4k.o(i.E4K_InitProcess)
    E4K_SetBW                                0x08000a95   Thumb Code    84  tuner_e4k.o(i.E4K_SetBW)
    E4K_band_set                             0x08000ae9   Thumb Code   132  tuner_e4k.o(i.E4K_band_set)
    E4K_compute_pll_params                   0x08000b6d   Thumb Code   200  tuner_e4k.o(i.E4K_compute_pll_params)
    E4K_enable_manual_gain                   0x08000c59   Thumb Code   136  tuner_e4k.o(i.E4K_enable_manual_gain)
    E4K_field_write                          0x08000ce1   Thumb Code    28  tuner_e4k.o(i.E4K_field_write)
    E4K_if_filter_bw_set                     0x08000d01   Thumb Code   134  tuner_e4k.o(i.E4K_if_filter_bw_set)
    E4K_if_filter_chan_enable                0x08000df5   Thumb Code    16  tuner_e4k.o(i.E4K_if_filter_chan_enable)
    E4K_if_gain_set                          0x08000e05   Thumb Code    94  tuner_e4k.o(i.E4K_if_gain_set)
    E4K_reg_read                             0x08000e69   Thumb Code     8  tuner_e4k.o(i.E4K_reg_read)
    E4K_reg_set_mask                         0x08000e71   Thumb Code    82  tuner_e4k.o(i.E4K_reg_set_mask)
    E4K_reg_write                            0x08000ec3   Thumb Code    10  tuner_e4k.o(i.E4K_reg_write)
    E4K_rf_filter_set                        0x08000ecd   Thumb Code    40  tuner_e4k.o(i.E4K_rf_filter_set)
    E4K_tune_freq                            0x08000ef5   Thumb Code   134  tuner_e4k.o(i.E4K_tune_freq)
    E4K_tune_params                          0x08000fc1   Thumb Code   178  tuner_e4k.o(i.E4K_tune_params)
    EXTI9_5_IRQHandler                       0x08001081   Thumb Code     6  stm32f4xx_it.o(i.EXTI9_5_IRQHandler)
    Error_Handler                            0x08001087   Thumb Code    46  main.o(i.Error_Handler)
    FSMC_NORSRAM_Extended_Timing_Init        0x080010b5   Thumb Code    56  stm32f4xx_ll_fsmc.o(i.FSMC_NORSRAM_Extended_Timing_Init)
    FSMC_NORSRAM_Init                        0x080010f1   Thumb Code    98  stm32f4xx_ll_fsmc.o(i.FSMC_NORSRAM_Init)
    FSMC_NORSRAM_Timing_Init                 0x08001159   Thumb Code    64  stm32f4xx_ll_fsmc.o(i.FSMC_NORSRAM_Timing_Init)
    HAL_Delay                                0x0800119d   Thumb Code    32  stm32f4xx_hal.o(i.HAL_Delay)
    HAL_GPIO_EXTI_Callback                   0x08001235   Thumb Code    52  main.o(i.HAL_GPIO_EXTI_Callback)
    HAL_GPIO_EXTI_IRQHandler                 0x0800126d   Thumb Code    18  stm32f4xx_hal_gpio.o(i.HAL_GPIO_EXTI_IRQHandler)
    HAL_GPIO_Init                            0x08001285   Thumb Code   450  stm32f4xx_hal_gpio.o(i.HAL_GPIO_Init)
    HAL_GPIO_ReadPin                         0x08001475   Thumb Code    10  stm32f4xx_hal_gpio.o(i.HAL_GPIO_ReadPin)
    HAL_GPIO_TogglePin                       0x0800147f   Thumb Code    16  stm32f4xx_hal_gpio.o(i.HAL_GPIO_TogglePin)
    HAL_GPIO_WritePin                        0x0800148f   Thumb Code    10  stm32f4xx_hal_gpio.o(i.HAL_GPIO_WritePin)
    HAL_GetTick                              0x08001499   Thumb Code     6  stm32f4xx_hal.o(i.HAL_GetTick)
    HAL_HCD_Connect_Callback                 0x080014a5   Thumb Code     8  usbh_conf.o(i.HAL_HCD_Connect_Callback)
    HAL_HCD_Disconnect_Callback              0x080014ad   Thumb Code     8  usbh_conf.o(i.HAL_HCD_Disconnect_Callback)
    HAL_HCD_GetCurrentFrame                  0x080014b5   Thumb Code     6  stm32f4xx_hal_hcd.o(i.HAL_HCD_GetCurrentFrame)
    HAL_HCD_GetCurrentSpeed                  0x080014bb   Thumb Code     6  stm32f4xx_hal_hcd.o(i.HAL_HCD_GetCurrentSpeed)
    HAL_HCD_HC_GetURBState                   0x080014c1   Thumb Code    18  stm32f4xx_hal_hcd.o(i.HAL_HCD_HC_GetURBState)
    HAL_HCD_HC_Halt                          0x080014d3   Thumb Code    36  stm32f4xx_hal_hcd.o(i.HAL_HCD_HC_Halt)
    HAL_HCD_HC_Init                          0x080014f7   Thumb Code   118  stm32f4xx_hal_hcd.o(i.HAL_HCD_HC_Init)
    HAL_HCD_HC_NotifyURBChange_Callback      0x0800156d   Thumb Code     2  usbh_conf.o(i.HAL_HCD_HC_NotifyURBChange_Callback)
    HAL_HCD_HC_SubmitRequest                 0x0800156f   Thumb Code   154  stm32f4xx_hal_hcd.o(i.HAL_HCD_HC_SubmitRequest)
    HAL_HCD_IRQHandler                       0x08001609   Thumb Code   314  stm32f4xx_hal_hcd.o(i.HAL_HCD_IRQHandler)
    HAL_HCD_Init                             0x08001743   Thumb Code   114  stm32f4xx_hal_hcd.o(i.HAL_HCD_Init)
    HAL_HCD_MspInit                          0x080017b5   Thumb Code   122  usbh_conf.o(i.HAL_HCD_MspInit)
    HAL_HCD_PortDisabled_Callback            0x08001839   Thumb Code     8  usbh_conf.o(i.HAL_HCD_PortDisabled_Callback)
    HAL_HCD_PortEnabled_Callback             0x08001841   Thumb Code     8  usbh_conf.o(i.HAL_HCD_PortEnabled_Callback)
    HAL_HCD_ResetPort                        0x08001849   Thumb Code     6  stm32f4xx_hal_hcd.o(i.HAL_HCD_ResetPort)
    HAL_HCD_SOF_Callback                     0x0800184f   Thumb Code     8  usbh_conf.o(i.HAL_HCD_SOF_Callback)
    HAL_HCD_Start                            0x08001857   Thumb Code    44  stm32f4xx_hal_hcd.o(i.HAL_HCD_Start)
    HAL_HCD_Stop                             0x08001883   Thumb Code    36  stm32f4xx_hal_hcd.o(i.HAL_HCD_Stop)
    HAL_IncTick                              0x080018a9   Thumb Code    12  stm32f4xx_hal.o(i.HAL_IncTick)
    HAL_Init                                 0x080018b9   Thumb Code    48  stm32f4xx_hal.o(i.HAL_Init)
    HAL_InitTick                             0x080018ed   Thumb Code    54  stm32f4xx_hal.o(i.HAL_InitTick)
    HAL_MspInit                              0x0800192d   Thumb Code    42  stm32f4xx_hal_msp.o(i.HAL_MspInit)
    HAL_NVIC_EnableIRQ                       0x0800195d   Thumb Code    26  stm32f4xx_hal_cortex.o(i.HAL_NVIC_EnableIRQ)
    HAL_NVIC_SetPriority                     0x08001979   Thumb Code    60  stm32f4xx_hal_cortex.o(i.HAL_NVIC_SetPriority)
    HAL_NVIC_SetPriorityGrouping             0x080019b9   Thumb Code    26  stm32f4xx_hal_cortex.o(i.HAL_NVIC_SetPriorityGrouping)
    HAL_RCC_ClockConfig                      0x080019dd   Thumb Code   288  stm32f4xx_hal_rcc.o(i.HAL_RCC_ClockConfig)
    HAL_RCC_GetPCLK1Freq                     0x08001b11   Thumb Code    20  stm32f4xx_hal_rcc.o(i.HAL_RCC_GetPCLK1Freq)
    HAL_RCC_GetPCLK2Freq                     0x08001b31   Thumb Code    20  stm32f4xx_hal_rcc.o(i.HAL_RCC_GetPCLK2Freq)
    HAL_RCC_GetSysClockFreq                  0x08001b51   Thumb Code    88  stm32f4xx_hal_rcc.o(i.HAL_RCC_GetSysClockFreq)
    HAL_RCC_OscConfig                        0x08001bb1   Thumb Code   856  stm32f4xx_hal_rcc.o(i.HAL_RCC_OscConfig)
    HAL_SPI_Init                             0x08001f1d   Thumb Code   188  stm32f4xx_hal_spi.o(i.HAL_SPI_Init)
    HAL_SPI_MspInit                          0x08001fd9   Thumb Code    94  stm32f4xx_hal_msp.o(i.HAL_SPI_MspInit)
    HAL_SPI_Transmit                         0x08002045   Thumb Code   358  stm32f4xx_hal_spi.o(i.HAL_SPI_Transmit)
    HAL_SPI_TransmitReceive                  0x080021ab   Thumb Code   482  stm32f4xx_hal_spi.o(i.HAL_SPI_TransmitReceive)
    HAL_SRAM_Init                            0x0800238d   Thumb Code    92  stm32f4xx_hal_sram.o(i.HAL_SRAM_Init)
    HAL_SRAM_MspInit                         0x080023e9   Thumb Code     4  stm32f4xx_hal_msp.o(i.HAL_SRAM_MspInit)
    HAL_SYSTICK_Config                       0x080023ed   Thumb Code    40  stm32f4xx_hal_cortex.o(i.HAL_SYSTICK_Config)
    HAL_TIMEx_MasterConfigSynchronization    0x08002415   Thumb Code   116  stm32f4xx_hal_tim_ex.o(i.HAL_TIMEx_MasterConfigSynchronization)
    HAL_TIM_Base_Init                        0x080024a5   Thumb Code    90  stm32f4xx_hal_tim.o(i.HAL_TIM_Base_Init)
    HAL_TIM_Base_MspInit                     0x08002501   Thumb Code    30  stm32f4xx_hal_msp.o(i.HAL_TIM_Base_MspInit)
    HAL_TIM_Base_Start                       0x08002529   Thumb Code    90  stm32f4xx_hal_tim.o(i.HAL_TIM_Base_Start)
    HAL_TIM_ConfigClockSource                0x080025a1   Thumb Code   220  stm32f4xx_hal_tim.o(i.HAL_TIM_ConfigClockSource)
    HAL_TIM_OC_ConfigChannel                 0x0800267d   Thumb Code    82  stm32f4xx_hal_tim.o(i.HAL_TIM_OC_ConfigChannel)
    HAL_TIM_OC_Init                          0x080026cf   Thumb Code    90  stm32f4xx_hal_tim.o(i.HAL_TIM_OC_Init)
    HAL_TIM_OC_MspInit                       0x08002729   Thumb Code     2  stm32f4xx_hal_tim.o(i.HAL_TIM_OC_MspInit)
    HAL_UART_Init                            0x0800272b   Thumb Code    98  stm32f4xx_hal_uart.o(i.HAL_UART_Init)
    HAL_UART_MspInit                         0x0800278d   Thumb Code    94  stm32f4xx_hal_msp.o(i.HAL_UART_MspInit)
    HAL_UART_Transmit                        0x080027f9   Thumb Code   178  stm32f4xx_hal_uart.o(i.HAL_UART_Transmit)
    HardFault_Handler                        0x08002dd1   Thumb Code     2  stm32f4xx_it.o(i.HardFault_Handler)
    MemManage_Handler                        0x08003031   Thumb Code     2  stm32f4xx_it.o(i.MemManage_Handler)
    NMI_Handler                              0x08003033   Thumb Code     2  stm32f4xx_it.o(i.NMI_Handler)
    OTG_FS_IRQHandler                        0x08003035   Thumb Code     6  stm32f4xx_it.o(i.OTG_FS_IRQHandler)
    PendSV_Handler                           0x08003041   Thumb Code     2  stm32f4xx_it.o(i.PendSV_Handler)
    RTLSDR_demod_read_reg                    0x080030f9   Thumb Code    58  usbh_rtlsdr.o(i.RTLSDR_demod_read_reg)
    RTLSDR_demod_write_reg                   0x08003133   Thumb Code   136  usbh_rtlsdr.o(i.RTLSDR_demod_write_reg)
    RTLSDR_i2c_read_reg                      0x080031bb   Thumb Code   100  usbh_rtlsdr.o(i.RTLSDR_i2c_read_reg)
    RTLSDR_i2c_write_reg                     0x0800321f   Thumb Code    38  usbh_rtlsdr.o(i.RTLSDR_i2c_write_reg)
    RTLSDR_probe_tuners                      0x08003245   Thumb Code   346  usbh_rtlsdr.o(i.RTLSDR_probe_tuners)
    RTLSDR_read_array                        0x080034c5   Thumb Code    48  usbh_rtlsdr.o(i.RTLSDR_read_array)
    RTLSDR_set_fir                           0x080034f5   Thumb Code   260  usbh_rtlsdr.o(i.RTLSDR_set_fir)
    RTLSDR_set_i2c_repeater                  0x08003629   Thumb Code    24  usbh_rtlsdr.o(i.RTLSDR_set_i2c_repeater)
    RTLSDR_set_sample_rate                   0x08003641   Thumb Code   412  usbh_rtlsdr.o(i.RTLSDR_set_sample_rate)
    RTLSDR_set_test_mode                     0x08003871   Thumb Code    24  usbh_rtlsdr.o(i.RTLSDR_set_test_mode)
    RTLSDR_write_array                       0x08003889   Thumb Code    54  usbh_rtlsdr.o(i.RTLSDR_write_array)
    RTLSDR_write_reg                         0x080038bf   Thumb Code    74  usbh_rtlsdr.o(i.RTLSDR_write_reg)
    SVC_Handler                              0x08003a19   Thumb Code     2  stm32f4xx_it.o(i.SVC_Handler)
    SysTick_Handler                          0x08003a1b   Thumb Code     4  stm32f4xx_it.o(i.SysTick_Handler)
    SystemClock_Config                       0x08003a21   Thumb Code   134  main.o(i.SystemClock_Config)
    SystemInit                               0x08003ab1   Thumb Code    12  system_stm32f4xx.o(i.SystemInit)
    TIM_Base_SetConfig                       0x08003ac1   Thumb Code   156  stm32f4xx_hal_tim.o(i.TIM_Base_SetConfig)
    TIM_ETR_SetConfig                        0x08003b89   Thumb Code    20  stm32f4xx_hal_tim.o(i.TIM_ETR_SetConfig)
    TIM_OC2_SetConfig                        0x08003c0d   Thumb Code    98  stm32f4xx_hal_tim.o(i.TIM_OC2_SetConfig)
    USBH_AllocPipe                           0x08003efd   Thumb Code    56  usbh_pipes.o(i.USBH_AllocPipe)
    USBH_BulkReceiveData                     0x08003f35   Thumb Code    32  usbh_ioreq.o(i.USBH_BulkReceiveData)
    USBH_ClosePipe                           0x08003f55   Thumb Code    10  usbh_pipes.o(i.USBH_ClosePipe)
    USBH_CtlReceiveData                      0x08003f5f   Thumb Code    30  usbh_ioreq.o(i.USBH_CtlReceiveData)
    USBH_CtlReq                              0x08003f7d   Thumb Code    58  usbh_ctlreq.o(i.USBH_CtlReq)
    USBH_CtlSendData                         0x08003fb7   Thumb Code    40  usbh_ioreq.o(i.USBH_CtlSendData)
    USBH_CtlSendSetup                        0x08003fdf   Thumb Code    30  usbh_ioreq.o(i.USBH_CtlSendSetup)
    USBH_Delay                               0x08003ffd   Thumb Code     4  usbh_conf.o(i.USBH_Delay)
    USBH_FindInterface                       0x08004001   Thumb Code    68  usbh_core.o(i.USBH_FindInterface)
    USBH_FreePipe                            0x08004045   Thumb Code    24  usbh_pipes.o(i.USBH_FreePipe)
    USBH_GetDescriptor                       0x0800405d   Thumb Code    52  usbh_ctlreq.o(i.USBH_GetDescriptor)
    USBH_GetNextDesc                         0x08004091   Thumb Code    14  usbh_ctlreq.o(i.USBH_GetNextDesc)
    USBH_Get_CfgDesc                         0x0800409f   Thumb Code    44  usbh_ctlreq.o(i.USBH_Get_CfgDesc)
    USBH_Get_DevDesc                         0x080040cb   Thumb Code   168  usbh_ctlreq.o(i.USBH_Get_DevDesc)
    USBH_Get_StringDesc                      0x08004173   Thumb Code    72  usbh_ctlreq.o(i.USBH_Get_StringDesc)
    USBH_Get_USB_Status                      0x080041bb   Thumb Code    24  usbh_conf.o(i.USBH_Get_USB_Status)
    USBH_Init                                0x0800477d   Thumb Code    72  usbh_core.o(i.USBH_Init)
    USBH_LL_ClosePipe                        0x080047e5   Thumb Code    18  usbh_conf.o(i.USBH_LL_ClosePipe)
    USBH_LL_Connect                          0x080047f7   Thumb Code    20  usbh_core.o(i.USBH_LL_Connect)
    USBH_LL_Disconnect                       0x0800480b   Thumb Code    46  usbh_core.o(i.USBH_LL_Disconnect)
    USBH_LL_DriverVBUS                       0x08004839   Thumb Code    12  usbh_conf.o(i.USBH_LL_DriverVBUS)
    USBH_LL_GetSpeed                         0x08004845   Thumb Code    34  usbh_conf.o(i.USBH_LL_GetSpeed)
    USBH_LL_GetURBState                      0x08004867   Thumb Code     8  usbh_conf.o(i.USBH_LL_GetURBState)
    USBH_LL_IncTimer                         0x0800486f   Thumb Code    30  usbh_core.o(i.USBH_LL_IncTimer)
    USBH_LL_Init                             0x0800488d   Thumb Code    66  usbh_conf.o(i.USBH_LL_Init)
    USBH_LL_OpenPipe                         0x080048d5   Thumb Code    28  usbh_conf.o(i.USBH_LL_OpenPipe)
    USBH_LL_PortDisabled                     0x080048f1   Thumb Code     8  usbh_core.o(i.USBH_LL_PortDisabled)
    USBH_LL_PortEnabled                      0x080048f9   Thumb Code     8  usbh_core.o(i.USBH_LL_PortEnabled)
    USBH_LL_ResetPort                        0x08004901   Thumb Code    18  usbh_conf.o(i.USBH_LL_ResetPort)
    USBH_LL_SetTimer                         0x08004913   Thumb Code     6  usbh_core.o(i.USBH_LL_SetTimer)
    USBH_LL_SetToggle                        0x08004919   Thumb Code    36  usbh_conf.o(i.USBH_LL_SetToggle)
    USBH_LL_Start                            0x0800493d   Thumb Code    18  usbh_conf.o(i.USBH_LL_Start)
    USBH_LL_Stop                             0x0800494f   Thumb Code    18  usbh_conf.o(i.USBH_LL_Stop)
    USBH_LL_SubmitURB                        0x08004961   Thumb Code    34  usbh_conf.o(i.USBH_LL_SubmitURB)
    USBH_OpenPipe                            0x08004983   Thumb Code    20  usbh_pipes.o(i.USBH_OpenPipe)
    USBH_Process                             0x08004b55   Thumb Code   750  usbh_core.o(i.USBH_Process)
    USBH_RegisterClass                       0x08005559   Thumb Code    58  usbh_core.o(i.USBH_RegisterClass)
    USBH_SelectInterface                     0x080055d5   Thumb Code   120  usbh_core.o(i.USBH_SelectInterface)
    USBH_SetAddress                          0x080056c9   Thumb Code    28  usbh_ctlreq.o(i.USBH_SetAddress)
    USBH_SetCfg                              0x080056e5   Thumb Code    28  usbh_ctlreq.o(i.USBH_SetCfg)
    USBH_SetFeature                          0x08005701   Thumb Code    28  usbh_ctlreq.o(i.USBH_SetFeature)
    USBH_Start                               0x0800571d   Thumb Code    20  usbh_core.o(i.USBH_Start)
    USB_CoreInit                             0x08005875   Thumb Code   112  stm32f4xx_ll_usb.o(i.USB_CoreInit)
    USB_DisableGlobalInt                     0x08005929   Thumb Code    12  stm32f4xx_ll_usb.o(i.USB_DisableGlobalInt)
    USB_DoPing                               0x08005935   Thumb Code    30  stm32f4xx_ll_usb.o(i.USB_DoPing)
    USB_DriveVbus                            0x08005959   Thumb Code    44  stm32f4xx_ll_usb.o(i.USB_DriveVbus)
    USB_EnableGlobalInt                      0x08005985   Thumb Code    12  stm32f4xx_ll_usb.o(i.USB_EnableGlobalInt)
    USB_FlushRxFifo                          0x08005991   Thumb Code    54  stm32f4xx_ll_usb.o(i.USB_FlushRxFifo)
    USB_FlushTxFifo                          0x080059cd   Thumb Code    58  stm32f4xx_ll_usb.o(i.USB_FlushTxFifo)
    USB_GetCurrentFrame                      0x08005a0d   Thumb Code     8  stm32f4xx_ll_usb.o(i.USB_GetCurrentFrame)
    USB_GetHostSpeed                         0x08005a15   Thumb Code    14  stm32f4xx_ll_usb.o(i.USB_GetHostSpeed)
    USB_GetMode                              0x08005a23   Thumb Code     8  stm32f4xx_ll_usb.o(i.USB_GetMode)
    USB_HC_Halt                              0x08005a2b   Thumb Code   196  stm32f4xx_ll_usb.o(i.USB_HC_Halt)
    USB_HC_Init                              0x08005af1   Thumb Code   266  stm32f4xx_ll_usb.o(i.USB_HC_Init)
    USB_HC_ReadInterrupt                     0x08005bfb   Thumb Code     8  stm32f4xx_ll_usb.o(i.USB_HC_ReadInterrupt)
    USB_HC_StartXfer                         0x08005c03   Thumb Code   320  stm32f4xx_ll_usb.o(i.USB_HC_StartXfer)
    USB_HostInit                             0x08005d45   Thumb Code   188  stm32f4xx_ll_usb.o(i.USB_HostInit)
    USB_InitFSLSPClkSel                      0x08005e15   Thumb Code    54  stm32f4xx_ll_usb.o(i.USB_InitFSLSPClkSel)
    USB_ReadInterrupts                       0x08005e4b   Thumb Code     8  stm32f4xx_ll_usb.o(i.USB_ReadInterrupts)
    USB_ReadPacket                           0x08005e53   Thumb Code    62  stm32f4xx_ll_usb.o(i.USB_ReadPacket)
    USB_ResetPort                            0x08005e91   Thumb Code    50  stm32f4xx_ll_usb.o(i.USB_ResetPort)
    USB_SetCurrentMode                       0x08005ec3   Thumb Code    92  stm32f4xx_ll_usb.o(i.USB_SetCurrentMode)
    USB_StopHost                             0x08005f1f   Thumb Code   138  stm32f4xx_ll_usb.o(i.USB_StopHost)
    USB_WritePacket                          0x08005fa9   Thumb Code    40  stm32f4xx_ll_usb.o(i.USB_WritePacket)
    UsageFault_Handler                       0x08005fd1   Thumb Code     2  stm32f4xx_it.o(i.UsageFault_Handler)
    XPT2046_TouchGetCoordinates              0x08005fd5   Thumb Code   256  xpt2046_touch.o(i.XPT2046_TouchGetCoordinates)
    XPT2046_TouchPressed                     0x080060e1   Thumb Code    20  xpt2046_touch.o(i.XPT2046_TouchPressed)
    __0printf                                0x080060f9   Thumb Code    22  printfa.o(i.__0printf)
    __1printf                                0x080060f9   Thumb Code     0  printfa.o(i.__0printf)
    __2printf                                0x080060f9   Thumb Code     0  printfa.o(i.__0printf)
    __c89printf                              0x080060f9   Thumb Code     0  printfa.o(i.__0printf)
    printf                                   0x080060f9   Thumb Code     0  printfa.o(i.__0printf)
    __0vsprintf                              0x08006119   Thumb Code    30  printfa.o(i.__0vsprintf)
    __1vsprintf                              0x08006119   Thumb Code     0  printfa.o(i.__0vsprintf)
    __2vsprintf                              0x08006119   Thumb Code     0  printfa.o(i.__0vsprintf)
    __c89vsprintf                            0x08006119   Thumb Code     0  printfa.o(i.__0vsprintf)
    vsprintf                                 0x08006119   Thumb Code     0  printfa.o(i.__0vsprintf)
    __scatterload_copy                       0x0800615d   Thumb Code    14  handlers.o(i.__scatterload_copy)
    __scatterload_null                       0x0800616b   Thumb Code     2  handlers.o(i.__scatterload_null)
    __scatterload_zeroinit                   0x0800616d   Thumb Code    14  handlers.o(i.__scatterload_zeroinit)
    fputc                                    0x08006b45   Thumb Code    20  main.o(i.fputc)
    free                                     0x08006b5d   Thumb Code    76  malloc.o(i.free)
    lcdBacklightOn                           0x08006bad   Thumb Code    10  ili9341.o(i.lcdBacklightOn)
    lcdDrawChar                              0x08006bed   Thumb Code   192  ili9341.o(i.lcdDrawChar)
    lcdDrawHLine                             0x08006cb1   Thumb Code    60  ili9341.o(i.lcdDrawHLine)
    lcdDrawPixel                             0x08006cf5   Thumb Code    32  ili9341.o(i.lcdDrawPixel)
    lcdFillRGB                               0x08006d1d   Thumb Code    44  ili9341.o(i.lcdFillRGB)
    lcdFillRect                              0x08006d51   Thumb Code    80  ili9341.o(i.lcdFillRect)
    lcdInit                                  0x08006da5   Thumb Code   468  ili9341.o(i.lcdInit)
    lcdPrintf                                0x08006f81   Thumb Code   162  ili9341.o(i.lcdPrintf)
    lcdSetCursor                             0x0800702d   Thumb Code    14  ili9341.o(i.lcdSetCursor)
    lcdSetOrientation                        0x08007041   Thumb Code    88  ili9341.o(i.lcdSetOrientation)
    lcdSetTextColor                          0x080070a1   Thumb Code     8  ili9341.o(i.lcdSetTextColor)
    lcdSetTextFont                           0x080070ad   Thumb Code     6  ili9341.o(i.lcdSetTextFont)
    lcdSetWindow                             0x080070b9   Thumb Code    54  ili9341.o(i.lcdSetWindow)
    main                                     0x080070f5   Thumb Code   264  main.o(i.main)
    malloc                                   0x08007245   Thumb Code    92  malloc.o(i.malloc)
    unsigned_delta                           0x080072b1   Thumb Code    12  tuner_e4k.o(i.unsigned_delta)
    GPIO_PIN                                 0x080072bc   Data           4  main.o(.constdata)
    BUTTON_PIN                               0x080072c0   Data           6  main.o(.constdata)
    AHBPrescTable                            0x080072c6   Data          16  system_stm32f4xx.o(.constdata)
    APBPrescTable                            0x080072d6   Data           8  system_stm32f4xx.o(.constdata)
    Font12_Table                             0x08007544   Data        1140  font12.o(.constdata)
    Font16_Table                             0x080079b8   Data        3040  font16.o(.constdata)
    Region$$Table$$Base                      0x080085ec   Number         0  anon$$obj.o(Region$$Table)
    Region$$Table$$Limit                     0x0800860c   Number         0  anon$$obj.o(Region$$Table)
    id_prev                                  0x20000000   Data           1  main.o(.data)
    flag1                                    0x20000001   Data           1  main.o(.data)
    x                                        0x20000002   Data           2  main.o(.data)
    y                                        0x20000004   Data           2  main.o(.data)
    xx                                       0x20000006   Data           2  main.o(.data)
    strw                                     0x20000008   Data           2  main.o(.data)
    GPIO_PORT                                0x2000000c   Data           8  main.o(.data)
    BUTTON_PORT                              0x20000014   Data          12  main.o(.data)
    uwTickFreq                               0x20000028   Data           1  stm32f4xx_hal.o(.data)
    uwTickPrio                               0x2000002c   Data           4  stm32f4xx_hal.o(.data)
    uwTick                                   0x20000030   Data           4  stm32f4xx_hal.o(.data)
    SystemCoreClock                          0x20000034   Data           4  system_stm32f4xx.o(.data)
    Tuner_E4K                                0x20000038   Data          20  tuner_e4k.o(.data)
    RTLSDR_Class                             0x20000074   Data          32  usbh_rtlsdr.o(.data)
    usbh_wdt1_n                              0x20000094   Data           4  usbh_rtlsdr.o(.data)
    usbh_wdt1_s                              0x20000098   Data           4  usbh_rtlsdr.o(.data)
    Font12                                   0x2000009c   Data           8  font12.o(.data)
    Font16                                   0x200000a4   Data           8  font16.o(.data)
    __stdout                                 0x200000cc   Data           4  stdout.o(.data)
    __microlib_freelist                      0x200000d0   Data           4  mvars.o(.data)
    __microlib_freelist_initialised          0x200000d4   Data           4  mvars.o(.data)
    hspi2                                    0x200000d8   Data          88  main.o(.bss)
    htim3                                    0x20000130   Data          72  main.o(.bss)
    huart1                                   0x20000178   Data          68  main.o(.bss)
    hsram1                                   0x200001bc   Data          80  main.o(.bss)
    str1                                     0x2000020c   Data          20  main.o(.bss)
    str2                                     0x20000220   Data          20  main.o(.bss)
    str3                                     0x20000234   Data          20  main.o(.bss)
    str4                                     0x20000248   Data          20  main.o(.bss)
    str                                      0x2000025c   Data          20  main.o(.bss)
    hUsbHostFS                               0x20000270   Data         984  usb_host.o(.bss)
    hhcd_USB_OTG_FS                          0x20000648   Data         772  usbh_conf.o(.bss)
    __heap_base                              0x20000a50   Data           0  startup_stm32f407xx.o(HEAP)
    __heap_limit                             0x20000e50   Data           0  startup_stm32f407xx.o(HEAP)
    __initial_sp                             0x20001250   Data           0  startup_stm32f407xx.o(STACK)



==============================================================================

Memory Map of the image

  Image Entry point : 0x08000189

  Load Region LR_IROM1 (Base: 0x08000000, Size: 0x000086e4, Max: 0x00080000, ABSOLUTE)

    Execution Region ER_IROM1 (Exec base: 0x08000000, Load base: 0x08000000, Size: 0x0000860c, Max: 0x00080000, ABSOLUTE)

    Exec Addr    Load Addr    Size         Type   Attr      Idx    E Section Name        Object

    0x08000000   0x08000000   0x00000188   Data   RO            3    RESET               startup_stm32f407xx.o
    0x08000188   0x08000188   0x00000000   Code   RO         5714  * .ARM.Collect$$$$00000000  mc_w.l(entry.o)
    0x08000188   0x08000188   0x00000004   Code   RO         6026    .ARM.Collect$$$$00000001  mc_w.l(entry2.o)
    0x0800018c   0x0800018c   0x00000004   Code   RO         6029    .ARM.Collect$$$$00000004  mc_w.l(entry5.o)
    0x08000190   0x08000190   0x00000000   Code   RO         6031    .ARM.Collect$$$$00000008  mc_w.l(entry7b.o)
    0x08000190   0x08000190   0x00000000   Code   RO         6033    .ARM.Collect$$$$0000000A  mc_w.l(entry8b.o)
    0x08000190   0x08000190   0x00000008   Code   RO         6034    .ARM.Collect$$$$0000000B  mc_w.l(entry9a.o)
    0x08000198   0x08000198   0x00000000   Code   RO         6036    .ARM.Collect$$$$0000000D  mc_w.l(entry10a.o)
    0x08000198   0x08000198   0x00000000   Code   RO         6038    .ARM.Collect$$$$0000000F  mc_w.l(entry11a.o)
    0x08000198   0x08000198   0x00000004   Code   RO         6027    .ARM.Collect$$$$00002712  mc_w.l(entry2.o)
    0x0800019c   0x0800019c   0x00000024   Code   RO            4    .text               startup_stm32f407xx.o
    0x080001c0   0x080001c0   0x00000062   Code   RO         5717    .text               mc_w.l(uldiv.o)
    0x08000222   0x08000222   0x00000024   Code   RO         5719    .text               mc_w.l(memcpya.o)
    0x08000246   0x08000246   0x00000024   Code   RO         5721    .text               mc_w.l(memseta.o)
    0x0800026a   0x0800026a   0x000000de   Code   RO         6018    .text               mf_w.l(ddiv.o)
    0x08000348   0x08000348   0x0000001a   Code   RO         6020    .text               mf_w.l(dfltui.o)
    0x08000362   0x08000362   0x00000032   Code   RO         6022    .text               mf_w.l(dfixui.o)
    0x08000394   0x08000394   0x00000030   Code   RO         6024    .text               mf_w.l(cdcmple.o)
    0x080003c4   0x080003c4   0x0000002c   Code   RO         6041    .text               mc_w.l(uidiv.o)
    0x080003f0   0x080003f0   0x0000001e   Code   RO         6043    .text               mc_w.l(llshl.o)
    0x0800040e   0x0800040e   0x00000020   Code   RO         6045    .text               mc_w.l(llushr.o)
    0x0800042e   0x0800042e   0x00000000   Code   RO         6049    .text               mc_w.l(iusefp.o)
    0x0800042e   0x0800042e   0x000000ba   Code   RO         6050    .text               mf_w.l(depilogue.o)
    0x080004e8   0x080004e8   0x0000014e   Code   RO         6052    .text               mf_w.l(dadd.o)
    0x08000636   0x08000636   0x000000e4   Code   RO         6054    .text               mf_w.l(dmul.o)
    0x0800071a   0x0800071a   0x00000030   Code   RO         6056    .text               mf_w.l(dfixul.o)
    0x0800074a   0x0800074a   0x00000002   PAD
    0x0800074c   0x0800074c   0x00000030   Code   RO         6058    .text               mf_w.l(cdrcmple.o)
    0x0800077c   0x0800077c   0x00000024   Code   RO         6060    .text               mc_w.l(init.o)
    0x080007a0   0x080007a0   0x00000024   Code   RO         6062    .text               mc_w.l(llsshr.o)
    0x080007c4   0x080007c4   0x0000001c   Code   RO           13    i.BSP_LED_Off       main.o
    0x080007e0   0x080007e0   0x0000001c   Code   RO           14    i.BSP_LED_On        main.o
    0x080007fc   0x080007fc   0x00000018   Code   RO           15    i.BSP_LED_Toggle    main.o
    0x08000814   0x08000814   0x00000002   Code   RO          541    i.BusFault_Handler  stm32f4xx_it.o
    0x08000816   0x08000816   0x00000002   PAD
    0x08000818   0x08000818   0x00000050   Code   RO         4278    i.DeInitStateMachine  usbh_core.o
    0x08000868   0x08000868   0x00000002   Code   RO          542    i.DebugMon_Handler  stm32f4xx_it.o
    0x0800086a   0x0800086a   0x00000002   PAD
    0x0800086c   0x0800086c   0x0000003c   Code   RO         4868    i.E4K_Init          tuner_e4k.o
    0x080008a8   0x080008a8   0x000001ec   Code   RO         4869    i.E4K_InitProcess   tuner_e4k.o
    0x08000a94   0x08000a94   0x00000054   Code   RO         4870    i.E4K_SetBW         tuner_e4k.o
    0x08000ae8   0x08000ae8   0x00000084   Code   RO         4871    i.E4K_band_set      tuner_e4k.o
    0x08000b6c   0x08000b6c   0x000000ec   Code   RO         4872    i.E4K_compute_pll_params  tuner_e4k.o
    0x08000c58   0x08000c58   0x00000088   Code   RO         4873    i.E4K_enable_manual_gain  tuner_e4k.o
    0x08000ce0   0x08000ce0   0x00000020   Code   RO         4874    i.E4K_field_write   tuner_e4k.o
    0x08000d00   0x08000d00   0x000000f4   Code   RO         4875    i.E4K_if_filter_bw_set  tuner_e4k.o
    0x08000df4   0x08000df4   0x00000010   Code   RO         4876    i.E4K_if_filter_chan_enable  tuner_e4k.o
    0x08000e04   0x08000e04   0x00000064   Code   RO         4877    i.E4K_if_gain_set   tuner_e4k.o
    0x08000e68   0x08000e68   0x00000008   Code   RO         4878    i.E4K_reg_read      tuner_e4k.o
    0x08000e70   0x08000e70   0x00000052   Code   RO         4879    i.E4K_reg_set_mask  tuner_e4k.o
    0x08000ec2   0x08000ec2   0x0000000a   Code   RO         4880    i.E4K_reg_write     tuner_e4k.o
    0x08000ecc   0x08000ecc   0x00000028   Code   RO         4881    i.E4K_rf_filter_set  tuner_e4k.o
    0x08000ef4   0x08000ef4   0x000000cc   Code   RO         4882    i.E4K_tune_freq     tuner_e4k.o
    0x08000fc0   0x08000fc0   0x000000c0   Code   RO         4883    i.E4K_tune_params   tuner_e4k.o
    0x08001080   0x08001080   0x00000006   Code   RO          543    i.EXTI9_5_IRQHandler  stm32f4xx_it.o
    0x08001086   0x08001086   0x0000002e   Code   RO           17    i.Error_Handler     main.o
    0x080010b4   0x080010b4   0x0000003c   Code   RO         2335    i.FSMC_NORSRAM_Extended_Timing_Init  stm32f4xx_ll_fsmc.o
    0x080010f0   0x080010f0   0x00000068   Code   RO         2336    i.FSMC_NORSRAM_Init  stm32f4xx_ll_fsmc.o
    0x08001158   0x08001158   0x00000044   Code   RO         2337    i.FSMC_NORSRAM_Timing_Init  stm32f4xx_ll_fsmc.o
    0x0800119c   0x0800119c   0x00000024   Code   RO         2076    i.HAL_Delay         stm32f4xx_hal.o
    0x080011c0   0x080011c0   0x00000074   Code   RO          629    i.HAL_FSMC_MspInit  stm32f4xx_hal_msp.o
    0x08001234   0x08001234   0x00000038   Code   RO           18    i.HAL_GPIO_EXTI_Callback  main.o
    0x0800126c   0x0800126c   0x00000018   Code   RO         1549    i.HAL_GPIO_EXTI_IRQHandler  stm32f4xx_hal_gpio.o
    0x08001284   0x08001284   0x000001f0   Code   RO         1550    i.HAL_GPIO_Init     stm32f4xx_hal_gpio.o
    0x08001474   0x08001474   0x0000000a   Code   RO         1552    i.HAL_GPIO_ReadPin  stm32f4xx_hal_gpio.o
    0x0800147e   0x0800147e   0x00000010   Code   RO         1553    i.HAL_GPIO_TogglePin  stm32f4xx_hal_gpio.o
    0x0800148e   0x0800148e   0x0000000a   Code   RO         1554    i.HAL_GPIO_WritePin  stm32f4xx_hal_gpio.o
    0x08001498   0x08001498   0x0000000c   Code   RO         2082    i.HAL_GetTick       stm32f4xx_hal.o
    0x080014a4   0x080014a4   0x00000008   Code   RO          363    i.HAL_HCD_Connect_Callback  usbh_conf.o
    0x080014ac   0x080014ac   0x00000008   Code   RO          364    i.HAL_HCD_Disconnect_Callback  usbh_conf.o
    0x080014b4   0x080014b4   0x00000006   Code   RO          711    i.HAL_HCD_GetCurrentFrame  stm32f4xx_hal_hcd.o
    0x080014ba   0x080014ba   0x00000006   Code   RO          712    i.HAL_HCD_GetCurrentSpeed  stm32f4xx_hal_hcd.o
    0x080014c0   0x080014c0   0x00000012   Code   RO          715    i.HAL_HCD_HC_GetURBState  stm32f4xx_hal_hcd.o
    0x080014d2   0x080014d2   0x00000024   Code   RO          717    i.HAL_HCD_HC_Halt   stm32f4xx_hal_hcd.o
    0x080014f6   0x080014f6   0x00000076   Code   RO          718    i.HAL_HCD_HC_Init   stm32f4xx_hal_hcd.o
    0x0800156c   0x0800156c   0x00000002   Code   RO          365    i.HAL_HCD_HC_NotifyURBChange_Callback  usbh_conf.o
    0x0800156e   0x0800156e   0x0000009a   Code   RO          720    i.HAL_HCD_HC_SubmitRequest  stm32f4xx_hal_hcd.o
    0x08001608   0x08001608   0x0000013a   Code   RO          721    i.HAL_HCD_IRQHandler  stm32f4xx_hal_hcd.o
    0x08001742   0x08001742   0x00000072   Code   RO          722    i.HAL_HCD_Init      stm32f4xx_hal_hcd.o
    0x080017b4   0x080017b4   0x00000084   Code   RO          367    i.HAL_HCD_MspInit   usbh_conf.o
    0x08001838   0x08001838   0x00000008   Code   RO          368    i.HAL_HCD_PortDisabled_Callback  usbh_conf.o
    0x08001840   0x08001840   0x00000008   Code   RO          369    i.HAL_HCD_PortEnabled_Callback  usbh_conf.o
    0x08001848   0x08001848   0x00000006   Code   RO          727    i.HAL_HCD_ResetPort  stm32f4xx_hal_hcd.o
    0x0800184e   0x0800184e   0x00000008   Code   RO          370    i.HAL_HCD_SOF_Callback  usbh_conf.o
    0x08001856   0x08001856   0x0000002c   Code   RO          729    i.HAL_HCD_Start     stm32f4xx_hal_hcd.o
    0x08001882   0x08001882   0x00000024   Code   RO          730    i.HAL_HCD_Stop      stm32f4xx_hal_hcd.o
    0x080018a6   0x080018a6   0x00000002   PAD
    0x080018a8   0x080018a8   0x00000010   Code   RO         2088    i.HAL_IncTick       stm32f4xx_hal.o
    0x080018b8   0x080018b8   0x00000034   Code   RO         2089    i.HAL_Init          stm32f4xx_hal.o
    0x080018ec   0x080018ec   0x00000040   Code   RO         2090    i.HAL_InitTick      stm32f4xx_hal.o
    0x0800192c   0x0800192c   0x00000030   Code   RO          630    i.HAL_MspInit       stm32f4xx_hal_msp.o
    0x0800195c   0x0800195c   0x0000001a   Code   RO         1939    i.HAL_NVIC_EnableIRQ  stm32f4xx_hal_cortex.o
    0x08001976   0x08001976   0x00000002   PAD
    0x08001978   0x08001978   0x00000040   Code   RO         1945    i.HAL_NVIC_SetPriority  stm32f4xx_hal_cortex.o
    0x080019b8   0x080019b8   0x00000024   Code   RO         1946    i.HAL_NVIC_SetPriorityGrouping  stm32f4xx_hal_cortex.o
    0x080019dc   0x080019dc   0x00000134   Code   RO         1196    i.HAL_RCC_ClockConfig  stm32f4xx_hal_rcc.o
    0x08001b10   0x08001b10   0x00000020   Code   RO         1203    i.HAL_RCC_GetPCLK1Freq  stm32f4xx_hal_rcc.o
    0x08001b30   0x08001b30   0x00000020   Code   RO         1204    i.HAL_RCC_GetPCLK2Freq  stm32f4xx_hal_rcc.o
    0x08001b50   0x08001b50   0x00000060   Code   RO         1205    i.HAL_RCC_GetSysClockFreq  stm32f4xx_hal_rcc.o
    0x08001bb0   0x08001bb0   0x0000036c   Code   RO         1208    i.HAL_RCC_OscConfig  stm32f4xx_hal_rcc.o
    0x08001f1c   0x08001f1c   0x000000bc   Code   RO         2599    i.HAL_SPI_Init      stm32f4xx_hal_spi.o
    0x08001fd8   0x08001fd8   0x0000006c   Code   RO          632    i.HAL_SPI_MspInit   stm32f4xx_hal_msp.o
    0x08002044   0x08002044   0x00000166   Code   RO         2607    i.HAL_SPI_Transmit  stm32f4xx_hal_spi.o
    0x080021aa   0x080021aa   0x000001e2   Code   RO         2608    i.HAL_SPI_TransmitReceive  stm32f4xx_hal_spi.o
    0x0800238c   0x0800238c   0x0000005c   Code   RO         2457    i.HAL_SRAM_Init     stm32f4xx_hal_sram.o
    0x080023e8   0x080023e8   0x00000004   Code   RO          634    i.HAL_SRAM_MspInit  stm32f4xx_hal_msp.o
    0x080023ec   0x080023ec   0x00000028   Code   RO         1950    i.HAL_SYSTICK_Config  stm32f4xx_hal_cortex.o
    0x08002414   0x08002414   0x00000090   Code   RO         3635    i.HAL_TIMEx_MasterConfigSynchronization  stm32f4xx_hal_tim_ex.o
    0x080024a4   0x080024a4   0x0000005a   Code   RO         2912    i.HAL_TIM_Base_Init  stm32f4xx_hal_tim.o
    0x080024fe   0x080024fe   0x00000002   PAD
    0x08002500   0x08002500   0x00000028   Code   RO          636    i.HAL_TIM_Base_MspInit  stm32f4xx_hal_msp.o
    0x08002528   0x08002528   0x00000078   Code   RO         2915    i.HAL_TIM_Base_Start  stm32f4xx_hal_tim.o
    0x080025a0   0x080025a0   0x000000dc   Code   RO         2921    i.HAL_TIM_ConfigClockSource  stm32f4xx_hal_tim.o
    0x0800267c   0x0800267c   0x00000052   Code   RO         2961    i.HAL_TIM_OC_ConfigChannel  stm32f4xx_hal_tim.o
    0x080026ce   0x080026ce   0x0000005a   Code   RO         2965    i.HAL_TIM_OC_Init   stm32f4xx_hal_tim.o
    0x08002728   0x08002728   0x00000002   Code   RO         2967    i.HAL_TIM_OC_MspInit  stm32f4xx_hal_tim.o
    0x0800272a   0x0800272a   0x00000062   Code   RO         3912    i.HAL_UART_Init     stm32f4xx_hal_uart.o
    0x0800278c   0x0800278c   0x0000006c   Code   RO          638    i.HAL_UART_MspInit  stm32f4xx_hal_msp.o
    0x080027f8   0x080027f8   0x000000b2   Code   RO         3920    i.HAL_UART_Transmit  stm32f4xx_hal_uart.o
    0x080028aa   0x080028aa   0x000001ea   Code   RO          732    i.HCD_HC_IN_IRQHandler  stm32f4xx_hal_hcd.o
    0x08002a94   0x08002a94   0x0000021c   Code   RO          733    i.HCD_HC_OUT_IRQHandler  stm32f4xx_hal_hcd.o
    0x08002cb0   0x08002cb0   0x00000094   Code   RO          734    i.HCD_Port_IRQHandler  stm32f4xx_hal_hcd.o
    0x08002d44   0x08002d44   0x0000008c   Code   RO          735    i.HCD_RXQLVL_IRQHandler  stm32f4xx_hal_hcd.o
    0x08002dd0   0x08002dd0   0x00000002   Code   RO          544    i.HardFault_Handler  stm32f4xx_it.o
    0x08002dd2   0x08002dd2   0x00000002   PAD
    0x08002dd4   0x08002dd4   0x0000006c   Code   RO           19    i.MX_FSMC_Init      main.o
    0x08002e40   0x08002e40   0x0000012c   Code   RO           20    i.MX_GPIO_Init      main.o
    0x08002f6c   0x08002f6c   0x00000044   Code   RO           21    i.MX_SPI2_Init      main.o
    0x08002fb0   0x08002fb0   0x00000080   Code   RO           22    i.MX_TIM3_Init      main.o
    0x08003030   0x08003030   0x00000002   Code   RO          545    i.MemManage_Handler  stm32f4xx_it.o
    0x08003032   0x08003032   0x00000002   Code   RO          546    i.NMI_Handler       stm32f4xx_it.o
    0x08003034   0x08003034   0x0000000c   Code   RO          547    i.OTG_FS_IRQHandler  stm32f4xx_it.o
    0x08003040   0x08003040   0x00000002   Code   RO          548    i.PendSV_Handler    stm32f4xx_it.o
    0x08003042   0x08003042   0x00000002   PAD
    0x08003044   0x08003044   0x000000b4   Code   RO           23    i.RTLSDR_InitApplication  main.o
    0x080030f8   0x080030f8   0x0000003a   Code   RO         5024    i.RTLSDR_demod_read_reg  usbh_rtlsdr.o
    0x08003132   0x08003132   0x00000088   Code   RO         5025    i.RTLSDR_demod_write_reg  usbh_rtlsdr.o
    0x080031ba   0x080031ba   0x00000064   Code   RO         5027    i.RTLSDR_i2c_read_reg  usbh_rtlsdr.o
    0x0800321e   0x0800321e   0x00000026   Code   RO         5029    i.RTLSDR_i2c_write_reg  usbh_rtlsdr.o
    0x08003244   0x08003244   0x00000280   Code   RO         5030    i.RTLSDR_probe_tuners  usbh_rtlsdr.o
    0x080034c4   0x080034c4   0x00000030   Code   RO         5031    i.RTLSDR_read_array  usbh_rtlsdr.o
    0x080034f4   0x080034f4   0x00000134   Code   RO         5032    i.RTLSDR_set_fir    usbh_rtlsdr.o
    0x08003628   0x08003628   0x00000018   Code   RO         5033    i.RTLSDR_set_i2c_repeater  usbh_rtlsdr.o
    0x08003640   0x08003640   0x00000230   Code   RO         5034    i.RTLSDR_set_sample_rate  usbh_rtlsdr.o
    0x08003870   0x08003870   0x00000018   Code   RO         5035    i.RTLSDR_set_test_mode  usbh_rtlsdr.o
    0x08003888   0x08003888   0x00000036   Code   RO         5036    i.RTLSDR_write_array  usbh_rtlsdr.o
    0x080038be   0x080038be   0x0000004a   Code   RO         5037    i.RTLSDR_write_reg  usbh_rtlsdr.o
    0x08003908   0x08003908   0x00000058   Code   RO         2637    i.SPI_EndRxTxTransaction  stm32f4xx_hal_spi.o
    0x08003960   0x08003960   0x000000b8   Code   RO         2642    i.SPI_WaitFlagStateUntilTimeout  stm32f4xx_hal_spi.o
    0x08003a18   0x08003a18   0x00000002   Code   RO          549    i.SVC_Handler       stm32f4xx_it.o
    0x08003a1a   0x08003a1a   0x00000004   Code   RO          550    i.SysTick_Handler   stm32f4xx_it.o
    0x08003a1e   0x08003a1e   0x00000002   PAD
    0x08003a20   0x08003a20   0x00000090   Code   RO           25    i.SystemClock_Config  main.o
    0x08003ab0   0x08003ab0   0x00000010   Code   RO         4241    i.SystemInit        system_stm32f4xx.o
    0x08003ac0   0x08003ac0   0x000000c8   Code   RO         3005    i.TIM_Base_SetConfig  stm32f4xx_hal_tim.o
    0x08003b88   0x08003b88   0x00000014   Code   RO         3016    i.TIM_ETR_SetConfig  stm32f4xx_hal_tim.o
    0x08003b9c   0x08003b9c   0x00000010   Code   RO         3017    i.TIM_ITRx_SetConfig  stm32f4xx_hal_tim.o
    0x08003bac   0x08003bac   0x00000060   Code   RO         3018    i.TIM_OC1_SetConfig  stm32f4xx_hal_tim.o
    0x08003c0c   0x08003c0c   0x0000006c   Code   RO         3019    i.TIM_OC2_SetConfig  stm32f4xx_hal_tim.o
    0x08003c78   0x08003c78   0x00000068   Code   RO         3020    i.TIM_OC3_SetConfig  stm32f4xx_hal_tim.o
    0x08003ce0   0x08003ce0   0x00000050   Code   RO         3021    i.TIM_OC4_SetConfig  stm32f4xx_hal_tim.o
    0x08003d30   0x08003d30   0x00000022   Code   RO         3023    i.TIM_TI1_ConfigInputStage  stm32f4xx_hal_tim.o
    0x08003d52   0x08003d52   0x00000024   Code   RO         3025    i.TIM_TI2_ConfigInputStage  stm32f4xx_hal_tim.o
    0x08003d76   0x08003d76   0x00000002   PAD
    0x08003d78   0x08003d78   0x0000010c   Code   RO         3938    i.UART_SetConfig    stm32f4xx_hal_uart.o
    0x08003e84   0x08003e84   0x00000078   Code   RO         3941    i.UART_WaitOnFlagUntilTimeout  stm32f4xx_hal_uart.o
    0x08003efc   0x08003efc   0x00000038   Code   RO         4585    i.USBH_AllocPipe    usbh_pipes.o
    0x08003f34   0x08003f34   0x00000020   Code   RO         4513    i.USBH_BulkReceiveData  usbh_ioreq.o
    0x08003f54   0x08003f54   0x0000000a   Code   RO         4586    i.USBH_ClosePipe    usbh_pipes.o
    0x08003f5e   0x08003f5e   0x0000001e   Code   RO         4515    i.USBH_CtlReceiveData  usbh_ioreq.o
    0x08003f7c   0x08003f7c   0x0000003a   Code   RO         4415    i.USBH_CtlReq       usbh_ctlreq.o
    0x08003fb6   0x08003fb6   0x00000028   Code   RO         4516    i.USBH_CtlSendData  usbh_ioreq.o
    0x08003fde   0x08003fde   0x0000001e   Code   RO         4517    i.USBH_CtlSendSetup  usbh_ioreq.o
    0x08003ffc   0x08003ffc   0x00000004   Code   RO          371    i.USBH_Delay        usbh_conf.o
    0x08004000   0x08004000   0x00000044   Code   RO         4280    i.USBH_FindInterface  usbh_core.o
    0x08004044   0x08004044   0x00000018   Code   RO         4587    i.USBH_FreePipe     usbh_pipes.o
    0x0800405c   0x0800405c   0x00000034   Code   RO         4416    i.USBH_GetDescriptor  usbh_ctlreq.o
    0x08004090   0x08004090   0x0000000e   Code   RO         4417    i.USBH_GetNextDesc  usbh_ctlreq.o
    0x0800409e   0x0800409e   0x0000002c   Code   RO         4418    i.USBH_Get_CfgDesc  usbh_ctlreq.o
    0x080040ca   0x080040ca   0x000000a8   Code   RO         4419    i.USBH_Get_DevDesc  usbh_ctlreq.o
    0x08004172   0x08004172   0x00000048   Code   RO         4420    i.USBH_Get_StringDesc  usbh_ctlreq.o
    0x080041ba   0x080041ba   0x00000018   Code   RO          372    i.USBH_Get_USB_Status  usbh_conf.o
    0x080041d2   0x080041d2   0x00000002   PAD
    0x080041d4   0x080041d4   0x000001d8   Code   RO         4421    i.USBH_HandleControl  usbh_ctlreq.o
    0x080043ac   0x080043ac   0x000003d0   Code   RO         4283    i.USBH_HandleEnum   usbh_core.o
    0x0800477c   0x0800477c   0x00000068   Code   RO         4284    i.USBH_Init         usbh_core.o
    0x080047e4   0x080047e4   0x00000012   Code   RO          373    i.USBH_LL_ClosePipe  usbh_conf.o
    0x080047f6   0x080047f6   0x00000014   Code   RO         4286    i.USBH_LL_Connect   usbh_core.o
    0x0800480a   0x0800480a   0x0000002e   Code   RO         4287    i.USBH_LL_Disconnect  usbh_core.o
    0x08004838   0x08004838   0x0000000c   Code   RO          375    i.USBH_LL_DriverVBUS  usbh_conf.o
    0x08004844   0x08004844   0x00000022   Code   RO          377    i.USBH_LL_GetSpeed  usbh_conf.o
    0x08004866   0x08004866   0x00000008   Code   RO          379    i.USBH_LL_GetURBState  usbh_conf.o
    0x0800486e   0x0800486e   0x0000001e   Code   RO         4288    i.USBH_LL_IncTimer  usbh_core.o
    0x0800488c   0x0800488c   0x00000048   Code   RO          380    i.USBH_LL_Init      usbh_conf.o
    0x080048d4   0x080048d4   0x0000001c   Code   RO          381    i.USBH_LL_OpenPipe  usbh_conf.o
    0x080048f0   0x080048f0   0x00000008   Code   RO         4289    i.USBH_LL_PortDisabled  usbh_core.o
    0x080048f8   0x080048f8   0x00000008   Code   RO         4290    i.USBH_LL_PortEnabled  usbh_core.o
    0x08004900   0x08004900   0x00000012   Code   RO          382    i.USBH_LL_ResetPort  usbh_conf.o
    0x08004912   0x08004912   0x00000006   Code   RO         4291    i.USBH_LL_SetTimer  usbh_core.o
    0x08004918   0x08004918   0x00000024   Code   RO          383    i.USBH_LL_SetToggle  usbh_conf.o
    0x0800493c   0x0800493c   0x00000012   Code   RO          384    i.USBH_LL_Start     usbh_conf.o
    0x0800494e   0x0800494e   0x00000012   Code   RO          385    i.USBH_LL_Stop      usbh_conf.o
    0x08004960   0x08004960   0x00000022   Code   RO          386    i.USBH_LL_SubmitURB  usbh_conf.o
    0x08004982   0x08004982   0x00000014   Code   RO         4588    i.USBH_OpenPipe     usbh_pipes.o
    0x08004996   0x08004996   0x0000014c   Code   RO         4422    i.USBH_ParseCfgDesc  usbh_ctlreq.o
    0x08004ae2   0x08004ae2   0x00000002   PAD
    0x08004ae4   0x08004ae4   0x0000006e   Code   RO         4423    i.USBH_ParseEPDesc  usbh_ctlreq.o
    0x08004b52   0x08004b52   0x00000002   PAD
    0x08004b54   0x08004b54   0x000004d4   Code   RO         4292    i.USBH_Process      usbh_core.o
    0x08005028   0x08005028   0x00000234   Code   RO         5038    i.USBH_RTLSDR_ClassRequest  usbh_rtlsdr.o
    0x0800525c   0x0800525c   0x00000036   Code   RO         5041    i.USBH_RTLSDR_InterfaceDeInit  usbh_rtlsdr.o
    0x08005292   0x08005292   0x00000002   PAD
    0x08005294   0x08005294   0x0000022c   Code   RO         5042    i.USBH_RTLSDR_InterfaceInit  usbh_rtlsdr.o
    0x080054c0   0x080054c0   0x00000094   Code   RO         5043    i.USBH_RTLSDR_Process  usbh_rtlsdr.o
    0x08005554   0x08005554   0x00000004   Code   RO         5044    i.USBH_RTLSDR_SOFProcess  usbh_rtlsdr.o
    0x08005558   0x08005558   0x0000007c   Code   RO         4294    i.USBH_RegisterClass  usbh_core.o
    0x080055d4   0x080055d4   0x000000f4   Code   RO         4295    i.USBH_SelectInterface  usbh_core.o
    0x080056c8   0x080056c8   0x0000001c   Code   RO         4424    i.USBH_SetAddress   usbh_ctlreq.o
    0x080056e4   0x080056e4   0x0000001c   Code   RO         4425    i.USBH_SetCfg       usbh_ctlreq.o
    0x08005700   0x08005700   0x0000001c   Code   RO         4426    i.USBH_SetFeature   usbh_ctlreq.o
    0x0800571c   0x0800571c   0x00000014   Code   RO         4296    i.USBH_Start        usbh_core.o
    0x08005730   0x08005730   0x000000d0   Code   RO           27    i.USBH_UserProcess  main.o
    0x08005800   0x08005800   0x00000074   Code   RO         5045    i.USBH_Wdt1         usbh_rtlsdr.o
    0x08005874   0x08005874   0x00000074   Code   RO          895    i.USB_CoreInit      stm32f4xx_ll_usb.o
    0x080058e8   0x080058e8   0x00000040   Code   RO          896    i.USB_CoreReset     stm32f4xx_ll_usb.o
    0x08005928   0x08005928   0x0000000c   Code   RO          903    i.USB_DisableGlobalInt  stm32f4xx_ll_usb.o
    0x08005934   0x08005934   0x00000024   Code   RO          904    i.USB_DoPing        stm32f4xx_ll_usb.o
    0x08005958   0x08005958   0x0000002c   Code   RO          905    i.USB_DriveVbus     stm32f4xx_ll_usb.o
    0x08005984   0x08005984   0x0000000c   Code   RO          912    i.USB_EnableGlobalInt  stm32f4xx_ll_usb.o
    0x08005990   0x08005990   0x0000003c   Code   RO          913    i.USB_FlushRxFifo   stm32f4xx_ll_usb.o
    0x080059cc   0x080059cc   0x00000040   Code   RO          914    i.USB_FlushTxFifo   stm32f4xx_ll_usb.o
    0x08005a0c   0x08005a0c   0x00000008   Code   RO          915    i.USB_GetCurrentFrame  stm32f4xx_ll_usb.o
    0x08005a14   0x08005a14   0x0000000e   Code   RO          917    i.USB_GetHostSpeed  stm32f4xx_ll_usb.o
    0x08005a22   0x08005a22   0x00000008   Code   RO          918    i.USB_GetMode       stm32f4xx_ll_usb.o
    0x08005a2a   0x08005a2a   0x000000c4   Code   RO          919    i.USB_HC_Halt       stm32f4xx_ll_usb.o
    0x08005aee   0x08005aee   0x00000002   PAD
    0x08005af0   0x08005af0   0x0000010a   Code   RO          920    i.USB_HC_Init       stm32f4xx_ll_usb.o
    0x08005bfa   0x08005bfa   0x00000008   Code   RO          921    i.USB_HC_ReadInterrupt  stm32f4xx_ll_usb.o
    0x08005c02   0x08005c02   0x00000140   Code   RO          922    i.USB_HC_StartXfer  stm32f4xx_ll_usb.o
    0x08005d42   0x08005d42   0x00000002   PAD
    0x08005d44   0x08005d44   0x000000d0   Code   RO          923    i.USB_HostInit      stm32f4xx_ll_usb.o
    0x08005e14   0x08005e14   0x00000036   Code   RO          924    i.USB_InitFSLSPClkSel  stm32f4xx_ll_usb.o
    0x08005e4a   0x08005e4a   0x00000008   Code   RO          929    i.USB_ReadInterrupts  stm32f4xx_ll_usb.o
    0x08005e52   0x08005e52   0x0000003e   Code   RO          930    i.USB_ReadPacket    stm32f4xx_ll_usb.o
    0x08005e90   0x08005e90   0x00000032   Code   RO          931    i.USB_ResetPort     stm32f4xx_ll_usb.o
    0x08005ec2   0x08005ec2   0x0000005c   Code   RO          932    i.USB_SetCurrentMode  stm32f4xx_ll_usb.o
    0x08005f1e   0x08005f1e   0x0000008a   Code   RO          937    i.USB_StopHost      stm32f4xx_ll_usb.o
    0x08005fa8   0x08005fa8   0x00000028   Code   RO          938    i.USB_WritePacket   stm32f4xx_ll_usb.o
    0x08005fd0   0x08005fd0   0x00000002   Code   RO          551    i.UsageFault_Handler  stm32f4xx_it.o
    0x08005fd2   0x08005fd2   0x00000002   PAD
    0x08005fd4   0x08005fd4   0x0000010c   Code   RO         5569    i.XPT2046_TouchGetCoordinates  xpt2046_touch.o
    0x080060e0   0x080060e0   0x00000018   Code   RO         5570    i.XPT2046_TouchPressed  xpt2046_touch.o
    0x080060f8   0x080060f8   0x00000020   Code   RO         5962    i.__0printf         mc_w.l(printfa.o)
    0x08006118   0x08006118   0x00000024   Code   RO         5968    i.__0vsprintf       mc_w.l(printfa.o)
    0x0800613c   0x0800613c   0x00000020   Code   RO         1952    i.__NVIC_SetPriority  stm32f4xx_hal_cortex.o
    0x0800615c   0x0800615c   0x0000000e   Code   RO         6066    i.__scatterload_copy  mc_w.l(handlers.o)
    0x0800616a   0x0800616a   0x00000002   Code   RO         6067    i.__scatterload_null  mc_w.l(handlers.o)
    0x0800616c   0x0800616c   0x0000000e   Code   RO         6068    i.__scatterload_zeroinit  mc_w.l(handlers.o)
    0x0800617a   0x0800617a   0x00000002   PAD
    0x0800617c   0x0800617c   0x00000184   Code   RO         5969    i._fp_digits        mc_w.l(printfa.o)
    0x08006300   0x08006300   0x000006dc   Code   RO         5970    i._printf_core      mc_w.l(printfa.o)
    0x080069dc   0x080069dc   0x00000024   Code   RO         5971    i._printf_post_padding  mc_w.l(printfa.o)
    0x08006a00   0x08006a00   0x0000002e   Code   RO         5972    i._printf_pre_padding  mc_w.l(printfa.o)
    0x08006a2e   0x08006a2e   0x0000000a   Code   RO         5974    i._sputc            mc_w.l(printfa.o)
    0x08006a38   0x08006a38   0x00000074   Code   RO         4884    i.choose_rf_filter  tuner_e4k.o
    0x08006aac   0x08006aac   0x0000002c   Code   RO         4885    i.closest_arr_idx   tuner_e4k.o
    0x08006ad8   0x08006ad8   0x0000006c   Code   RO         4886    i.find_stage_gain   tuner_e4k.o
    0x08006b44   0x08006b44   0x00000018   Code   RO           28    i.fputc             main.o
    0x08006b5c   0x08006b5c   0x00000050   Code   RO         5990    i.free              mc_w.l(malloc.o)
    0x08006bac   0x08006bac   0x00000010   Code   RO         5263    i.lcdBacklightOn    ili9341.o
    0x08006bbc   0x08006bbc   0x00000030   Code   RO         5264    i.lcdBuildMemoryAccessControlConfig  ili9341.o
    0x08006bec   0x08006bec   0x000000c4   Code   RO         5268    i.lcdDrawChar       ili9341.o
    0x08006cb0   0x08006cb0   0x00000044   Code   RO         5271    i.lcdDrawHLine      ili9341.o
    0x08006cf4   0x08006cf4   0x00000028   Code   RO         5274    i.lcdDrawPixel      ili9341.o
    0x08006d1c   0x08006d1c   0x00000034   Code   RO         5281    i.lcdFillRGB        ili9341.o
    0x08006d50   0x08006d50   0x00000054   Code   RO         5282    i.lcdFillRect       ili9341.o
    0x08006da4   0x08006da4   0x000001dc   Code   RO         5292    i.lcdInit           ili9341.o
    0x08006f80   0x08006f80   0x000000ac   Code   RO         5295    i.lcdPrintf         ili9341.o
    0x0800702c   0x0800702c   0x00000014   Code   RO         5297    i.lcdSetCursor      ili9341.o
    0x08007040   0x08007040   0x00000060   Code   RO         5298    i.lcdSetOrientation  ili9341.o
    0x080070a0   0x080070a0   0x0000000c   Code   RO         5299    i.lcdSetTextColor   ili9341.o
    0x080070ac   0x080070ac   0x0000000c   Code   RO         5300    i.lcdSetTextFont    ili9341.o
    0x080070b8   0x080070b8   0x0000003c   Code   RO         5302    i.lcdSetWindow      ili9341.o
    0x080070f4   0x080070f4   0x00000150   Code   RO           29    i.main              main.o
    0x08007244   0x08007244   0x0000006c   Code   RO         5991    i.malloc            mc_w.l(malloc.o)
    0x080072b0   0x080072b0   0x0000000c   Code   RO         4887    i.unsigned_delta    tuner_e4k.o
    0x080072bc   0x080072bc   0x0000000a   Data   RO           31    .constdata          main.o
    0x080072c6   0x080072c6   0x00000010   Data   RO         4242    .constdata          system_stm32f4xx.o
    0x080072d6   0x080072d6   0x00000008   Data   RO         4243    .constdata          system_stm32f4xx.o
    0x080072de   0x080072de   0x00000002   PAD
    0x080072e0   0x080072e0   0x00000110   Data   RO         4888    .constdata          tuner_e4k.o
    0x080073f0   0x080073f0   0x00000002   Data   RO         4889    .constdata          tuner_e4k.o
    0x080073f2   0x080073f2   0x00000004   Data   RO         4890    .constdata          tuner_e4k.o
    0x080073f6   0x080073f6   0x00000004   Data   RO         4891    .constdata          tuner_e4k.o
    0x080073fa   0x080073fa   0x00000008   Data   RO         4892    .constdata          tuner_e4k.o
    0x08007402   0x08007402   0x00000002   PAD
    0x08007404   0x08007404   0x00000040   Data   RO         4893    .constdata          tuner_e4k.o
    0x08007444   0x08007444   0x00000040   Data   RO         4894    .constdata          tuner_e4k.o
    0x08007484   0x08007484   0x00000080   Data   RO         4895    .constdata          tuner_e4k.o
    0x08007504   0x08007504   0x00000040   Data   RO         5046    .constdata          usbh_rtlsdr.o
    0x08007544   0x08007544   0x00000474   Data   RO         5203    .constdata          font12.o
    0x080079b8   0x080079b8   0x00000be0   Data   RO         5217    .constdata          font16.o
    0x08008598   0x08008598   0x00000004   Data   RO         5571    .constdata          xpt2046_touch.o
    0x0800859c   0x0800859c   0x00000042   Data   RO         4298    .conststring        usbh_core.o
    0x080085de   0x080085de   0x00000002   PAD
    0x080085e0   0x080085e0   0x00000004   Data   RO         4896    .conststring        tuner_e4k.o
    0x080085e4   0x080085e4   0x00000007   Data   RO         5047    .conststring        usbh_rtlsdr.o
    0x080085eb   0x080085eb   0x00000001   PAD
    0x080085ec   0x080085ec   0x00000020   Data   RO         6064    Region$$Table       anon$$obj.o


    Execution Region RW_IRAM1 (Exec base: 0x20000000, Load base: 0x0800860c, Size: 0x00001250, Max: 0x0001c000, ABSOLUTE)

    Exec Addr    Load Addr    Size         Type   Attr      Idx    E Section Name        Object

    0x20000000   0x0800860c   0x00000020   Data   RW           33    .data               main.o
    0x20000020   0x0800862c   0x00000008   Data   RW          639    .data               stm32f4xx_hal_msp.o
    0x20000028   0x08008634   0x0000000c   Data   RW         2096    .data               stm32f4xx_hal.o
    0x20000034   0x08008640   0x00000004   Data   RW         4244    .data               system_stm32f4xx.o
    0x20000038   0x08008644   0x00000014   Data   RW         4897    .data               tuner_e4k.o
    0x2000004c   0x08008658   0x00000028   Data   RW         4898    .data               tuner_e4k.o
    0x20000074   0x08008680   0x00000020   Data   RW         5048    .data               usbh_rtlsdr.o
    0x20000094   0x080086a0   0x00000008   Data   RW         5049    .data               usbh_rtlsdr.o
    0x2000009c   0x080086a8   0x00000008   Data   RW         5204    .data               font12.o
    0x200000a4   0x080086b0   0x00000008   Data   RW         5218    .data               font16.o
    0x200000ac   0x080086b8   0x00000020   Data   RW         5307    .data               ili9341.o
    0x200000cc   0x080086d8   0x00000004   Data   RW         6040    .data               mc_w.l(stdout.o)
    0x200000d0   0x080086dc   0x00000004   Data   RW         6047    .data               mc_w.l(mvars.o)
    0x200000d4   0x080086e0   0x00000004   Data   RW         6048    .data               mc_w.l(mvars.o)
    0x200000d8        -       0x00000198   Zero   RW           30    .bss                main.o
    0x20000270        -       0x000003d8   Zero   RW          314    .bss                usb_host.o
    0x20000648        -       0x00000304   Zero   RW          387    .bss                usbh_conf.o
    0x2000094c        -       0x00000100   Zero   RW         5306    .bss                ili9341.o
    0x20000a4c   0x080086e4   0x00000004   PAD
    0x20000a50        -       0x00000400   Zero   RW            2    HEAP                startup_stm32f407xx.o
    0x20000e50        -       0x00000400   Zero   RW            1    STACK               startup_stm32f407xx.o


    Execution Region RW_IRAM2 (Exec base: 0x2001c000, Load base: 0x080086e4, Size: 0x00000000, Max: 0x00004000, ABSOLUTE)

    **** No section assigned to this execution region ****


==============================================================================

Image component sizes


      Code (inc. data)   RO Data    RW Data    ZI Data      Debug   Object Name

         0          0       1140          8          0       1119   font12.o
         0          0       3040          8          0       1119   font16.o
      1352         86          0         32        256      18070   ili9341.o
      1678        354         10         32        408     742182   main.o
        36          8        392          0       2048        860   startup_stm32f407xx.o
       180         28          0         12          0       9585   stm32f4xx_hal.o
       198         14          0          0          0      34079   stm32f4xx_hal_cortex.o
       556         52          0          0          0       4267   stm32f4xx_hal_gpio.o
      2170          0          0          0          0      13559   stm32f4xx_hal_hcd.o
       424         62          0          8          0       4401   stm32f4xx_hal_msp.o
      1344         72          0          0          0       5376   stm32f4xx_hal_rcc.o
      1300         12          0          0          0       6572   stm32f4xx_hal_spi.o
        92          0          0          0          0       1264   stm32f4xx_hal_sram.o
      1298        110          0          0          0      12498   stm32f4xx_hal_tim.o
       144         28          0          0          0       1388   stm32f4xx_hal_tim_ex.o
       664         10          0          0          0       4316   stm32f4xx_hal_uart.o
        38          6          0          0          0       5263   stm32f4xx_it.o
       232         14          0          0          0       4039   stm32f4xx_ll_fsmc.o
      1880         48          0          0          0      19237   stm32f4xx_ll_usb.o
        16          4         24          4          0       1175   system_stm32f4xx.o
      2348        474        550         60          0      26172   tuner_e4k.o
         0          0          0          0        984        273   usb_host.o
       498         16          0          0        772      12543   usbh_conf.o
      2970       1132         66          0          0      11997   usbh_core.o
      1406         64          0          0          0      11576   usbh_ctlreq.o
       132          0          0          0          0       3632   usbh_ioreq.o
       110          0          0          0          0       3466   usbh_pipes.o
      3506        912         71         40          0      21292   usbh_rtlsdr.o
       292         16          4          0          0       2497   xpt2046_touch.o

    ----------------------------------------------------------------------
     24896       3522       5336        204       4472     983817   Object Totals
         0          0         32          0          0          0   (incl. Generated)
        32          0          7          0          4          0   (incl. Padding)

    ----------------------------------------------------------------------

      Code (inc. data)   RO Data    RW Data    ZI Data      Debug   Library Member Name

         0          0          0          0          0          0   entry.o
         0          0          0          0          0          0   entry10a.o
         0          0          0          0          0          0   entry11a.o
         8          4          0          0          0          0   entry2.o
         4          0          0          0          0          0   entry5.o
         0          0          0          0          0          0   entry7b.o
         0          0          0          0          0          0   entry8b.o
         8          4          0          0          0          0   entry9a.o
        30          0          0          0          0          0   handlers.o
        36          8          0          0          0         68   init.o
         0          0          0          0          0          0   iusefp.o
        30          0          0          0          0         68   llshl.o
        36          0          0          0          0         68   llsshr.o
        32          0          0          0          0         68   llushr.o
       188         20          0          0          0        160   malloc.o
        36          0          0          0          0         68   memcpya.o
        36          0          0          0          0        108   memseta.o
         0          0          0          8          0          0   mvars.o
      2304         96          0          0          0        600   printfa.o
         0          0          0          4          0          0   stdout.o
        44          0          0          0          0         80   uidiv.o
        98          0          0          0          0         92   uldiv.o
        48          0          0          0          0         68   cdcmple.o
        48          0          0          0          0         68   cdrcmple.o
       334          0          0          0          0        148   dadd.o
       222          0          0          0          0        100   ddiv.o
       186          0          0          0          0        176   depilogue.o
        50          0          0          0          0         76   dfixui.o
        48          0          0          0          0         68   dfixul.o
        26          0          0          0          0         76   dfltui.o
       228          0          0          0          0         96   dmul.o

    ----------------------------------------------------------------------
      4084        132          0         12          0       2256   Library Totals
         4          0          0          0          0          0   (incl. Padding)

    ----------------------------------------------------------------------

      Code (inc. data)   RO Data    RW Data    ZI Data      Debug   Library Name

      2890        132          0         12          0       1380   mc_w.l
      1190          0          0          0          0        876   mf_w.l

    ----------------------------------------------------------------------
      4084        132          0         12          0       2256   Library Totals

    ----------------------------------------------------------------------

==============================================================================


      Code (inc. data)   RO Data    RW Data    ZI Data      Debug   

     28980       3654       5336        216       4472     963229   Grand Totals
     28980       3654       5336        216       4472     963229   ELF Image Totals
     28980       3654       5336        216          0          0   ROM Totals

==============================================================================

    Total RO  Size (Code + RO Data)                34316 (  33.51kB)
    Total RW  Size (RW Data + ZI Data)              4688 (   4.58kB)
    Total ROM Size (Code + RO Data + RW Data)      34532 (  33.72kB)

==============================================================================

