<html>
<body>
<pre>
<h1>µVision Build Log</h1>
<h2>Tool Versions:</h2>
IDE-Version: µVision V5.31.0.0
Copyright (C) 2020 ARM Ltd and ARM Germany GmbH. All rights reserved.
License Information: Alex Mos, NTMP, LIC=KRMW3-ANDAY-EVW1R-KT4FY-ZLP2I-QJC53
 
Tool Versions:
Toolchain:       MDK-ARM Plus  Version: 5.31.0.0
Toolchain Path:  C:\Keil_v5\ARM\ARMCC\Bin
C Compiler:      Armcc.exe V5.06 update 6 (build 750)
Assembler:       Armasm.exe V5.06 update 6 (build 750)
Linker/Locator:  ArmLink.exe V5.06 update 6 (build 750)
Library Manager: ArmAr.exe V5.06 update 6 (build 750)
Hex Converter:   FromElf.exe V5.06 update 6 (build 750)
CPU DLL:         SARMCM3.DLL V5.31.0.0
Dialog DLL:      DCM.DLL V1.17.3.0
Target DLL:      STLink\ST-LINKIII-KEIL_SWO.dll V3.0.7.0
Dialog DLL:      TCM.DLL V1.46.0.0
 
<h2>Project:</h2>
D:\1 GIT FLARM_ALL\SDR\USB_HOST\SDR_STM32F407VET6_USB_04_06\MDK-ARM\SDR_STM32F407VET6_USB_04.uvprojx
Project File Date:  12/11/2023

<h2>Output:</h2>
*** Using Compiler 'V5.06 update 6 (build 750)', folder: 'C:\Keil_v5\ARM\ARMCC\Bin'
Rebuild target 'SDR_STM32F407VET6_USB_04'
assembling startup_stm32f407xx.s...
compiling stm32f4xx_ll_usb.c...
compiling stm32f4xx_hal_flash.c...
compiling stm32f4xx_hal_rcc.c...
compiling stm32f4xx_hal_flash_ex.c...
compiling stm32f4xx_it.c...
compiling stm32f4xx_hal_msp.c...
compiling usb_host.c...
compiling stm32f4xx_hal_hcd.c...
compiling usbh_conf.c...
compiling main.c...
../XPT2046/XPT2046_touch.h(25): warning:  #1295-D: Deprecated declaration XPT2046_TouchPressed - give arg types
  bool XPT2046_TouchPressed();
../XPT2046/XPT2046_touch.h(28): warning:  #1-D: last line of file ends without a newline
  #endif 
../Src/main.c(219): warning:  #181-D: argument is incompatible with corresponding format string conversion
  		    USBH_UsrLog("St %d", *RTLSDR_Handle);
../Src/main.c: 3 warnings, 0 errors
compiling stm32f4xx_hal_rcc_ex.c...
compiling stm32f4xx_hal_pwr.c...
compiling stm32f4xx_hal_sram.c...
compiling stm32f4xx_hal_gpio.c...
compiling stm32f4xx_hal_cortex.c...
compiling stm32f4xx_ll_fsmc.c...
compiling stm32f4xx_hal_flash_ramfunc.c...
compiling stm32f4xx_hal_exti.c...
compiling stm32f4xx_hal_pwr_ex.c...
compiling stm32f4xx_hal.c...
compiling stm32f4xx_hal_dma_ex.c...
compiling stm32f4xx_hal_dma.c...
compiling system_stm32f4xx.c...
compiling usbh_pipes.c...
compiling stm32f4xx_hal_tim_ex.c...
compiling usbh_core.c...
compiling stm32f4xx_hal_uart.c...
compiling usbh_hid_keybd.c...
compiling font8.c...
compiling font12.c...
compiling font16.c...
compiling usbh_ctlreq.c...
compiling font20.c...
compiling font24.c...
compiling stm32f4xx_hal_tim.c...
compiling usbh_ioreq.c...
compiling usbh_hid.c...
compiling stm32f4xx_hal_spi.c...
compiling usbh_rtlsdr.c...
..\Middlewares\ST\STM32_USB_Host_Library\Class\RTLSDR\Src\usbh_rtlsdr.c(975): warning:  #188-D: enumerated type mixed with another type
          uStatus = RTLSDR_i2c_read_reg(phost, E4K_I2C_ADDR, E4K_CHECK_ADDR);
..\Middlewares\ST\STM32_USB_Host_Library\Class\RTLSDR\Src\usbh_rtlsdr.c(992): warning:  #188-D: enumerated type mixed with another type
          uStatus = RTLSDR_i2c_read_reg(phost, FC0013_I2C_ADDR, FC0013_CHECK_ADDR);
..\Middlewares\ST\STM32_USB_Host_Library\Class\RTLSDR\Src\usbh_rtlsdr.c(1007): warning:  #188-D: enumerated type mixed with another type
        uStatus = RTLSDR_i2c_read_reg(phost, R820T_I2C_ADDR, R82XX_CHECK_ADDR);
..\Middlewares\ST\STM32_USB_Host_Library\Class\RTLSDR\Src\usbh_rtlsdr.c(1022): warning:  #188-D: enumerated type mixed with another type
        uStatus = RTLSDR_i2c_read_reg(phost, R828D_I2C_ADDR, R82XX_CHECK_ADDR);
..\Middlewares\ST\STM32_USB_Host_Library\Class\RTLSDR\Src\usbh_rtlsdr.c: 4 warnings, 0 errors
compiling usbh_hid_parser.c...
compiling stm32F407_discovery.c...
compiling usbh_hid_mouse.c...
compiling tuner_e4k.c...
..\Middlewares\ST\STM32_USB_Host_Library\Class\RTLSDR\Src\tuner_e4k.c(889): warning:  #188-D: enumerated type mixed with another type
  			uStatus = E4K_rf_filter_set(phost);
..\Middlewares\ST\STM32_USB_Host_Library\Class\RTLSDR\Src\tuner_e4k.c(145): warning:  #177-D: variable "lnagain"  was declared but never referenced
  static const int32_t lnagain[] = {
..\Middlewares\ST\STM32_USB_Host_Library\Class\RTLSDR\Src\tuner_e4k.c(161): warning:  #177-D: variable "enhgain"  was declared but never referenced
  static const int32_t enhgain[] = {
..\Middlewares\ST\STM32_USB_Host_Library\Class\RTLSDR\Src\tuner_e4k.c(314): warning:  #177-D: function "is_fvco_valid"  was declared but never referenced
  static int is_fvco_valid(uint32_t fvco_z)
..\Middlewares\ST\STM32_USB_Host_Library\Class\RTLSDR\Src\tuner_e4k.c: 4 warnings, 0 errors
compiling lcd_log.c...
..\Log\lcd_log.c(227): warning:  #177-D: variable "i"  was declared but never referenced
    uint8_t i=0;
..\Log\lcd_log.c: 1 warning, 0 errors
compiling XPT2046_touch.c...
../XPT2046/XPT2046_touch.h(25): warning:  #1295-D: Deprecated declaration XPT2046_TouchPressed - give arg types
  bool XPT2046_TouchPressed();
../XPT2046/XPT2046_touch.h(28): warning:  #1-D: last line of file ends without a newline
  #endif 
..\XPT2046\XPT2046_touch.c: 2 warnings, 0 errors
compiling ili9341.c...
..\ILI9341\ili9341.c(244): warning:  #186-D: pointless comparison of unsigned integer with zero
      if ((x < 0) || (y < 0) || (x >= lcdProperties.width) || (y >= lcdProperties.height))
..\ILI9341\ili9341.c(244): warning:  #186-D: pointless comparison of unsigned integer with zero
      if ((x < 0) || (y < 0) || (x >= lcdProperties.width) || (y >= lcdProperties.height))
..\ILI9341\ili9341.c(1059): warning:  #186-D: pointless comparison of unsigned integer with zero
      if ((x < 0) || (y < 0) || (x >= lcdProperties.width) || (y >= lcdProperties.height))
..\ILI9341\ili9341.c(1059): warning:  #186-D: pointless comparison of unsigned integer with zero
      if ((x < 0) || (y < 0) || (x >= lcdProperties.width) || (y >= lcdProperties.height))
..\ILI9341\ili9341.c: 4 warnings, 0 errors
linking...
Program Size: Code=28980 RO-data=5336 RW-data=216 ZI-data=4472  
FromELF: creating hex file...
"SDR_STM32F407VET6_USB_04\SDR_STM32F407VET6_USB_04.axf" - 0 Error(s), 18 Warning(s).

<h2>Software Packages used:</h2>

Package Vendor: ARM
                http://www.keil.com/pack/ARM.CMSIS.5.7.0.pack
                ARM.CMSIS.5.7.0
                CMSIS (Cortex Microcontroller Software Interface Standard)
   * Component: CORE Version: 5.4.0

Package Vendor: Keil
                http://www.keil.com/pack/Keil.STM32F4xx_DFP.2.13.0.pack
                Keil.STM32F4xx_DFP.2.13.0
                STMicroelectronics STM32F4 Series Device Support, Drivers and Examples

<h2>Collection of Component include folders:</h2>
  .\RTE\_SDR_STM32F407VET6_USB_04
  C:\Users\Alex\AppData\Local\Arm\Packs\ARM\CMSIS\5.7.0\CMSIS\Core\Include
  C:\Users\Alex\AppData\Local\Arm\Packs\Keil\STM32F4xx_DFP\2.13.0\Drivers\CMSIS\Device\ST\STM32F4xx\Include

<h2>Collection of Component Files used:</h2>

   * Component: ARM::CMSIS:CORE:5.4.0
      Include file:  CMSIS\Core\Include\tz_context.h
Build Time Elapsed:  00:00:15
</pre>
</body>
</html>
