<html>
<body>
<pre>
<h1>µVision Build Log</h1>
<h2>Tool Versions:</h2>
IDE-Version: µVision V5.31.0.0
Copyright (C) 2020 ARM Ltd and ARM Germany GmbH. All rights reserved.
License Information: Alex Mos, NTMP, LIC=KRMW3-ANDAY-EVW1R-KT4FY-ZLP2I-QJC53
 
Tool Versions:
Toolchain:       MDK-ARM Plus  Version: 5.31.0.0
Toolchain Path:  C:\Keil_v5\ARM\ARMCC\Bin
C Compiler:      Armcc.exe V5.06 update 6 (build 750)
Assembler:       Armasm.exe V5.06 update 6 (build 750)
Linker/Locator:  ArmLink.exe V5.06 update 6 (build 750)
Library Manager: ArmAr.exe V5.06 update 6 (build 750)
Hex Converter:   FromElf.exe V5.06 update 6 (build 750)
CPU DLL:         SARMCM3.DLL V5.31.0.0
Dialog DLL:      DCM.DLL V1.17.3.0
Target DLL:      STLink\ST-LINKIII-KEIL_SWO.dll V3.0.7.0
Dialog DLL:      TCM.DLL V1.46.0.0
 
<h2>Project:</h2>
D:\1 GIT FLARM_ALL\SDR\USB_HOST\RTLSDR_STM32F407VET6_USB_01\MDK-ARM\RTLSDR_STM32F407VET6_USB_01.uvprojx
Project File Date:  12/17/2023

<h2>Output:</h2>
*** Using Compiler 'V5.06 update 6 (build 750)', folder: 'C:\Keil_v5\ARM\ARMCC\Bin'
Rebuild target 'RTLSDR_STM32F407VET6_USB_01'
assembling startup_stm32f407xx.s...
compiling stm32f4xx_hal_hcd.c...
compiling stm32f4xx_hal_flash.c...
compiling stm32f4xx_hal_flash_ex.c...
compiling stm32f4xx_it.c...
compiling usb_host.c...
compiling stm32f4xx_hal_msp.c...
compiling usbh_conf.c...
compiling stm32f4xx_ll_usb.c...
compiling main.c...
../XPT2046/XPT2046_touch.h(25): warning:  #1295-D: Deprecated declaration XPT2046_TouchPressed - give arg types
  bool XPT2046_TouchPressed();
../Src/main.c: 1 warning, 0 errors
compiling stm32f4xx_hal_rcc_ex.c...
compiling stm32f4xx_hal_rcc.c...
compiling stm32f4xx_hal_cortex.c...
compiling stm32f4xx_hal_gpio.c...
compiling stm32f4xx_hal_flash_ramfunc.c...
compiling stm32f4xx_hal_exti.c...
compiling stm32f4xx_hal_pwr.c...
compiling stm32f4xx_hal_pwr_ex.c...
compiling stm32f4xx_hal_dma.c...
compiling stm32f4xx_hal_sram.c...
compiling stm32f4xx_ll_fsmc.c...
compiling stm32f4xx_hal.c...
compiling stm32f4xx_hal_dma_ex.c...
compiling usbh_hid.c...
compiling usbh_core.c...
compiling usbh_hid_keybd.c...
compiling usbh_ctlreq.c...
compiling usbh_pipes.c...
compiling stm32f4xx_hal_spi.c...
compiling font8.c...
compiling font12.c...
compiling font16.c...
compiling font20.c...
compiling font24.c...
compiling system_stm32f4xx.c...
compiling usbh_ioreq.c...
compiling stm32f4xx_hal_tim_ex.c...
compiling stm32f4xx_hal_tim.c...
compiling usbh_hid_parser.c...
compiling stm32f4xx_hal_uart.c...
compiling usbh_hid_mouse.c...
compiling tuner_e4k.c...
compiling XPT2046_touch.c...
../XPT2046/XPT2046_touch.h(25): warning:  #1295-D: Deprecated declaration XPT2046_TouchPressed - give arg types
  bool XPT2046_TouchPressed();
..\XPT2046\XPT2046_touch.c: 1 warning, 0 errors
compiling usbh_rtlsdr.c...
compiling ili9341.c...
linking...
Program Size: Code=29764 RO-data=9136 RW-data=228 ZI-data=4468  
FromELF: creating hex file...
"RTLSDR_STM32F407VET6_USB_01\RTLSDR_STM32F407VET6_USB_01.axf" - 0 Error(s), 2 Warning(s).

<h2>Software Packages used:</h2>

Package Vendor: ARM
                http://www.keil.com/pack/ARM.CMSIS.5.7.0.pack
                ARM.CMSIS.5.7.0
                CMSIS (Cortex Microcontroller Software Interface Standard)
   * Component: CORE Version: 5.4.0

Package Vendor: Keil
                http://www.keil.com/pack/Keil.STM32F4xx_DFP.2.13.0.pack
                Keil.STM32F4xx_DFP.2.13.0
                STMicroelectronics STM32F4 Series Device Support, Drivers and Examples

<h2>Collection of Component include folders:</h2>
  .\RTE\_RTLSDR_STM32F407VET6_USB_01
  C:\Users\Alex\AppData\Local\Arm\Packs\ARM\CMSIS\5.7.0\CMSIS\Core\Include
  C:\Users\Alex\AppData\Local\Arm\Packs\Keil\STM32F4xx_DFP\2.13.0\Drivers\CMSIS\Device\ST\STM32F4xx\Include

<h2>Collection of Component Files used:</h2>

   * Component: ARM::CMSIS:CORE:5.4.0
      Include file:  CMSIS\Core\Include\tz_context.h
Build Time Elapsed:  00:00:14
</pre>
</body>
</html>
