Component: ARM Compiler 5.06 update 6 (build 750) Tool: armlink [4d35ed]

==============================================================================

Section Cross References

    startup_stm32f407xx.o(RESET) refers to startup_stm32f407xx.o(STACK) for __initial_sp
    startup_stm32f407xx.o(RESET) refers to startup_stm32f407xx.o(.text) for Reset_Handler
    startup_stm32f407xx.o(RESET) refers to stm32f4xx_it.o(i.NMI_Handler) for NMI_Handler
    startup_stm32f407xx.o(RESET) refers to stm32f4xx_it.o(i.HardFault_Handler) for HardFault_Handler
    startup_stm32f407xx.o(RESET) refers to stm32f4xx_it.o(i.MemManage_Handler) for MemManage_Handler
    startup_stm32f407xx.o(RESET) refers to stm32f4xx_it.o(i.BusFault_Handler) for BusFault_Handler
    startup_stm32f407xx.o(RESET) refers to stm32f4xx_it.o(i.UsageFault_Handler) for UsageFault_Handler
    startup_stm32f407xx.o(RESET) refers to stm32f4xx_it.o(i.SVC_Handler) for SVC_Handler
    startup_stm32f407xx.o(RESET) refers to stm32f4xx_it.o(i.DebugMon_Handler) for DebugMon_Handler
    startup_stm32f407xx.o(RESET) refers to stm32f4xx_it.o(i.PendSV_Handler) for PendSV_Handler
    startup_stm32f407xx.o(RESET) refers to stm32f4xx_it.o(i.SysTick_Handler) for SysTick_Handler
    startup_stm32f407xx.o(RESET) refers to stm32f4xx_it.o(i.OTG_FS_IRQHandler) for OTG_FS_IRQHandler
    startup_stm32f407xx.o(.text) refers to system_stm32f4xx.o(i.SystemInit) for SystemInit
    startup_stm32f407xx.o(.text) refers to entry.o(.ARM.Collect$$$$00000000) for __main
    main.o(i.BSP_LED_Off) refers to stm32f4xx_hal_gpio.o(i.HAL_GPIO_WritePin) for HAL_GPIO_WritePin
    main.o(i.BSP_LED_Off) refers to main.o(.constdata) for .constdata
    main.o(i.BSP_LED_Off) refers to main.o(.data) for .data
    main.o(i.BSP_LED_On) refers to stm32f4xx_hal_gpio.o(i.HAL_GPIO_WritePin) for HAL_GPIO_WritePin
    main.o(i.BSP_LED_On) refers to main.o(.constdata) for .constdata
    main.o(i.BSP_LED_On) refers to main.o(.data) for .data
    main.o(i.BSP_LED_Toggle) refers to stm32f4xx_hal_gpio.o(i.HAL_GPIO_TogglePin) for HAL_GPIO_TogglePin
    main.o(i.BSP_LED_Toggle) refers to main.o(.constdata) for .constdata
    main.o(i.BSP_LED_Toggle) refers to main.o(.data) for .data
    main.o(i.BSP_PB_GetState) refers to stm32f4xx_hal_gpio.o(i.HAL_GPIO_ReadPin) for HAL_GPIO_ReadPin
    main.o(i.BSP_PB_GetState) refers to main.o(.constdata) for .constdata
    main.o(i.BSP_PB_GetState) refers to main.o(.data) for .data
    main.o(i.Error_Handler) refers to main.o(i.BSP_LED_Toggle) for BSP_LED_Toggle
    main.o(i.Error_Handler) refers to stm32f4xx_hal.o(i.HAL_Delay) for HAL_Delay
    main.o(i.MX_GPIO_Init) refers to memseta.o(.text) for __aeabi_memclr4
    main.o(i.MX_GPIO_Init) refers to stm32f4xx_hal_gpio.o(i.HAL_GPIO_WritePin) for HAL_GPIO_WritePin
    main.o(i.MX_GPIO_Init) refers to stm32f4xx_hal_gpio.o(i.HAL_GPIO_Init) for HAL_GPIO_Init
    main.o(i.SystemClock_Config) refers to memseta.o(.text) for __aeabi_memclr4
    main.o(i.SystemClock_Config) refers to stm32f4xx_hal_rcc.o(i.HAL_RCC_OscConfig) for HAL_RCC_OscConfig
    main.o(i.SystemClock_Config) refers to stm32f4xx_hal_rcc.o(i.HAL_RCC_ClockConfig) for HAL_RCC_ClockConfig
    main.o(i.SystemClock_Config) refers to main.o(i.Error_Handler) for Error_Handler
    main.o(i.fputc) refers to stm32f4xx_hal_uart.o(i.HAL_UART_Transmit) for HAL_UART_Transmit
    main.o(i.fputc) refers to main.o(.bss) for .bss
    main.o(i.main) refers to stm32f4xx_hal.o(i.HAL_Init) for HAL_Init
    main.o(i.main) refers to main.o(i.SystemClock_Config) for SystemClock_Config
    main.o(i.main) refers to main.o(i.MX_GPIO_Init) for MX_GPIO_Init
    main.o(i.main) refers to stm32f4xx_hal_uart.o(i.HAL_UART_Init) for HAL_UART_Init
    main.o(i.main) refers to main.o(i.Error_Handler) for Error_Handler
    main.o(i.main) refers to usb_host.o(i.MX_USB_HOST_Init) for MX_USB_HOST_Init
    main.o(i.main) refers to main.o(i.BSP_LED_Off) for BSP_LED_Off
    main.o(i.main) refers to stm32f4xx_hal.o(i.HAL_Delay) for HAL_Delay
    main.o(i.main) refers to main.o(i.BSP_LED_On) for BSP_LED_On
    main.o(i.main) refers to printf5.o(i.__0printf$5) for __2printf
    main.o(i.main) refers to usbh_core.o(i.USBH_RegisterClass) for USBH_RegisterClass
    main.o(i.main) refers to usbh_core.o(i.USBH_Start) for USBH_Start
    main.o(i.main) refers to usb_host.o(i.MX_USB_HOST_Process) for MX_USB_HOST_Process
    main.o(i.main) refers to main.o(.bss) for .bss
    main.o(i.main) refers to usbh_rtlsdr.o(.data) for RTLSDR_Class
    usb_host.o(i.MX_USB_HOST_Init) refers to usbh_core.o(i.USBH_Init) for USBH_Init
    usb_host.o(i.MX_USB_HOST_Init) refers to main.o(i.Error_Handler) for Error_Handler
    usb_host.o(i.MX_USB_HOST_Init) refers to usbh_core.o(i.USBH_RegisterClass) for USBH_RegisterClass
    usb_host.o(i.MX_USB_HOST_Init) refers to usbh_core.o(i.USBH_Start) for USBH_Start
    usb_host.o(i.MX_USB_HOST_Init) refers to usb_host.o(i.USBH_UserProcess) for USBH_UserProcess
[...]
    i.RTLSDR_write_array                     0x0800251c   Section        0  usbh_rtlsdr.o(i.RTLSDR_write_array)
    i.RTLSDR_write_reg                       0x08002552   Section        0  usbh_rtlsdr.o(i.RTLSDR_write_reg)
    i.SVC_Handler                            0x0800259c   Section        0  stm32f4xx_it.o(i.SVC_Handler)
    i.SysTick_Handler                        0x0800259e   Section        0  stm32f4xx_it.o(i.SysTick_Handler)
    i.SystemClock_Config                     0x080025a4   Section        0  main.o(i.SystemClock_Config)
    i.SystemInit                             0x08002634   Section        0  system_stm32f4xx.o(i.SystemInit)
    i.UART_SetConfig                         0x08002644   Section        0  stm32f4xx_hal_uart.o(i.UART_SetConfig)
    UART_SetConfig                           0x08002645   Thumb Code   258  stm32f4xx_hal_uart.o(i.UART_SetConfig)
    i.UART_WaitOnFlagUntilTimeout            0x08002750   Section        0  stm32f4xx_hal_uart.o(i.UART_WaitOnFlagUntilTimeout)
    UART_WaitOnFlagUntilTimeout              0x08002751   Thumb Code   120  stm32f4xx_hal_uart.o(i.UART_WaitOnFlagUntilTimeout)
    i.USBH_AllocPipe                         0x080027c8   Section        0  usbh_pipes.o(i.USBH_AllocPipe)
    i.USBH_BulkReceiveData                   0x08002800   Section        0  usbh_ioreq.o(i.USBH_BulkReceiveData)
    i.USBH_ClosePipe                         0x08002820   Section        0  usbh_pipes.o(i.USBH_ClosePipe)
    i.USBH_ClrFeature                        0x0800282a   Section        0  usbh_ctlreq.o(i.USBH_ClrFeature)
    i.USBH_CtlReceiveData                    0x08002848   Section        0  usbh_ioreq.o(i.USBH_CtlReceiveData)
    i.USBH_CtlReq                            0x08002866   Section        0  usbh_ctlreq.o(i.USBH_CtlReq)
    i.USBH_CtlSendData                       0x080028a0   Section        0  usbh_ioreq.o(i.USBH_CtlSendData)
    i.USBH_CtlSendSetup                      0x080028c8   Section        0  usbh_ioreq.o(i.USBH_CtlSendSetup)
    i.USBH_Delay                             0x080028e6   Section        0  usbh_conf.o(i.USBH_Delay)
    i.USBH_FindInterface                     0x080028ec   Section        0  usbh_core.o(i.USBH_FindInterface)
    i.USBH_FreePipe                          0x08002930   Section        0  usbh_pipes.o(i.USBH_FreePipe)
    i.USBH_GetDescriptor                     0x08002948   Section        0  usbh_ctlreq.o(i.USBH_GetDescriptor)
    i.USBH_GetNextDesc                       0x0800297c   Section        0  usbh_ctlreq.o(i.USBH_GetNextDesc)
    i.USBH_Get_CfgDesc                       0x0800298a   Section        0  usbh_ctlreq.o(i.USBH_Get_CfgDesc)
    i.USBH_Get_DevDesc                       0x080029b6   Section        0  usbh_ctlreq.o(i.USBH_Get_DevDesc)
    i.USBH_Get_StringDesc                    0x08002a5e   Section        0  usbh_ctlreq.o(i.USBH_Get_StringDesc)
    i.USBH_Get_USB_Status                    0x08002aa6   Section        0  usbh_conf.o(i.USBH_Get_USB_Status)
    i.USBH_HID_ClassRequest                  0x08002ac0   Section        0  usbh_hid.o(i.USBH_HID_ClassRequest)
    USBH_HID_ClassRequest                    0x08002ac1   Thumb Code   224  usbh_hid.o(i.USBH_HID_ClassRequest)
    i.USBH_HID_EventCallback                 0x08002c24   Section        0  usbh_hid.o(i.USBH_HID_EventCallback)
    i.USBH_HID_FifoInit                      0x08002c26   Section        0  usbh_hid.o(i.USBH_HID_FifoInit)
    i.USBH_HID_FifoWrite                     0x08002c34   Section        0  usbh_hid.o(i.USBH_HID_FifoWrite)
    i.USBH_HID_GetHIDReportDescriptor        0x08002c84   Section        0  usbh_hid.o(i.USBH_HID_GetHIDReportDescriptor)
    i.USBH_HID_GetReport                     0x08002c98   Section        0  usbh_hid.o(i.USBH_HID_GetReport)
    i.USBH_HID_InterfaceDeInit               0x08002cba   Section        0  usbh_hid.o(i.USBH_HID_InterfaceDeInit)
    USBH_HID_InterfaceDeInit                 0x08002cbb   Thumb Code    74  usbh_hid.o(i.USBH_HID_InterfaceDeInit)
    i.USBH_HID_InterfaceInit                 0x08002d04   Section        0  usbh_hid.o(i.USBH_HID_InterfaceInit)
    USBH_HID_InterfaceInit                   0x08002d05   Thumb Code   310  usbh_hid.o(i.USBH_HID_InterfaceInit)
    i.USBH_HID_KeybdInit                     0x08002e8c   Section        0  usbh_hid_keybd.o(i.USBH_HID_KeybdInit)
    i.USBH_HID_MouseInit                     0x08002ee8   Section        0  usbh_hid_mouse.o(i.USBH_HID_MouseInit)
    i.USBH_HID_Process                       0x08002f3c   Section        0  usbh_hid.o(i.USBH_HID_Process)
    USBH_HID_Process                         0x08002f3d   Thumb Code   224  usbh_hid.o(i.USBH_HID_Process)
    i.USBH_HID_SOFProcess                    0x0800301c   Section        0  usbh_hid.o(i.USBH_HID_SOFProcess)
    USBH_HID_SOFProcess                      0x0800301d   Thumb Code    34  usbh_hid.o(i.USBH_HID_SOFProcess)
    i.USBH_HID_SetIdle                       0x0800303e   Section        0  usbh_hid.o(i.USBH_HID_SetIdle)
    i.USBH_HID_SetProtocol                   0x08003058   Section        0  usbh_hid.o(i.USBH_HID_SetProtocol)
    i.USBH_HandleControl                     0x08003078   Section        0  usbh_ctlreq.o(i.USBH_HandleControl)
    USBH_HandleControl                       0x08003079   Thumb Code   420  usbh_ctlreq.o(i.USBH_HandleControl)
    i.USBH_HandleEnum                        0x08003250   Section        0  usbh_core.o(i.USBH_HandleEnum)
    USBH_HandleEnum                          0x08003251   Thumb Code   572  usbh_core.o(i.USBH_HandleEnum)
    i.USBH_Init                              0x08003620   Section        0  usbh_core.o(i.USBH_Init)
    i.USBH_InterruptReceiveData              0x08003690   Section        0  usbh_ioreq.o(i.USBH_InterruptReceiveData)
    i.USBH_LL_ClosePipe                      0x080036b0   Section        0  usbh_conf.o(i.USBH_LL_ClosePipe)
    i.USBH_LL_Connect                        0x080036c2   Section        0  usbh_core.o(i.USBH_LL_Connect)
    i.USBH_LL_Disconnect                     0x080036d6   Section        0  usbh_core.o(i.USBH_LL_Disconnect)
    i.USBH_LL_DriverVBUS                     0x08003704   Section        0  usbh_conf.o(i.USBH_LL_DriverVBUS)
    i.USBH_LL_GetLastXferSize                0x08003710   Section        0  usbh_conf.o(i.USBH_LL_GetLastXferSize)
    i.USBH_LL_GetSpeed                       0x08003718   Section        0  usbh_conf.o(i.USBH_LL_GetSpeed)
    i.USBH_LL_GetURBState                    0x0800373a   Section        0  usbh_conf.o(i.USBH_LL_GetURBState)
    i.USBH_LL_IncTimer                       0x08003742   Section        0  usbh_core.o(i.USBH_LL_IncTimer)
    i.USBH_LL_Init                           0x08003760   Section        0  usbh_conf.o(i.USBH_LL_Init)
    i.USBH_LL_OpenPipe                       0x080037b0   Section        0  usbh_conf.o(i.USBH_LL_OpenPipe)
    i.USBH_LL_PortDisabled                   0x080037cc   Section        0  usbh_core.o(i.USBH_LL_PortDisabled)
    i.USBH_LL_PortEnabled                    0x080037d4   Section        0  usbh_core.o(i.USBH_LL_PortEnabled)
    i.USBH_LL_ResetPort                      0x080037dc   Section        0  usbh_conf.o(i.USBH_LL_ResetPort)
    i.USBH_LL_SetTimer                       0x080037ee   Section        0  usbh_core.o(i.USBH_LL_SetTimer)
    i.USBH_LL_SetToggle                      0x080037f4   Section        0  usbh_conf.o(i.USBH_LL_SetToggle)
    i.USBH_LL_Start                          0x08003818   Section        0  usbh_conf.o(i.USBH_LL_Start)
    i.USBH_LL_Stop                           0x0800382a   Section        0  usbh_conf.o(i.USBH_LL_Stop)
    i.USBH_LL_SubmitURB                      0x0800383c   Section        0  usbh_conf.o(i.USBH_LL_SubmitURB)
    i.USBH_OpenPipe                          0x0800385e   Section        0  usbh_pipes.o(i.USBH_OpenPipe)
    i.USBH_ParseCfgDesc                      0x08003872   Section        0  usbh_ctlreq.o(i.USBH_ParseCfgDesc)
    USBH_ParseCfgDesc                        0x08003873   Thumb Code   332  usbh_ctlreq.o(i.USBH_ParseCfgDesc)
    i.USBH_ParseEPDesc                       0x080039c0   Section        0  usbh_ctlreq.o(i.USBH_ParseEPDesc)
    USBH_ParseEPDesc                         0x080039c1   Thumb Code   110  usbh_ctlreq.o(i.USBH_ParseEPDesc)
    i.USBH_Process                           0x08003a30   Section        0  usbh_core.o(i.USBH_Process)
    i.USBH_RTLSDR_ClassRequest               0x08003f04   Section        0  usbh_rtlsdr.o(i.USBH_RTLSDR_ClassRequest)
    USBH_RTLSDR_ClassRequest                 0x08003f05   Thumb Code   438  usbh_rtlsdr.o(i.USBH_RTLSDR_ClassRequest)
    i.USBH_RTLSDR_InterfaceDeInit            0x080040c8   Section        0  usbh_rtlsdr.o(i.USBH_RTLSDR_InterfaceDeInit)
    USBH_RTLSDR_InterfaceDeInit              0x080040c9   Thumb Code    54  usbh_rtlsdr.o(i.USBH_RTLSDR_InterfaceDeInit)
    i.USBH_RTLSDR_InterfaceInit              0x08004100   Section        0  usbh_rtlsdr.o(i.USBH_RTLSDR_InterfaceInit)
    USBH_RTLSDR_InterfaceInit                0x08004101   Thumb Code   194  usbh_rtlsdr.o(i.USBH_RTLSDR_InterfaceInit)
    i.USBH_RTLSDR_Process                    0x080041d0   Section        0  usbh_rtlsdr.o(i.USBH_RTLSDR_Process)
    USBH_RTLSDR_Process                      0x080041d1   Thumb Code    94  usbh_rtlsdr.o(i.USBH_RTLSDR_Process)
    i.USBH_RTLSDR_SOFProcess                 0x0800422e   Section        0  usbh_rtlsdr.o(i.USBH_RTLSDR_SOFProcess)
    USBH_RTLSDR_SOFProcess                   0x0800422f   Thumb Code     4  usbh_rtlsdr.o(i.USBH_RTLSDR_SOFProcess)
    i.USBH_RegisterClass                     0x08004234   Section        0  usbh_core.o(i.USBH_RegisterClass)
    i.USBH_SelectInterface                   0x080042b0   Section        0  usbh_core.o(i.USBH_SelectInterface)
    i.USBH_SetAddress                        0x080043a4   Section        0  usbh_ctlreq.o(i.USBH_SetAddress)
    i.USBH_SetCfg                            0x080043c0   Section        0  usbh_ctlreq.o(i.USBH_SetCfg)
    i.USBH_SetFeature                        0x080043dc   Section        0  usbh_ctlreq.o(i.USBH_SetFeature)
    i.USBH_Start                             0x080043f8   Section        0  usbh_core.o(i.USBH_Start)
    i.USBH_UserProcess                       0x0800440c   Section        0  usb_host.o(i.USBH_UserProcess)
    USBH_UserProcess                         0x0800440d   Thumb Code    28  usb_host.o(i.USBH_UserProcess)
    i.USB_CoreInit                           0x0800442c   Section        0  stm32f4xx_ll_usb.o(i.USB_CoreInit)
    i.USB_CoreReset                          0x080044a0   Section        0  stm32f4xx_ll_usb.o(i.USB_CoreReset)
    USB_CoreReset                            0x080044a1   Thumb Code    58  stm32f4xx_ll_usb.o(i.USB_CoreReset)
    i.USB_DisableGlobalInt                   0x080044e0   Section        0  stm32f4xx_ll_usb.o(i.USB_DisableGlobalInt)
    i.USB_DoPing                             0x080044ec   Section        0  stm32f4xx_ll_usb.o(i.USB_DoPing)
    i.USB_DriveVbus                          0x08004510   Section        0  stm32f4xx_ll_usb.o(i.USB_DriveVbus)
    i.USB_EnableGlobalInt                    0x0800453c   Section        0  stm32f4xx_ll_usb.o(i.USB_EnableGlobalInt)
    i.USB_FlushRxFifo                        0x08004548   Section        0  stm32f4xx_ll_usb.o(i.USB_FlushRxFifo)
    i.USB_FlushTxFifo                        0x08004584   Section        0  stm32f4xx_ll_usb.o(i.USB_FlushTxFifo)
    i.USB_GetCurrentFrame                    0x080045c4   Section        0  stm32f4xx_ll_usb.o(i.USB_GetCurrentFrame)
    i.USB_GetHostSpeed                       0x080045cc   Section        0  stm32f4xx_ll_usb.o(i.USB_GetHostSpeed)
    i.USB_GetMode                            0x080045da   Section        0  stm32f4xx_ll_usb.o(i.USB_GetMode)
    i.USB_HC_Halt                            0x080045e2   Section        0  stm32f4xx_ll_usb.o(i.USB_HC_Halt)
    i.USB_HC_Init                            0x080046a8   Section        0  stm32f4xx_ll_usb.o(i.USB_HC_Init)
    i.USB_HC_ReadInterrupt                   0x080047b2   Section        0  stm32f4xx_ll_usb.o(i.USB_HC_ReadInterrupt)
    i.USB_HC_StartXfer                       0x080047ba   Section        0  stm32f4xx_ll_usb.o(i.USB_HC_StartXfer)
    i.USB_HostInit                           0x080048fc   Section        0  stm32f4xx_ll_usb.o(i.USB_HostInit)
    i.USB_InitFSLSPClkSel                    0x080049cc   Section        0  stm32f4xx_ll_usb.o(i.USB_InitFSLSPClkSel)
    i.USB_ReadInterrupts                     0x08004a02   Section        0  stm32f4xx_ll_usb.o(i.USB_ReadInterrupts)
    i.USB_ReadPacket                         0x08004a0a   Section        0  stm32f4xx_ll_usb.o(i.USB_ReadPacket)
    i.USB_ResetPort                          0x08004a48   Section        0  stm32f4xx_ll_usb.o(i.USB_ResetPort)
    i.USB_SetCurrentMode                     0x08004a7a   Section        0  stm32f4xx_ll_usb.o(i.USB_SetCurrentMode)
    i.USB_StopHost                           0x08004ad6   Section        0  stm32f4xx_ll_usb.o(i.USB_StopHost)
    i.USB_WritePacket                        0x08004b60   Section        0  stm32f4xx_ll_usb.o(i.USB_WritePacket)
    i.UsageFault_Handler                     0x08004b88   Section        0  stm32f4xx_it.o(i.UsageFault_Handler)
    i.__0printf$5                            0x08004b8c   Section        0  printf5.o(i.__0printf$5)
    i.__NVIC_SetPriority                     0x08004bac   Section        0  stm32f4xx_hal_cortex.o(i.__NVIC_SetPriority)
    __NVIC_SetPriority                       0x08004bad   Thumb Code    32  stm32f4xx_hal_cortex.o(i.__NVIC_SetPriority)
    i.__scatterload_copy                     0x08004bcc   Section       14  handlers.o(i.__scatterload_copy)
    i.__scatterload_null                     0x08004bda   Section        2  handlers.o(i.__scatterload_null)
    i.__scatterload_zeroinit                 0x08004bdc   Section       14  handlers.o(i.__scatterload_zeroinit)
    i._printf_core                           0x08004bec   Section        0  printf5.o(i._printf_core)
    _printf_core                             0x08004bed   Thumb Code   658  printf5.o(i._printf_core)
    i.closest_arr_idx                        0x08004eac   Section        0  tuner_e4k.o(i.closest_arr_idx)
    closest_arr_idx                          0x08004ead   Thumb Code    44  tuner_e4k.o(i.closest_arr_idx)
    i.fputc                                  0x08004ed8   Section        0  main.o(i.fputc)
    i.free                                   0x08004ef0   Section        0  malloc.o(i.free)
    i.main                                   0x08004f40   Section        0  main.o(i.main)
    i.malloc                                 0x08004fe4   Section        0  malloc.o(i.malloc)
    i.unsigned_delta                         0x08005050   Section        0  tuner_e4k.o(i.unsigned_delta)
    .constdata                               0x0800505c   Section       10  main.o(.constdata)
    .constdata                               0x08005066   Section       16  system_stm32f4xx.o(.constdata)
    .constdata                               0x08005076   Section        8  system_stm32f4xx.o(.constdata)
    .constdata                               0x08005080   Section      272  tuner_e4k.o(.constdata)
    if_stage_gain_len                        0x08005080   Data           7  tuner_e4k.o(.constdata)
    width2mask                               0x08005087   Data           9  tuner_e4k.o(.constdata)
    if_stage_gain_regs                       0x08005090   Data          21  tuner_e4k.o(.constdata)
    if_filter_bw_len                         0x080050a8   Data          12  tuner_e4k.o(.constdata)
    if_filter_fields                         0x080050b4   Data           9  tuner_e4k.o(.constdata)
    rf_filt_center_uhf                       0x080050c0   Data          64  tuner_e4k.o(.constdata)
    rf_filt_center_l                         0x08005100   Data          64  tuner_e4k.o(.constdata)
    pll_vars                                 0x08005140   Data          80  tuner_e4k.o(.constdata)
    .constdata                               0x08005190   Section        2  tuner_e4k.o(.constdata)
    if_stage1_gain                           0x08005190   Data           2  tuner_e4k.o(.constdata)
    .constdata                               0x08005192   Section        4  tuner_e4k.o(.constdata)
    if_stage23_gain                          0x08005192   Data           4  tuner_e4k.o(.constdata)
    .constdata                               0x08005196   Section        4  tuner_e4k.o(.constdata)
    if_stage4_gain                           0x08005196   Data           4  tuner_e4k.o(.constdata)
    .constdata                               0x0800519a   Section        8  tuner_e4k.o(.constdata)
    if_stage56_gain                          0x0800519a   Data           8  tuner_e4k.o(.constdata)
    .constdata                               0x080051a4   Section       64  tuner_e4k.o(.constdata)
    mix_filter_bw                            0x080051a4   Data          64  tuner_e4k.o(.constdata)
    .constdata                               0x080051e4   Section       64  tuner_e4k.o(.constdata)
    ifrc_filter_bw                           0x080051e4   Data          64  tuner_e4k.o(.constdata)
    .constdata                               0x08005224   Section      128  tuner_e4k.o(.constdata)
    ifch_filter_bw                           0x08005224   Data         128  tuner_e4k.o(.constdata)
    .constdata                               0x080052a4   Section       64  usbh_rtlsdr.o(.constdata)
    RTLSDR_FIR                               0x080052a4   Data          64  usbh_rtlsdr.o(.constdata)
    .conststring                             0x080052e4   Section       66  usbh_core.o(.conststring)
    .conststring                             0x08005328   Section        4  usbh_hid.o(.conststring)
    .conststring                             0x0800532c   Section        4  tuner_e4k.o(.conststring)
    .conststring                             0x08005330   Section        7  usbh_rtlsdr.o(.conststring)
    .data                                    0x20000000   Section       20  main.o(.data)
    .data                                    0x20000014   Section        1  usb_host.o(.data)
    .data                                    0x20000018   Section       12  stm32f4xx_hal.o(.data)
    .data                                    0x20000024   Section        4  system_stm32f4xx.o(.data)
    .data                                    0x20000028   Section       32  usbh_hid.o(.data)
    .data                                    0x20000048   Section       16  usbh_hid_keybd.o(.data)
    .data                                    0x20000058   Section       24  usbh_hid_mouse.o(.data)
    .data                                    0x20000070   Section       20  tuner_e4k.o(.data)
    .data                                    0x20000084   Section       40  tuner_e4k.o(.data)
    if_stage_gain                            0x20000084   Data          28  tuner_e4k.o(.data)
    if_filter_bw                             0x200000a0   Data          12  tuner_e4k.o(.data)
    .data                                    0x200000ac   Section       32  usbh_rtlsdr.o(.data)
    .data                                    0x200000cc   Section        8  usbh_rtlsdr.o(.data)
    .data                                    0x200000d4   Section        4  stdout.o(.data)
    .data                                    0x200000d8   Section        4  mvars.o(.data)
    .data                                    0x200000dc   Section        4  mvars.o(.data)
    .bss                                     0x200000e0   Section     1052  main.o(.bss)
    .bss                                     0x200004fc   Section      984  usb_host.o(.bss)
    .bss                                     0x200008d4   Section      772  usbh_conf.o(.bss)
    .bss                                     0x20000bd8   Section       15  usbh_hid_keybd.o(.bss)
    HEAP                                     0x20000be8   Section     1024  startup_stm32f407xx.o(HEAP)
    STACK                                    0x20000fe8   Section     1024  startup_stm32f407xx.o(STACK)

    Global Symbols

    Symbol Name                              Value     Ov Type        Size  Object(Section)

    BuildAttributes$$THM_ISAv4$E$P$D$K$B$S$7EM$VFPi3$EXTD16$VFPS$VFMA$PE$A:L22UL41UL21$X:L11$S22US41US21$IEEE1$IW$USESV6$~STKCKD$USESV7$~SHL$OSPACE$ROPI$EBA8$MICROLIB$REQ8$PRES8$EABIv2 0x00000000   Number         0  anon$$obj.o ABSOLUTE
    __ARM_use_no_argv                        0x00000000   Number         0  main.o ABSOLUTE
    _printf_a                                0x00000000   Number         0  stubs.o ABSOLUTE
    _printf_c                                0x00000000   Number         0  stubs.o ABSOLUTE
    _printf_charcount                        0x00000000   Number         0  stubs.o ABSOLUTE
    _printf_d                                0x00000000   Number         0  stubs.o ABSOLUTE
    _printf_e                                0x00000000   Number         0  stubs.o ABSOLUTE
    _printf_f                                0x00000000   Number         0  stubs.o ABSOLUTE
    _printf_flags                            0x00000000   Number         0  stubs.o ABSOLUTE
    _printf_fp_dec                           0x00000000   Number         0  stubs.o ABSOLUTE
    _printf_fp_hex                           0x00000000   Number         0  stubs.o ABSOLUTE
    _printf_g                                0x00000000   Number         0  stubs.o ABSOLUTE
    _printf_i                                0x00000000   Number         0  stubs.o ABSOLUTE
    _printf_int_dec                          0x00000000   Number         0  stubs.o ABSOLUTE
    _printf_l                                0x00000000   Number         0  stubs.o ABSOLUTE
    _printf_lc                               0x00000000   Number         0  stubs.o ABSOLUTE
    _printf_ll                               0x00000000   Number         0  stubs.o ABSOLUTE
    _printf_lld                              0x00000000   Number         0  stubs.o ABSOLUTE
    _printf_lli                              0x00000000   Number         0  stubs.o ABSOLUTE
    _printf_llo                              0x00000000   Number         0  stubs.o ABSOLUTE
    _printf_llu                              0x00000000   Number         0  stubs.o ABSOLUTE
    _printf_llx                              0x00000000   Number         0  stubs.o ABSOLUTE
    _printf_longlong_dec                     0x00000000   Number         0  stubs.o ABSOLUTE
    _printf_longlong_hex                     0x00000000   Number         0  stubs.o ABSOLUTE
    _printf_longlong_oct                     0x00000000   Number         0  stubs.o ABSOLUTE
    _printf_ls                               0x00000000   Number         0  stubs.o ABSOLUTE
    _printf_mbtowc                           0x00000000   Number         0  stubs.o ABSOLUTE
    _printf_n                                0x00000000   Number         0  stubs.o ABSOLUTE
    _printf_o                                0x00000000   Number         0  stubs.o ABSOLUTE
    _printf_p                                0x00000000   Number         0  stubs.o ABSOLUTE
    _printf_percent                          0x00000000   Number         0  stubs.o ABSOLUTE
    _printf_pre_padding                      0x00000000   Number         0  stubs.o ABSOLUTE
    _printf_return_value                     0x00000000   Number         0  stubs.o ABSOLUTE
    _printf_s                                0x00000000   Number         0  stubs.o ABSOLUTE
    _printf_sizespec                         0x00000000   Number         0  stubs.o ABSOLUTE
    _printf_str                              0x00000000   Number         0  stubs.o ABSOLUTE
    _printf_truncate_signed                  0x00000000   Number         0  stubs.o ABSOLUTE
    _printf_truncate_unsigned                0x00000000   Number         0  stubs.o ABSOLUTE
    _printf_u                                0x00000000   Number         0  stubs.o ABSOLUTE
    _printf_wc                               0x00000000   Number         0  stubs.o ABSOLUTE
    _printf_wctomb                           0x00000000   Number         0  stubs.o ABSOLUTE
    _printf_widthprec                        0x00000000   Number         0  stubs.o ABSOLUTE
    _printf_x                                0x00000000   Number         0  stubs.o ABSOLUTE
    __cpp_initialize__aeabi_                  - Undefined Weak Reference
    __cxa_finalize                            - Undefined Weak Reference
    __decompress                              - Undefined Weak Reference
    _clock_init                               - Undefined Weak Reference
    _microlib_exit                            - Undefined Weak Reference
    __Vectors_Size                           0x00000188   Number         0  startup_stm32f407xx.o ABSOLUTE
    __Vectors                                0x08000000   Data           4  startup_stm32f407xx.o(RESET)
    __Vectors_End                            0x08000188   Data           0  startup_stm32f407xx.o(RESET)
    __main                                   0x08000189   Thumb Code     0  entry.o(.ARM.Collect$$$$00000000)
    _main_stk                                0x08000189   Thumb Code     0  entry2.o(.ARM.Collect$$$$00000001)
    _main_scatterload                        0x0800018d   Thumb Code     0  entry5.o(.ARM.Collect$$$$00000004)
    __main_after_scatterload                 0x08000191   Thumb Code     0  entry5.o(.ARM.Collect$$$$00000004)
    _main_clock                              0x08000191   Thumb Code     0  entry7b.o(.ARM.Collect$$$$00000008)
    _main_cpp_init                           0x08000191   Thumb Code     0  entry8b.o(.ARM.Collect$$$$0000000A)
    _main_init                               0x08000191   Thumb Code     0  entry9a.o(.ARM.Collect$$$$0000000B)
    __rt_final_cpp                           0x08000199   Thumb Code     0  entry10a.o(.ARM.Collect$$$$0000000D)
    __rt_final_exit                          0x08000199   Thumb Code     0  entry11a.o(.ARM.Collect$$$$0000000F)
    Reset_Handler                            0x0800019d   Thumb Code     8  startup_stm32f407xx.o(.text)
    ADC_IRQHandler                           0x080001b7   Thumb Code     0  startup_stm32f407xx.o(.text)
    CAN1_RX0_IRQHandler                      0x080001b7   Thumb Code     0  startup_stm32f407xx.o(.text)
    CAN1_RX1_IRQHandler                      0x080001b7   Thumb Code     0  startup_stm32f407xx.o(.text)
    CAN1_SCE_IRQHandler                      0x080001b7   Thumb Code     0  startup_stm32f407xx.o(.text)
    CAN1_TX_IRQHandler                       0x080001b7   Thumb Code     0  startup_stm32f407xx.o(.text)
    CAN2_RX0_IRQHandler                      0x080001b7   Thumb Code     0  startup_stm32f407xx.o(.text)
    CAN2_RX1_IRQHandler                      0x080001b7   Thumb Code     0  startup_stm32f407xx.o(.text)
    CAN2_SCE_IRQHandler                      0x080001b7   Thumb Code     0  startup_stm32f407xx.o(.text)
    CAN2_TX_IRQHandler                       0x080001b7   Thumb Code     0  startup_stm32f407xx.o(.text)
    DCMI_IRQHandler                          0x080001b7   Thumb Code     0  startup_stm32f407xx.o(.text)
    DMA1_Stream0_IRQHandler                  0x080001b7   Thumb Code     0  startup_stm32f407xx.o(.text)
    DMA1_Stream1_IRQHandler                  0x080001b7   Thumb Code     0  startup_stm32f407xx.o(.text)
    DMA1_Stream2_IRQHandler                  0x080001b7   Thumb Code     0  startup_stm32f407xx.o(.text)
    DMA1_Stream3_IRQHandler                  0x080001b7   Thumb Code     0  startup_stm32f407xx.o(.text)
    DMA1_Stream4_IRQHandler                  0x080001b7   Thumb Code     0  startup_stm32f407xx.o(.text)
    DMA1_Stream5_IRQHandler                  0x080001b7   Thumb Code     0  startup_stm32f407xx.o(.text)
    DMA1_Stream6_IRQHandler                  0x080001b7   Thumb Code     0  startup_stm32f407xx.o(.text)
    DMA1_Stream7_IRQHandler                  0x080001b7   Thumb Code     0  startup_stm32f407xx.o(.text)
    DMA2_Stream0_IRQHandler                  0x080001b7   Thumb Code     0  startup_stm32f407xx.o(.text)
    DMA2_Stream1_IRQHandler                  0x080001b7   Thumb Code     0  startup_stm32f407xx.o(.text)
    DMA2_Stream2_IRQHandler                  0x080001b7   Thumb Code     0  startup_stm32f407xx.o(.text)
    DMA2_Stream3_IRQHandler                  0x080001b7   Thumb Code     0  startup_stm32f407xx.o(.text)
    DMA2_Stream4_IRQHandler                  0x080001b7   Thumb Code     0  startup_stm32f407xx.o(.text)
    DMA2_Stream5_IRQHandler                  0x080001b7   Thumb Code     0  startup_stm32f407xx.o(.text)
    DMA2_Stream6_IRQHandler                  0x080001b7   Thumb Code     0  startup_stm32f407xx.o(.text)
    DMA2_Stream7_IRQHandler                  0x080001b7   Thumb Code     0  startup_stm32f407xx.o(.text)
    ETH_IRQHandler                           0x080001b7   Thumb Code     0  startup_stm32f407xx.o(.text)
    ETH_WKUP_IRQHandler                      0x080001b7   Thumb Code     0  startup_stm32f407xx.o(.text)
    EXTI0_IRQHandler                         0x080001b7   Thumb Code     0  startup_stm32f407xx.o(.text)
    EXTI15_10_IRQHandler                     0x080001b7   Thumb Code     0  startup_stm32f407xx.o(.text)
    EXTI1_IRQHandler                         0x080001b7   Thumb Code     0  startup_stm32f407xx.o(.text)
    EXTI2_IRQHandler                         0x080001b7   Thumb Code     0  startup_stm32f407xx.o(.text)
    EXTI3_IRQHandler                         0x080001b7   Thumb Code     0  startup_stm32f407xx.o(.text)
    EXTI4_IRQHandler                         0x080001b7   Thumb Code     0  startup_stm32f407xx.o(.text)
    EXTI9_5_IRQHandler                       0x080001b7   Thumb Code     0  startup_stm32f407xx.o(.text)
    FLASH_IRQHandler                         0x080001b7   Thumb Code     0  startup_stm32f407xx.o(.text)
    FMC_IRQHandler                           0x080001b7   Thumb Code     0  startup_stm32f407xx.o(.text)
    FPU_IRQHandler                           0x080001b7   Thumb Code     0  startup_stm32f407xx.o(.text)
    HASH_RNG_IRQHandler                      0x080001b7   Thumb Code     0  startup_stm32f407xx.o(.text)
    I2C1_ER_IRQHandler                       0x080001b7   Thumb Code     0  startup_stm32f407xx.o(.text)
    I2C1_EV_IRQHandler                       0x080001b7   Thumb Code     0  startup_stm32f407xx.o(.text)
    I2C2_ER_IRQHandler                       0x080001b7   Thumb Code     0  startup_stm32f407xx.o(.text)
    I2C2_EV_IRQHandler                       0x080001b7   Thumb Code     0  startup_stm32f407xx.o(.text)
    I2C3_ER_IRQHandler                       0x080001b7   Thumb Code     0  startup_stm32f407xx.o(.text)
    I2C3_EV_IRQHandler                       0x080001b7   Thumb Code     0  startup_stm32f407xx.o(.text)
    OTG_FS_WKUP_IRQHandler                   0x080001b7   Thumb Code     0  startup_stm32f407xx.o(.text)
    OTG_HS_EP1_IN_IRQHandler                 0x080001b7   Thumb Code     0  startup_stm32f407xx.o(.text)
    OTG_HS_EP1_OUT_IRQHandler                0x080001b7   Thumb Code     0  startup_stm32f407xx.o(.text)
    OTG_HS_IRQHandler                        0x080001b7   Thumb Code     0  startup_stm32f407xx.o(.text)
    OTG_HS_WKUP_IRQHandler                   0x080001b7   Thumb Code     0  startup_stm32f407xx.o(.text)
    PVD_IRQHandler                           0x080001b7   Thumb Code     0  startup_stm32f407xx.o(.text)
    RCC_IRQHandler                           0x080001b7   Thumb Code     0  startup_stm32f407xx.o(.text)
    RTC_Alarm_IRQHandler                     0x080001b7   Thumb Code     0  startup_stm32f407xx.o(.text)
    RTC_WKUP_IRQHandler                      0x080001b7   Thumb Code     0  startup_stm32f407xx.o(.text)
    SDIO_IRQHandler                          0x080001b7   Thumb Code     0  startup_stm32f407xx.o(.text)
    SPI1_IRQHandler                          0x080001b7   Thumb Code     0  startup_stm32f407xx.o(.text)
    SPI2_IRQHandler                          0x080001b7   Thumb Code     0  startup_stm32f407xx.o(.text)
    SPI3_IRQHandler                          0x080001b7   Thumb Code     0  startup_stm32f407xx.o(.text)
    TAMP_STAMP_IRQHandler                    0x080001b7   Thumb Code     0  startup_stm32f407xx.o(.text)
    TIM1_BRK_TIM9_IRQHandler                 0x080001b7   Thumb Code     0  startup_stm32f407xx.o(.text)
    TIM1_CC_IRQHandler                       0x080001b7   Thumb Code     0  startup_stm32f407xx.o(.text)
    TIM1_TRG_COM_TIM11_IRQHandler            0x080001b7   Thumb Code     0  startup_stm32f407xx.o(.text)
    TIM1_UP_TIM10_IRQHandler                 0x080001b7   Thumb Code     0  startup_stm32f407xx.o(.text)
    TIM2_IRQHandler                          0x080001b7   Thumb Code     0  startup_stm32f407xx.o(.text)
    TIM3_IRQHandler                          0x080001b7   Thumb Code     0  startup_stm32f407xx.o(.text)
    TIM4_IRQHandler                          0x080001b7   Thumb Code     0  startup_stm32f407xx.o(.text)
    TIM5_IRQHandler                          0x080001b7   Thumb Code     0  startup_stm32f407xx.o(.text)
    TIM6_DAC_IRQHandler                      0x080001b7   Thumb Code     0  startup_stm32f407xx.o(.text)
    TIM7_IRQHandler                          0x080001b7   Thumb Code     0  startup_stm32f407xx.o(.text)
    TIM8_BRK_TIM12_IRQHandler                0x080001b7   Thumb Code     0  startup_stm32f407xx.o(.text)
    TIM8_CC_IRQHandler                       0x080001b7   Thumb Code     0  startup_stm32f407xx.o(.text)
    TIM8_TRG_COM_TIM14_IRQHandler            0x080001b7   Thumb Code     0  startup_stm32f407xx.o(.text)
    TIM8_UP_TIM13_IRQHandler                 0x080001b7   Thumb Code     0  startup_stm32f407xx.o(.text)
    UART4_IRQHandler                         0x080001b7   Thumb Code     0  startup_stm32f407xx.o(.text)
    UART5_IRQHandler                         0x080001b7   Thumb Code     0  startup_stm32f407xx.o(.text)
    USART1_IRQHandler                        0x080001b7   Thumb Code     0  startup_stm32f407xx.o(.text)
    USART2_IRQHandler                        0x080001b7   Thumb Code     0  startup_stm32f407xx.o(.text)
    USART3_IRQHandler                        0x080001b7   Thumb Code     0  startup_stm32f407xx.o(.text)
    USART6_IRQHandler                        0x080001b7   Thumb Code     0  startup_stm32f407xx.o(.text)
    WWDG_IRQHandler                          0x080001b7   Thumb Code     0  startup_stm32f407xx.o(.text)
    __aeabi_uldivmod                         0x080001c1   Thumb Code    98  uldiv.o(.text)
    __aeabi_memcpy                           0x08000223   Thumb Code    36  memcpya.o(.text)
    __aeabi_memcpy4                          0x08000223   Thumb Code     0  memcpya.o(.text)
    __aeabi_memcpy8                          0x08000223   Thumb Code     0  memcpya.o(.text)
    __aeabi_memset                           0x08000247   Thumb Code    14  memseta.o(.text)
    __aeabi_memset4                          0x08000247   Thumb Code     0  memseta.o(.text)
    __aeabi_memset8                          0x08000247   Thumb Code     0  memseta.o(.text)
    __aeabi_memclr                           0x08000255   Thumb Code     4  memseta.o(.text)
    __aeabi_memclr4                          0x08000255   Thumb Code     0  memseta.o(.text)
    __aeabi_memclr8                          0x08000255   Thumb Code     0  memseta.o(.text)
    _memset$wrapper                          0x08000259   Thumb Code    18  memseta.o(.text)
    __aeabi_ddiv                             0x0800026b   Thumb Code   222  ddiv.o(.text)
    __aeabi_ui2d                             0x08000349   Thumb Code    26  dfltui.o(.text)
    __aeabi_d2uiz                            0x08000363   Thumb Code    50  dfixui.o(.text)
    __aeabi_cdcmpeq                          0x08000395   Thumb Code     0  cdcmple.o(.text)
    __aeabi_cdcmple                          0x08000395   Thumb Code    48  cdcmple.o(.text)
    __aeabi_llsl                             0x080003c5   Thumb Code    30  llshl.o(.text)
    _ll_shift_l                              0x080003c5   Thumb Code     0  llshl.o(.text)
    __aeabi_llsr                             0x080003e3   Thumb Code    32  llushr.o(.text)
    _ll_ushift_r                             0x080003e3   Thumb Code     0  llushr.o(.text)
    __I$use$fp                               0x08000403   Thumb Code     0  iusefp.o(.text)
    _double_round                            0x08000403   Thumb Code    30  depilogue.o(.text)
    _double_epilogue                         0x08000421   Thumb Code   156  depilogue.o(.text)
    __scatterload                            0x080004bd   Thumb Code    28  init.o(.text)
    __scatterload_rt2                        0x080004bd   Thumb Code     0  init.o(.text)
    BSP_LED_Off                              0x080004e1   Thumb Code    18  main.o(i.BSP_LED_Off)
    BSP_LED_On                               0x080004fd   Thumb Code    18  main.o(i.BSP_LED_On)
    BSP_LED_Toggle                           0x08000519   Thumb Code    16  main.o(i.BSP_LED_Toggle)
    BusFault_Handler                         0x08000531   Thumb Code     2  stm32f4xx_it.o(i.BusFault_Handler)
    DebugMon_Handler                         0x08000585   Thumb Code     2  stm32f4xx_it.o(i.DebugMon_Handler)
    E4K_Init                                 0x08000589   Thumb Code    56  tuner_e4k.o(i.E4K_Init)
    E4K_InitProcess                          0x080005c5   Thumb Code   344  tuner_e4k.o(i.E4K_InitProcess)
    E4K_SetBW                                0x0800072d   Thumb Code    84  tuner_e4k.o(i.E4K_SetBW)
    E4K_band_set                             0x08000781   Thumb Code   132  tuner_e4k.o(i.E4K_band_set)
    E4K_compute_pll_params                   0x08000805   Thumb Code   174  tuner_e4k.o(i.E4K_compute_pll_params)
    E4K_enable_manual_gain                   0x080008c1   Thumb Code   136  tuner_e4k.o(i.E4K_enable_manual_gain)
    E4K_field_write                          0x08000949   Thumb Code    28  tuner_e4k.o(i.E4K_field_write)
    E4K_if_filter_bw_set                     0x08000969   Thumb Code    88  tuner_e4k.o(i.E4K_if_filter_bw_set)
    E4K_if_filter_chan_enable                0x080009c9   Thumb Code    16  tuner_e4k.o(i.E4K_if_filter_chan_enable)
    E4K_if_gain_set                          0x080009d9   Thumb Code   124  tuner_e4k.o(i.E4K_if_gain_set)
    E4K_reg_read                             0x08000a5d   Thumb Code     8  tuner_e4k.o(i.E4K_reg_read)
    E4K_reg_set_mask                         0x08000a65   Thumb Code    82  tuner_e4k.o(i.E4K_reg_set_mask)
    E4K_reg_write                            0x08000ab7   Thumb Code    10  tuner_e4k.o(i.E4K_reg_write)
    E4K_rf_filter_set                        0x08000ac1   Thumb Code    70  tuner_e4k.o(i.E4K_rf_filter_set)
    E4K_tune_freq                            0x08000b0d   Thumb Code    90  tuner_e4k.o(i.E4K_tune_freq)
    E4K_tune_params                          0x08000b69   Thumb Code   178  tuner_e4k.o(i.E4K_tune_params)
    Error_Handler                            0x08000c29   Thumb Code    46  main.o(i.Error_Handler)
    HAL_Delay                                0x08000c59   Thumb Code    32  stm32f4xx_hal.o(i.HAL_Delay)
    HAL_GPIO_Init                            0x08000c7d   Thumb Code   450  stm32f4xx_hal_gpio.o(i.HAL_GPIO_Init)
    HAL_GPIO_TogglePin                       0x08000e6d   Thumb Code    16  stm32f4xx_hal_gpio.o(i.HAL_GPIO_TogglePin)
    HAL_GPIO_WritePin                        0x08000e7d   Thumb Code    10  stm32f4xx_hal_gpio.o(i.HAL_GPIO_WritePin)
    HAL_GetTick                              0x08000e89   Thumb Code     6  stm32f4xx_hal.o(i.HAL_GetTick)
    HAL_HCD_Connect_Callback                 0x08000e95   Thumb Code     8  usbh_conf.o(i.HAL_HCD_Connect_Callback)
    HAL_HCD_Disconnect_Callback              0x08000e9d   Thumb Code     8  usbh_conf.o(i.HAL_HCD_Disconnect_Callback)
    HAL_HCD_GetCurrentFrame                  0x08000ea5   Thumb Code     6  stm32f4xx_hal_hcd.o(i.HAL_HCD_GetCurrentFrame)
    HAL_HCD_GetCurrentSpeed                  0x08000eab   Thumb Code     6  stm32f4xx_hal_hcd.o(i.HAL_HCD_GetCurrentSpeed)
    HAL_HCD_HC_GetURBState                   0x08000eb1   Thumb Code    18  stm32f4xx_hal_hcd.o(i.HAL_HCD_HC_GetURBState)
    HAL_HCD_HC_GetXferCount                  0x08000ec3   Thumb Code    16  stm32f4xx_hal_hcd.o(i.HAL_HCD_HC_GetXferCount)
    HAL_HCD_HC_Halt                          0x08000ed3   Thumb Code    36  stm32f4xx_hal_hcd.o(i.HAL_HCD_HC_Halt)
    HAL_HCD_HC_Init                          0x08000ef7   Thumb Code   118  stm32f4xx_hal_hcd.o(i.HAL_HCD_HC_Init)
    HAL_HCD_HC_NotifyURBChange_Callback      0x08000f6d   Thumb Code     2  usbh_conf.o(i.HAL_HCD_HC_NotifyURBChange_Callback)
    HAL_HCD_HC_SubmitRequest                 0x08000f6f   Thumb Code   154  stm32f4xx_hal_hcd.o(i.HAL_HCD_HC_SubmitRequest)
    HAL_HCD_IRQHandler                       0x08001009   Thumb Code   314  stm32f4xx_hal_hcd.o(i.HAL_HCD_IRQHandler)
    HAL_HCD_Init                             0x08001143   Thumb Code   114  stm32f4xx_hal_hcd.o(i.HAL_HCD_Init)
    HAL_HCD_MspInit                          0x080011b5   Thumb Code   122  usbh_conf.o(i.HAL_HCD_MspInit)
    HAL_HCD_PortDisabled_Callback            0x08001239   Thumb Code     8  usbh_conf.o(i.HAL_HCD_PortDisabled_Callback)
    HAL_HCD_PortEnabled_Callback             0x08001241   Thumb Code     8  usbh_conf.o(i.HAL_HCD_PortEnabled_Callback)
    HAL_HCD_ResetPort                        0x08001249   Thumb Code     6  stm32f4xx_hal_hcd.o(i.HAL_HCD_ResetPort)
    HAL_HCD_SOF_Callback                     0x0800124f   Thumb Code     8  usbh_conf.o(i.HAL_HCD_SOF_Callback)
    HAL_HCD_Start                            0x08001257   Thumb Code    44  stm32f4xx_hal_hcd.o(i.HAL_HCD_Start)
    HAL_HCD_Stop                             0x08001283   Thumb Code    36  stm32f4xx_hal_hcd.o(i.HAL_HCD_Stop)
    HAL_IncTick                              0x080012a9   Thumb Code    12  stm32f4xx_hal.o(i.HAL_IncTick)
    HAL_Init                                 0x080012b9   Thumb Code    48  stm32f4xx_hal.o(i.HAL_Init)
    HAL_InitTick                             0x080012ed   Thumb Code    54  stm32f4xx_hal.o(i.HAL_InitTick)
    HAL_MspInit                              0x0800132d   Thumb Code    42  stm32f4xx_hal_msp.o(i.HAL_MspInit)
    HAL_NVIC_EnableIRQ                       0x0800135d   Thumb Code    26  stm32f4xx_hal_cortex.o(i.HAL_NVIC_EnableIRQ)
    HAL_NVIC_SetPriority                     0x08001379   Thumb Code    60  stm32f4xx_hal_cortex.o(i.HAL_NVIC_SetPriority)
    HAL_NVIC_SetPriorityGrouping             0x080013b9   Thumb Code    26  stm32f4xx_hal_cortex.o(i.HAL_NVIC_SetPriorityGrouping)
    HAL_RCC_ClockConfig                      0x080013dd   Thumb Code   288  stm32f4xx_hal_rcc.o(i.HAL_RCC_ClockConfig)
    HAL_RCC_GetPCLK1Freq                     0x08001511   Thumb Code    20  stm32f4xx_hal_rcc.o(i.HAL_RCC_GetPCLK1Freq)
    HAL_RCC_GetPCLK2Freq                     0x08001531   Thumb Code    20  stm32f4xx_hal_rcc.o(i.HAL_RCC_GetPCLK2Freq)
    HAL_RCC_GetSysClockFreq                  0x08001551   Thumb Code    88  stm32f4xx_hal_rcc.o(i.HAL_RCC_GetSysClockFreq)
    HAL_RCC_OscConfig                        0x080015b1   Thumb Code   856  stm32f4xx_hal_rcc.o(i.HAL_RCC_OscConfig)
    HAL_SYSTICK_Config                       0x0800191d   Thumb Code    40  stm32f4xx_hal_cortex.o(i.HAL_SYSTICK_Config)
    HAL_UART_Init                            0x08001945   Thumb Code    98  stm32f4xx_hal_uart.o(i.HAL_UART_Init)
    HAL_UART_MspInit                         0x080019a9   Thumb Code    94  stm32f4xx_hal_msp.o(i.HAL_UART_MspInit)
    HAL_UART_Transmit                        0x08001a15   Thumb Code   178  stm32f4xx_hal_uart.o(i.HAL_UART_Transmit)
    HardFault_Handler                        0x08001fed   Thumb Code     2  stm32f4xx_it.o(i.HardFault_Handler)
    MX_USB_HOST_Init                         0x08002081   Thumb Code    52  usb_host.o(i.MX_USB_HOST_Init)
    MX_USB_HOST_Process                      0x080020c1   Thumb Code     6  usb_host.o(i.MX_USB_HOST_Process)
    MemManage_Handler                        0x080020cd   Thumb Code     2  stm32f4xx_it.o(i.MemManage_Handler)
    NMI_Handler                              0x080020cf   Thumb Code     2  stm32f4xx_it.o(i.NMI_Handler)
    OTG_FS_IRQHandler                        0x080020d1   Thumb Code     6  stm32f4xx_it.o(i.OTG_FS_IRQHandler)
    PendSV_Handler                           0x080020dd   Thumb Code     2  stm32f4xx_it.o(i.PendSV_Handler)
    RTLSDR_demod_read_reg                    0x080020df   Thumb Code    58  usbh_rtlsdr.o(i.RTLSDR_demod_read_reg)
    RTLSDR_demod_write_reg                   0x08002119   Thumb Code   136  usbh_rtlsdr.o(i.RTLSDR_demod_write_reg)
    RTLSDR_i2c_read_reg                      0x080021a1   Thumb Code   100  usbh_rtlsdr.o(i.RTLSDR_i2c_read_reg)
    RTLSDR_i2c_write_reg                     0x08002205   Thumb Code    38  usbh_rtlsdr.o(i.RTLSDR_i2c_write_reg)
    RTLSDR_probe_tuners                      0x0800222d   Thumb Code   144  usbh_rtlsdr.o(i.RTLSDR_probe_tuners)
    RTLSDR_read_array                        0x080022c1   Thumb Code    48  usbh_rtlsdr.o(i.RTLSDR_read_array)
    RTLSDR_set_fir                           0x080022f1   Thumb Code   188  usbh_rtlsdr.o(i.RTLSDR_set_fir)
    RTLSDR_set_i2c_repeater                  0x080023b1   Thumb Code    24  usbh_rtlsdr.o(i.RTLSDR_set_i2c_repeater)
    RTLSDR_set_sample_rate                   0x080023c9   Thumb Code   304  usbh_rtlsdr.o(i.RTLSDR_set_sample_rate)
    RTLSDR_set_test_mode                     0x08002505   Thumb Code    24  usbh_rtlsdr.o(i.RTLSDR_set_test_mode)
    RTLSDR_write_array                       0x0800251d   Thumb Code    54  usbh_rtlsdr.o(i.RTLSDR_write_array)
    RTLSDR_write_reg                         0x08002553   Thumb Code    74  usbh_rtlsdr.o(i.RTLSDR_write_reg)
    SVC_Handler                              0x0800259d   Thumb Code     2  stm32f4xx_it.o(i.SVC_Handler)
    SysTick_Handler                          0x0800259f   Thumb Code     4  stm32f4xx_it.o(i.SysTick_Handler)
    SystemClock_Config                       0x080025a5   Thumb Code   134  main.o(i.SystemClock_Config)
    SystemInit                               0x08002635   Thumb Code    12  system_stm32f4xx.o(i.SystemInit)
    USBH_AllocPipe                           0x080027c9   Thumb Code    56  usbh_pipes.o(i.USBH_AllocPipe)
    USBH_BulkReceiveData                     0x08002801   Thumb Code    32  usbh_ioreq.o(i.USBH_BulkReceiveData)
    USBH_ClosePipe                           0x08002821   Thumb Code    10  usbh_pipes.o(i.USBH_ClosePipe)
    USBH_ClrFeature                          0x0800282b   Thumb Code    30  usbh_ctlreq.o(i.USBH_ClrFeature)
    USBH_CtlReceiveData                      0x08002849   Thumb Code    30  usbh_ioreq.o(i.USBH_CtlReceiveData)
    USBH_CtlReq                              0x08002867   Thumb Code    58  usbh_ctlreq.o(i.USBH_CtlReq)
    USBH_CtlSendData                         0x080028a1   Thumb Code    40  usbh_ioreq.o(i.USBH_CtlSendData)
    USBH_CtlSendSetup                        0x080028c9   Thumb Code    30  usbh_ioreq.o(i.USBH_CtlSendSetup)
    USBH_Delay                               0x080028e7   Thumb Code     4  usbh_conf.o(i.USBH_Delay)
    USBH_FindInterface                       0x080028ed   Thumb Code    68  usbh_core.o(i.USBH_FindInterface)
    USBH_FreePipe                            0x08002931   Thumb Code    24  usbh_pipes.o(i.USBH_FreePipe)
    USBH_GetDescriptor                       0x08002949   Thumb Code    52  usbh_ctlreq.o(i.USBH_GetDescriptor)
    USBH_GetNextDesc                         0x0800297d   Thumb Code    14  usbh_ctlreq.o(i.USBH_GetNextDesc)
    USBH_Get_CfgDesc                         0x0800298b   Thumb Code    44  usbh_ctlreq.o(i.USBH_Get_CfgDesc)
    USBH_Get_DevDesc                         0x080029b7   Thumb Code   168  usbh_ctlreq.o(i.USBH_Get_DevDesc)
    USBH_Get_StringDesc                      0x08002a5f   Thumb Code    72  usbh_ctlreq.o(i.USBH_Get_StringDesc)
    USBH_Get_USB_Status                      0x08002aa7   Thumb Code    24  usbh_conf.o(i.USBH_Get_USB_Status)
    USBH_HID_EventCallback                   0x08002c25   Thumb Code     2  usbh_hid.o(i.USBH_HID_EventCallback)
    USBH_HID_FifoInit                        0x08002c27   Thumb Code    14  usbh_hid.o(i.USBH_HID_FifoInit)
    USBH_HID_FifoWrite                       0x08002c35   Thumb Code    80  usbh_hid.o(i.USBH_HID_FifoWrite)
    USBH_HID_GetHIDReportDescriptor          0x08002c85   Thumb Code    20  usbh_hid.o(i.USBH_HID_GetHIDReportDescriptor)
    USBH_HID_GetReport                       0x08002c99   Thumb Code    34  usbh_hid.o(i.USBH_HID_GetReport)
    USBH_HID_KeybdInit                       0x08002e8d   Thumb Code    84  usbh_hid_keybd.o(i.USBH_HID_KeybdInit)
    USBH_HID_MouseInit                       0x08002ee9   Thumb Code    80  usbh_hid_mouse.o(i.USBH_HID_MouseInit)
    USBH_HID_SetIdle                         0x0800303f   Thumb Code    26  usbh_hid.o(i.USBH_HID_SetIdle)
    USBH_HID_SetProtocol                     0x08003059   Thumb Code    32  usbh_hid.o(i.USBH_HID_SetProtocol)
    USBH_Init                                0x08003621   Thumb Code    80  usbh_core.o(i.USBH_Init)
    USBH_InterruptReceiveData                0x08003691   Thumb Code    32  usbh_ioreq.o(i.USBH_InterruptReceiveData)
    USBH_LL_ClosePipe                        0x080036b1   Thumb Code    18  usbh_conf.o(i.USBH_LL_ClosePipe)
    USBH_LL_Connect                          0x080036c3   Thumb Code    20  usbh_core.o(i.USBH_LL_Connect)
    USBH_LL_Disconnect                       0x080036d7   Thumb Code    46  usbh_core.o(i.USBH_LL_Disconnect)
    USBH_LL_DriverVBUS                       0x08003705   Thumb Code    12  usbh_conf.o(i.USBH_LL_DriverVBUS)
    USBH_LL_GetLastXferSize                  0x08003711   Thumb Code     8  usbh_conf.o(i.USBH_LL_GetLastXferSize)
    USBH_LL_GetSpeed                         0x08003719   Thumb Code    34  usbh_conf.o(i.USBH_LL_GetSpeed)
    USBH_LL_GetURBState                      0x0800373b   Thumb Code     8  usbh_conf.o(i.USBH_LL_GetURBState)
    USBH_LL_IncTimer                         0x08003743   Thumb Code    30  usbh_core.o(i.USBH_LL_IncTimer)
    USBH_LL_Init                             0x08003761   Thumb Code    74  usbh_conf.o(i.USBH_LL_Init)
    USBH_LL_OpenPipe                         0x080037b1   Thumb Code    28  usbh_conf.o(i.USBH_LL_OpenPipe)
    USBH_LL_PortDisabled                     0x080037cd   Thumb Code     8  usbh_core.o(i.USBH_LL_PortDisabled)
    USBH_LL_PortEnabled                      0x080037d5   Thumb Code     8  usbh_core.o(i.USBH_LL_PortEnabled)
    USBH_LL_ResetPort                        0x080037dd   Thumb Code    18  usbh_conf.o(i.USBH_LL_ResetPort)
    USBH_LL_SetTimer                         0x080037ef   Thumb Code     6  usbh_core.o(i.USBH_LL_SetTimer)
    USBH_LL_SetToggle                        0x080037f5   Thumb Code    36  usbh_conf.o(i.USBH_LL_SetToggle)
    USBH_LL_Start                            0x08003819   Thumb Code    18  usbh_conf.o(i.USBH_LL_Start)
    USBH_LL_Stop                             0x0800382b   Thumb Code    18  usbh_conf.o(i.USBH_LL_Stop)
    USBH_LL_SubmitURB                        0x0800383d   Thumb Code    34  usbh_conf.o(i.USBH_LL_SubmitURB)
    USBH_OpenPipe                            0x0800385f   Thumb Code    20  usbh_pipes.o(i.USBH_OpenPipe)
    USBH_Process                             0x08003a31   Thumb Code   750  usbh_core.o(i.USBH_Process)
    USBH_RegisterClass                       0x08004235   Thumb Code    58  usbh_core.o(i.USBH_RegisterClass)
    USBH_SelectInterface                     0x080042b1   Thumb Code   120  usbh_core.o(i.USBH_SelectInterface)
    USBH_SetAddress                          0x080043a5   Thumb Code    28  usbh_ctlreq.o(i.USBH_SetAddress)
    USBH_SetCfg                              0x080043c1   Thumb Code    28  usbh_ctlreq.o(i.USBH_SetCfg)
    USBH_SetFeature                          0x080043dd   Thumb Code    28  usbh_ctlreq.o(i.USBH_SetFeature)
    USBH_Start                               0x080043f9   Thumb Code    20  usbh_core.o(i.USBH_Start)
    USB_CoreInit                             0x0800442d   Thumb Code   112  stm32f4xx_ll_usb.o(i.USB_CoreInit)
    USB_DisableGlobalInt                     0x080044e1   Thumb Code    12  stm32f4xx_ll_usb.o(i.USB_DisableGlobalInt)
    USB_DoPing                               0x080044ed   Thumb Code    30  stm32f4xx_ll_usb.o(i.USB_DoPing)
    USB_DriveVbus                            0x08004511   Thumb Code    44  stm32f4xx_ll_usb.o(i.USB_DriveVbus)
    USB_EnableGlobalInt                      0x0800453d   Thumb Code    12  stm32f4xx_ll_usb.o(i.USB_EnableGlobalInt)
    USB_FlushRxFifo                          0x08004549   Thumb Code    54  stm32f4xx_ll_usb.o(i.USB_FlushRxFifo)
    USB_FlushTxFifo                          0x08004585   Thumb Code    58  stm32f4xx_ll_usb.o(i.USB_FlushTxFifo)
    USB_GetCurrentFrame                      0x080045c5   Thumb Code     8  stm32f4xx_ll_usb.o(i.USB_GetCurrentFrame)
    USB_GetHostSpeed                         0x080045cd   Thumb Code    14  stm32f4xx_ll_usb.o(i.USB_GetHostSpeed)
    USB_GetMode                              0x080045db   Thumb Code     8  stm32f4xx_ll_usb.o(i.USB_GetMode)
    USB_HC_Halt                              0x080045e3   Thumb Code   196  stm32f4xx_ll_usb.o(i.USB_HC_Halt)
    USB_HC_Init                              0x080046a9   Thumb Code   266  stm32f4xx_ll_usb.o(i.USB_HC_Init)
    USB_HC_ReadInterrupt                     0x080047b3   Thumb Code     8  stm32f4xx_ll_usb.o(i.USB_HC_ReadInterrupt)
    USB_HC_StartXfer                         0x080047bb   Thumb Code   320  stm32f4xx_ll_usb.o(i.USB_HC_StartXfer)
    USB_HostInit                             0x080048fd   Thumb Code   188  stm32f4xx_ll_usb.o(i.USB_HostInit)
    USB_InitFSLSPClkSel                      0x080049cd   Thumb Code    54  stm32f4xx_ll_usb.o(i.USB_InitFSLSPClkSel)
    USB_ReadInterrupts                       0x08004a03   Thumb Code     8  stm32f4xx_ll_usb.o(i.USB_ReadInterrupts)
    USB_ReadPacket                           0x08004a0b   Thumb Code    62  stm32f4xx_ll_usb.o(i.USB_ReadPacket)
    USB_ResetPort                            0x08004a49   Thumb Code    50  stm32f4xx_ll_usb.o(i.USB_ResetPort)
    USB_SetCurrentMode                       0x08004a7b   Thumb Code    92  stm32f4xx_ll_usb.o(i.USB_SetCurrentMode)
    USB_StopHost                             0x08004ad7   Thumb Code   138  stm32f4xx_ll_usb.o(i.USB_StopHost)
    USB_WritePacket                          0x08004b61   Thumb Code    40  stm32f4xx_ll_usb.o(i.USB_WritePacket)
    UsageFault_Handler                       0x08004b89   Thumb Code     2  stm32f4xx_it.o(i.UsageFault_Handler)
    __0printf$5                              0x08004b8d   Thumb Code    22  printf5.o(i.__0printf$5)
    __1printf$5                              0x08004b8d   Thumb Code     0  printf5.o(i.__0printf$5)
    __2printf                                0x08004b8d   Thumb Code     0  printf5.o(i.__0printf$5)
    __scatterload_copy                       0x08004bcd   Thumb Code    14  handlers.o(i.__scatterload_copy)
    __scatterload_null                       0x08004bdb   Thumb Code     2  handlers.o(i.__scatterload_null)
    __scatterload_zeroinit                   0x08004bdd   Thumb Code    14  handlers.o(i.__scatterload_zeroinit)
    fputc                                    0x08004ed9   Thumb Code    20  main.o(i.fputc)
    free                                     0x08004ef1   Thumb Code    76  malloc.o(i.free)
    main                                     0x08004f41   Thumb Code   130  main.o(i.main)
    malloc                                   0x08004fe5   Thumb Code    92  malloc.o(i.malloc)
    unsigned_delta                           0x08005051   Thumb Code    12  tuner_e4k.o(i.unsigned_delta)
    GPIO_PIN                                 0x0800505c   Data           4  main.o(.constdata)
    BUTTON_PIN                               0x08005060   Data           6  main.o(.constdata)
    AHBPrescTable                            0x08005066   Data          16  system_stm32f4xx.o(.constdata)
    APBPrescTable                            0x08005076   Data           8  system_stm32f4xx.o(.constdata)
    Region$$Table$$Base                      0x08005338   Number         0  anon$$obj.o(Region$$Table)
    Region$$Table$$Limit                     0x08005358   Number         0  anon$$obj.o(Region$$Table)
    GPIO_PORT                                0x20000000   Data           8  main.o(.data)
    BUTTON_PORT                              0x20000008   Data          12  main.o(.data)
    Appli_state                              0x20000014   Data           1  usb_host.o(.data)
    uwTickFreq                               0x20000018   Data           1  stm32f4xx_hal.o(.data)
    uwTickPrio                               0x2000001c   Data           4  stm32f4xx_hal.o(.data)
    uwTick                                   0x20000020   Data           4  stm32f4xx_hal.o(.data)
    SystemCoreClock                          0x20000024   Data           4  system_stm32f4xx.o(.data)
    HID_Class                                0x20000028   Data          32  usbh_hid.o(.data)
    keybd_rx_report_buf                      0x20000048   Data           8  usbh_hid_keybd.o(.data)
    keybd_report_data                        0x20000050   Data           8  usbh_hid_keybd.o(.data)
    mouse_info                               0x20000058   Data           5  usbh_hid_mouse.o(.data)
    mouse_report_data                        0x20000060   Data           8  usbh_hid_mouse.o(.data)
    mouse_rx_report_buf                      0x20000068   Data           8  usbh_hid_mouse.o(.data)
    Tuner_E4K                                0x20000070   Data          20  tuner_e4k.o(.data)
    RTLSDR_Class                             0x200000ac   Data          32  usbh_rtlsdr.o(.data)
    usbh_wdt1_n                              0x200000cc   Data           4  usbh_rtlsdr.o(.data)
    usbh_wdt1_s                              0x200000d0   Data           4  usbh_rtlsdr.o(.data)
    __stdout                                 0x200000d4   Data           4  stdout.o(.data)
    __microlib_freelist                      0x200000d8   Data           4  mvars.o(.data)
    __microlib_freelist_initialised          0x200000dc   Data           4  mvars.o(.data)
    hUSBHost                                 0x200000e0   Data         984  main.o(.bss)
    huart1                                   0x200004b8   Data          68  main.o(.bss)
    hUsbHostFS                               0x200004fc   Data         984  usb_host.o(.bss)
    hhcd_USB_OTG_FS                          0x200008d4   Data         772  usbh_conf.o(.bss)
    keybd_info                               0x20000bd8   Data          15  usbh_hid_keybd.o(.bss)
    __heap_base                              0x20000be8   Data           0  startup_stm32f407xx.o(HEAP)
    __heap_limit                             0x20000fe8   Data           0  startup_stm32f407xx.o(HEAP)
    __initial_sp                             0x200013e8   Data           0  startup_stm32f407xx.o(STACK)



==============================================================================

Memory Map of the image

  Image Entry point : 0x08000189

  Load Region LR_IROM1 (Base: 0x08000000, Size: 0x00005438, Max: 0x00080000, ABSOLUTE)

    Execution Region ER_IROM1 (Exec base: 0x08000000, Load base: 0x08000000, Size: 0x00005358, Max: 0x00080000, ABSOLUTE)

    Exec Addr    Load Addr    Size         Type   Attr      Idx    E Section Name        Object

    0x08000000   0x08000000   0x00000188   Data   RO            3    RESET               startup_stm32f407xx.o
    0x08000188   0x08000188   0x00000000   Code   RO         3523  * .ARM.Collect$$$$00000000  mc_w.l(entry.o)
    0x08000188   0x08000188   0x00000004   Code   RO         3831    .ARM.Collect$$$$00000001  mc_w.l(entry2.o)
    0x0800018c   0x0800018c   0x00000004   Code   RO         3834    .ARM.Collect$$$$00000004  mc_w.l(entry5.o)
    0x08000190   0x08000190   0x00000000   Code   RO         3836    .ARM.Collect$$$$00000008  mc_w.l(entry7b.o)
    0x08000190   0x08000190   0x00000000   Code   RO         3838    .ARM.Collect$$$$0000000A  mc_w.l(entry8b.o)
    0x08000190   0x08000190   0x00000008   Code   RO         3839    .ARM.Collect$$$$0000000B  mc_w.l(entry9a.o)
    0x08000198   0x08000198   0x00000000   Code   RO         3841    .ARM.Collect$$$$0000000D  mc_w.l(entry10a.o)
    0x08000198   0x08000198   0x00000000   Code   RO         3843    .ARM.Collect$$$$0000000F  mc_w.l(entry11a.o)
    0x08000198   0x08000198   0x00000004   Code   RO         3832    .ARM.Collect$$$$00002712  mc_w.l(entry2.o)
    0x0800019c   0x0800019c   0x00000024   Code   RO            4    .text               startup_stm32f407xx.o
    0x080001c0   0x080001c0   0x00000062   Code   RO         3526    .text               mc_w.l(uldiv.o)
    0x08000222   0x08000222   0x00000024   Code   RO         3528    .text               mc_w.l(memcpya.o)
    0x08000246   0x08000246   0x00000024   Code   RO         3530    .text               mc_w.l(memseta.o)
    0x0800026a   0x0800026a   0x000000de   Code   RO         3823    .text               mf_w.l(ddiv.o)
    0x08000348   0x08000348   0x0000001a   Code   RO         3825    .text               mf_w.l(dfltui.o)
    0x08000362   0x08000362   0x00000032   Code   RO         3827    .text               mf_w.l(dfixui.o)
    0x08000394   0x08000394   0x00000030   Code   RO         3829    .text               mf_w.l(cdcmple.o)
    0x080003c4   0x080003c4   0x0000001e   Code   RO         3848    .text               mc_w.l(llshl.o)
    0x080003e2   0x080003e2   0x00000020   Code   RO         3850    .text               mc_w.l(llushr.o)
    0x08000402   0x08000402   0x00000000   Code   RO         3854    .text               mc_w.l(iusefp.o)
    0x08000402   0x08000402   0x000000ba   Code   RO         3855    .text               mf_w.l(depilogue.o)
    0x080004bc   0x080004bc   0x00000024   Code   RO         3865    .text               mc_w.l(init.o)
    0x080004e0   0x080004e0   0x0000001c   Code   RO           13    i.BSP_LED_Off       main.o
    0x080004fc   0x080004fc   0x0000001c   Code   RO           14    i.BSP_LED_On        main.o
    0x08000518   0x08000518   0x00000018   Code   RO           15    i.BSP_LED_Toggle    main.o
    0x08000530   0x08000530   0x00000002   Code   RO          454    i.BusFault_Handler  stm32f4xx_it.o
    0x08000532   0x08000532   0x00000002   PAD
    0x08000534   0x08000534   0x00000050   Code   RO         2622    i.DeInitStateMachine  usbh_core.o
    0x08000584   0x08000584   0x00000002   Code   RO          455    i.DebugMon_Handler  stm32f4xx_it.o
    0x08000586   0x08000586   0x00000002   PAD
    0x08000588   0x08000588   0x0000003c   Code   RO         3212    i.E4K_Init          tuner_e4k.o
    0x080005c4   0x080005c4   0x00000168   Code   RO         3213    i.E4K_InitProcess   tuner_e4k.o
    0x0800072c   0x0800072c   0x00000054   Code   RO         3214    i.E4K_SetBW         tuner_e4k.o
    0x08000780   0x08000780   0x00000084   Code   RO         3215    i.E4K_band_set      tuner_e4k.o
    0x08000804   0x08000804   0x000000bc   Code   RO         3216    i.E4K_compute_pll_params  tuner_e4k.o
    0x080008c0   0x080008c0   0x00000088   Code   RO         3217    i.E4K_enable_manual_gain  tuner_e4k.o
    0x08000948   0x08000948   0x00000020   Code   RO         3218    i.E4K_field_write   tuner_e4k.o
    0x08000968   0x08000968   0x00000060   Code   RO         3219    i.E4K_if_filter_bw_set  tuner_e4k.o
    0x080009c8   0x080009c8   0x00000010   Code   RO         3220    i.E4K_if_filter_chan_enable  tuner_e4k.o
    0x080009d8   0x080009d8   0x00000084   Code   RO         3221    i.E4K_if_gain_set   tuner_e4k.o
    0x08000a5c   0x08000a5c   0x00000008   Code   RO         3222    i.E4K_reg_read      tuner_e4k.o
    0x08000a64   0x08000a64   0x00000052   Code   RO         3223    i.E4K_reg_set_mask  tuner_e4k.o
    0x08000ab6   0x08000ab6   0x0000000a   Code   RO         3224    i.E4K_reg_write     tuner_e4k.o
    0x08000ac0   0x08000ac0   0x0000004c   Code   RO         3225    i.E4K_rf_filter_set  tuner_e4k.o
    0x08000b0c   0x08000b0c   0x0000005a   Code   RO         3226    i.E4K_tune_freq     tuner_e4k.o
    0x08000b66   0x08000b66   0x00000002   PAD
    0x08000b68   0x08000b68   0x000000c0   Code   RO         3227    i.E4K_tune_params   tuner_e4k.o
    0x08000c28   0x08000c28   0x0000002e   Code   RO           17    i.Error_Handler     main.o
    0x08000c56   0x08000c56   0x00000002   PAD
    0x08000c58   0x08000c58   0x00000024   Code   RO         1940    i.HAL_Delay         stm32f4xx_hal.o
    0x08000c7c   0x08000c7c   0x000001f0   Code   RO         1414    i.HAL_GPIO_Init     stm32f4xx_hal_gpio.o
    0x08000e6c   0x08000e6c   0x00000010   Code   RO         1417    i.HAL_GPIO_TogglePin  stm32f4xx_hal_gpio.o
    0x08000e7c   0x08000e7c   0x0000000a   Code   RO         1418    i.HAL_GPIO_WritePin  stm32f4xx_hal_gpio.o
    0x08000e86   0x08000e86   0x00000002   PAD
    0x08000e88   0x08000e88   0x0000000c   Code   RO         1946    i.HAL_GetTick       stm32f4xx_hal.o
    0x08000e94   0x08000e94   0x00000008   Code   RO          276    i.HAL_HCD_Connect_Callback  usbh_conf.o
    0x08000e9c   0x08000e9c   0x00000008   Code   RO          277    i.HAL_HCD_Disconnect_Callback  usbh_conf.o
    0x08000ea4   0x08000ea4   0x00000006   Code   RO          575    i.HAL_HCD_GetCurrentFrame  stm32f4xx_hal_hcd.o
    0x08000eaa   0x08000eaa   0x00000006   Code   RO          576    i.HAL_HCD_GetCurrentSpeed  stm32f4xx_hal_hcd.o
    0x08000eb0   0x08000eb0   0x00000012   Code   RO          579    i.HAL_HCD_HC_GetURBState  stm32f4xx_hal_hcd.o
    0x08000ec2   0x08000ec2   0x00000010   Code   RO          580    i.HAL_HCD_HC_GetXferCount  stm32f4xx_hal_hcd.o
    0x08000ed2   0x08000ed2   0x00000024   Code   RO          581    i.HAL_HCD_HC_Halt   stm32f4xx_hal_hcd.o
    0x08000ef6   0x08000ef6   0x00000076   Code   RO          582    i.HAL_HCD_HC_Init   stm32f4xx_hal_hcd.o
    0x08000f6c   0x08000f6c   0x00000002   Code   RO          278    i.HAL_HCD_HC_NotifyURBChange_Callback  usbh_conf.o
    0x08000f6e   0x08000f6e   0x0000009a   Code   RO          584    i.HAL_HCD_HC_SubmitRequest  stm32f4xx_hal_hcd.o
    0x08001008   0x08001008   0x0000013a   Code   RO          585    i.HAL_HCD_IRQHandler  stm32f4xx_hal_hcd.o
    0x08001142   0x08001142   0x00000072   Code   RO          586    i.HAL_HCD_Init      stm32f4xx_hal_hcd.o
    0x080011b4   0x080011b4   0x00000084   Code   RO          280    i.HAL_HCD_MspInit   usbh_conf.o
    0x08001238   0x08001238   0x00000008   Code   RO          281    i.HAL_HCD_PortDisabled_Callback  usbh_conf.o
    0x08001240   0x08001240   0x00000008   Code   RO          282    i.HAL_HCD_PortEnabled_Callback  usbh_conf.o
    0x08001248   0x08001248   0x00000006   Code   RO          591    i.HAL_HCD_ResetPort  stm32f4xx_hal_hcd.o
    0x0800124e   0x0800124e   0x00000008   Code   RO          283    i.HAL_HCD_SOF_Callback  usbh_conf.o
    0x08001256   0x08001256   0x0000002c   Code   RO          593    i.HAL_HCD_Start     stm32f4xx_hal_hcd.o
    0x08001282   0x08001282   0x00000024   Code   RO          594    i.HAL_HCD_Stop      stm32f4xx_hal_hcd.o
    0x080012a6   0x080012a6   0x00000002   PAD
    0x080012a8   0x080012a8   0x00000010   Code   RO         1952    i.HAL_IncTick       stm32f4xx_hal.o
    0x080012b8   0x080012b8   0x00000034   Code   RO         1953    i.HAL_Init          stm32f4xx_hal.o
    0x080012ec   0x080012ec   0x00000040   Code   RO         1954    i.HAL_InitTick      stm32f4xx_hal.o
    0x0800132c   0x0800132c   0x00000030   Code   RO          536    i.HAL_MspInit       stm32f4xx_hal_msp.o
    0x0800135c   0x0800135c   0x0000001a   Code   RO         1803    i.HAL_NVIC_EnableIRQ  stm32f4xx_hal_cortex.o
    0x08001376   0x08001376   0x00000002   PAD
    0x08001378   0x08001378   0x00000040   Code   RO         1809    i.HAL_NVIC_SetPriority  stm32f4xx_hal_cortex.o
    0x080013b8   0x080013b8   0x00000024   Code   RO         1810    i.HAL_NVIC_SetPriorityGrouping  stm32f4xx_hal_cortex.o
    0x080013dc   0x080013dc   0x00000134   Code   RO         1060    i.HAL_RCC_ClockConfig  stm32f4xx_hal_rcc.o
    0x08001510   0x08001510   0x00000020   Code   RO         1067    i.HAL_RCC_GetPCLK1Freq  stm32f4xx_hal_rcc.o
    0x08001530   0x08001530   0x00000020   Code   RO         1068    i.HAL_RCC_GetPCLK2Freq  stm32f4xx_hal_rcc.o
    0x08001550   0x08001550   0x00000060   Code   RO         1069    i.HAL_RCC_GetSysClockFreq  stm32f4xx_hal_rcc.o
    0x080015b0   0x080015b0   0x0000036c   Code   RO         1072    i.HAL_RCC_OscConfig  stm32f4xx_hal_rcc.o
    0x0800191c   0x0800191c   0x00000028   Code   RO         1814    i.HAL_SYSTICK_Config  stm32f4xx_hal_cortex.o
    0x08001944   0x08001944   0x00000062   Code   RO         2256    i.HAL_UART_Init     stm32f4xx_hal_uart.o
    0x080019a6   0x080019a6   0x00000002   PAD
    0x080019a8   0x080019a8   0x0000006c   Code   RO          538    i.HAL_UART_MspInit  stm32f4xx_hal_msp.o
    0x08001a14   0x08001a14   0x000000b2   Code   RO         2264    i.HAL_UART_Transmit  stm32f4xx_hal_uart.o
    0x08001ac6   0x08001ac6   0x000001ea   Code   RO          596    i.HCD_HC_IN_IRQHandler  stm32f4xx_hal_hcd.o
    0x08001cb0   0x08001cb0   0x0000021c   Code   RO          597    i.HCD_HC_OUT_IRQHandler  stm32f4xx_hal_hcd.o
    0x08001ecc   0x08001ecc   0x00000094   Code   RO          598    i.HCD_Port_IRQHandler  stm32f4xx_hal_hcd.o
    0x08001f60   0x08001f60   0x0000008c   Code   RO          599    i.HCD_RXQLVL_IRQHandler  stm32f4xx_hal_hcd.o
    0x08001fec   0x08001fec   0x00000002   Code   RO          456    i.HardFault_Handler  stm32f4xx_it.o
    0x08001fee   0x08001fee   0x00000002   PAD
    0x08001ff0   0x08001ff0   0x00000090   Code   RO           18    i.MX_GPIO_Init      main.o
    0x08002080   0x08002080   0x00000040   Code   RO          223    i.MX_USB_HOST_Init  usb_host.o
    0x080020c0   0x080020c0   0x0000000c   Code   RO          224    i.MX_USB_HOST_Process  usb_host.o
    0x080020cc   0x080020cc   0x00000002   Code   RO          457    i.MemManage_Handler  stm32f4xx_it.o
    0x080020ce   0x080020ce   0x00000002   Code   RO          458    i.NMI_Handler       stm32f4xx_it.o
    0x080020d0   0x080020d0   0x0000000c   Code   RO          459    i.OTG_FS_IRQHandler  stm32f4xx_it.o
    0x080020dc   0x080020dc   0x00000002   Code   RO          460    i.PendSV_Handler    stm32f4xx_it.o
    0x080020de   0x080020de   0x0000003a   Code   RO         3359    i.RTLSDR_demod_read_reg  usbh_rtlsdr.o
    0x08002118   0x08002118   0x00000088   Code   RO         3360    i.RTLSDR_demod_write_reg  usbh_rtlsdr.o
    0x080021a0   0x080021a0   0x00000064   Code   RO         3362    i.RTLSDR_i2c_read_reg  usbh_rtlsdr.o
    0x08002204   0x08002204   0x00000026   Code   RO         3364    i.RTLSDR_i2c_write_reg  usbh_rtlsdr.o
    0x0800222a   0x0800222a   0x00000002   PAD
    0x0800222c   0x0800222c   0x00000094   Code   RO         3365    i.RTLSDR_probe_tuners  usbh_rtlsdr.o
    0x080022c0   0x080022c0   0x00000030   Code   RO         3366    i.RTLSDR_read_array  usbh_rtlsdr.o
    0x080022f0   0x080022f0   0x000000c0   Code   RO         3367    i.RTLSDR_set_fir    usbh_rtlsdr.o
    0x080023b0   0x080023b0   0x00000018   Code   RO         3368    i.RTLSDR_set_i2c_repeater  usbh_rtlsdr.o
    0x080023c8   0x080023c8   0x0000013c   Code   RO         3369    i.RTLSDR_set_sample_rate  usbh_rtlsdr.o
    0x08002504   0x08002504   0x00000018   Code   RO         3370    i.RTLSDR_set_test_mode  usbh_rtlsdr.o
    0x0800251c   0x0800251c   0x00000036   Code   RO         3371    i.RTLSDR_write_array  usbh_rtlsdr.o
    0x08002552   0x08002552   0x0000004a   Code   RO         3372    i.RTLSDR_write_reg  usbh_rtlsdr.o
    0x0800259c   0x0800259c   0x00000002   Code   RO          461    i.SVC_Handler       stm32f4xx_it.o
    0x0800259e   0x0800259e   0x00000004   Code   RO          462    i.SysTick_Handler   stm32f4xx_it.o
    0x080025a2   0x080025a2   0x00000002   PAD
    0x080025a4   0x080025a4   0x00000090   Code   RO           19    i.SystemClock_Config  main.o
    0x08002634   0x08002634   0x00000010   Code   RO         2585    i.SystemInit        system_stm32f4xx.o
    0x08002644   0x08002644   0x0000010c   Code   RO         2282    i.UART_SetConfig    stm32f4xx_hal_uart.o
    0x08002750   0x08002750   0x00000078   Code   RO         2285    i.UART_WaitOnFlagUntilTimeout  stm32f4xx_hal_uart.o
    0x080027c8   0x080027c8   0x00000038   Code   RO         2929    i.USBH_AllocPipe    usbh_pipes.o
    0x08002800   0x08002800   0x00000020   Code   RO         2857    i.USBH_BulkReceiveData  usbh_ioreq.o
    0x08002820   0x08002820   0x0000000a   Code   RO         2930    i.USBH_ClosePipe    usbh_pipes.o
    0x0800282a   0x0800282a   0x0000001e   Code   RO         2758    i.USBH_ClrFeature   usbh_ctlreq.o
    0x08002848   0x08002848   0x0000001e   Code   RO         2859    i.USBH_CtlReceiveData  usbh_ioreq.o
    0x08002866   0x08002866   0x0000003a   Code   RO         2759    i.USBH_CtlReq       usbh_ctlreq.o
    0x080028a0   0x080028a0   0x00000028   Code   RO         2860    i.USBH_CtlSendData  usbh_ioreq.o
    0x080028c8   0x080028c8   0x0000001e   Code   RO         2861    i.USBH_CtlSendSetup  usbh_ioreq.o
    0x080028e6   0x080028e6   0x00000004   Code   RO          284    i.USBH_Delay        usbh_conf.o
    0x080028ea   0x080028ea   0x00000002   PAD
    0x080028ec   0x080028ec   0x00000044   Code   RO         2624    i.USBH_FindInterface  usbh_core.o
    0x08002930   0x08002930   0x00000018   Code   RO         2931    i.USBH_FreePipe     usbh_pipes.o
    0x08002948   0x08002948   0x00000034   Code   RO         2760    i.USBH_GetDescriptor  usbh_ctlreq.o
    0x0800297c   0x0800297c   0x0000000e   Code   RO         2761    i.USBH_GetNextDesc  usbh_ctlreq.o
    0x0800298a   0x0800298a   0x0000002c   Code   RO         2762    i.USBH_Get_CfgDesc  usbh_ctlreq.o
    0x080029b6   0x080029b6   0x000000a8   Code   RO         2763    i.USBH_Get_DevDesc  usbh_ctlreq.o
    0x08002a5e   0x08002a5e   0x00000048   Code   RO         2764    i.USBH_Get_StringDesc  usbh_ctlreq.o
    0x08002aa6   0x08002aa6   0x00000018   Code   RO          285    i.USBH_Get_USB_Status  usbh_conf.o
    0x08002abe   0x08002abe   0x00000002   PAD
    0x08002ac0   0x08002ac0   0x00000164   Code   RO         2971    i.USBH_HID_ClassRequest  usbh_hid.o
    0x08002c24   0x08002c24   0x00000002   Code   RO         2972    i.USBH_HID_EventCallback  usbh_hid.o
    0x08002c26   0x08002c26   0x0000000e   Code   RO         2973    i.USBH_HID_FifoInit  usbh_hid.o
    0x08002c34   0x08002c34   0x00000050   Code   RO         2975    i.USBH_HID_FifoWrite  usbh_hid.o
    0x08002c84   0x08002c84   0x00000014   Code   RO         2978    i.USBH_HID_GetHIDReportDescriptor  usbh_hid.o
    0x08002c98   0x08002c98   0x00000022   Code   RO         2980    i.USBH_HID_GetReport  usbh_hid.o
    0x08002cba   0x08002cba   0x0000004a   Code   RO         2981    i.USBH_HID_InterfaceDeInit  usbh_hid.o
    0x08002d04   0x08002d04   0x00000188   Code   RO         2982    i.USBH_HID_InterfaceInit  usbh_hid.o
    0x08002e8c   0x08002e8c   0x0000005c   Code   RO         3100    i.USBH_HID_KeybdInit  usbh_hid_keybd.o
    0x08002ee8   0x08002ee8   0x00000054   Code   RO         3145    i.USBH_HID_MouseInit  usbh_hid_mouse.o
    0x08002f3c   0x08002f3c   0x000000e0   Code   RO         2983    i.USBH_HID_Process  usbh_hid.o
    0x0800301c   0x0800301c   0x00000022   Code   RO         2984    i.USBH_HID_SOFProcess  usbh_hid.o
    0x0800303e   0x0800303e   0x0000001a   Code   RO         2985    i.USBH_HID_SetIdle  usbh_hid.o
    0x08003058   0x08003058   0x00000020   Code   RO         2986    i.USBH_HID_SetProtocol  usbh_hid.o
    0x08003078   0x08003078   0x000001d8   Code   RO         2765    i.USBH_HandleControl  usbh_ctlreq.o
    0x08003250   0x08003250   0x000003d0   Code   RO         2627    i.USBH_HandleEnum   usbh_core.o
    0x08003620   0x08003620   0x00000070   Code   RO         2628    i.USBH_Init         usbh_core.o
    0x08003690   0x08003690   0x00000020   Code   RO         2862    i.USBH_InterruptReceiveData  usbh_ioreq.o
    0x080036b0   0x080036b0   0x00000012   Code   RO          286    i.USBH_LL_ClosePipe  usbh_conf.o
    0x080036c2   0x080036c2   0x00000014   Code   RO         2630    i.USBH_LL_Connect   usbh_core.o
    0x080036d6   0x080036d6   0x0000002e   Code   RO         2631    i.USBH_LL_Disconnect  usbh_core.o
    0x08003704   0x08003704   0x0000000c   Code   RO          288    i.USBH_LL_DriverVBUS  usbh_conf.o
    0x08003710   0x08003710   0x00000008   Code   RO          289    i.USBH_LL_GetLastXferSize  usbh_conf.o
    0x08003718   0x08003718   0x00000022   Code   RO          290    i.USBH_LL_GetSpeed  usbh_conf.o
    0x0800373a   0x0800373a   0x00000008   Code   RO          292    i.USBH_LL_GetURBState  usbh_conf.o
    0x08003742   0x08003742   0x0000001e   Code   RO         2632    i.USBH_LL_IncTimer  usbh_core.o
    0x08003760   0x08003760   0x00000050   Code   RO          293    i.USBH_LL_Init      usbh_conf.o
    0x080037b0   0x080037b0   0x0000001c   Code   RO          294    i.USBH_LL_OpenPipe  usbh_conf.o
    0x080037cc   0x080037cc   0x00000008   Code   RO         2633    i.USBH_LL_PortDisabled  usbh_core.o
    0x080037d4   0x080037d4   0x00000008   Code   RO         2634    i.USBH_LL_PortEnabled  usbh_core.o
    0x080037dc   0x080037dc   0x00000012   Code   RO          295    i.USBH_LL_ResetPort  usbh_conf.o
    0x080037ee   0x080037ee   0x00000006   Code   RO         2635    i.USBH_LL_SetTimer  usbh_core.o
    0x080037f4   0x080037f4   0x00000024   Code   RO          296    i.USBH_LL_SetToggle  usbh_conf.o
    0x08003818   0x08003818   0x00000012   Code   RO          297    i.USBH_LL_Start     usbh_conf.o
    0x0800382a   0x0800382a   0x00000012   Code   RO          298    i.USBH_LL_Stop      usbh_conf.o
    0x0800383c   0x0800383c   0x00000022   Code   RO          299    i.USBH_LL_SubmitURB  usbh_conf.o
    0x0800385e   0x0800385e   0x00000014   Code   RO         2932    i.USBH_OpenPipe     usbh_pipes.o
    0x08003872   0x08003872   0x0000014c   Code   RO         2766    i.USBH_ParseCfgDesc  usbh_ctlreq.o
    0x080039be   0x080039be   0x00000002   PAD
    0x080039c0   0x080039c0   0x0000006e   Code   RO         2767    i.USBH_ParseEPDesc  usbh_ctlreq.o
    0x08003a2e   0x08003a2e   0x00000002   PAD
    0x08003a30   0x08003a30   0x000004d4   Code   RO         2636    i.USBH_Process      usbh_core.o
    0x08003f04   0x08003f04   0x000001c4   Code   RO         3373    i.USBH_RTLSDR_ClassRequest  usbh_rtlsdr.o
    0x080040c8   0x080040c8   0x00000036   Code   RO         3376    i.USBH_RTLSDR_InterfaceDeInit  usbh_rtlsdr.o
    0x080040fe   0x080040fe   0x00000002   PAD
    0x08004100   0x08004100   0x000000d0   Code   RO         3377    i.USBH_RTLSDR_InterfaceInit  usbh_rtlsdr.o
    0x080041d0   0x080041d0   0x0000005e   Code   RO         3378    i.USBH_RTLSDR_Process  usbh_rtlsdr.o
    0x0800422e   0x0800422e   0x00000004   Code   RO         3379    i.USBH_RTLSDR_SOFProcess  usbh_rtlsdr.o
    0x08004232   0x08004232   0x00000002   PAD
    0x08004234   0x08004234   0x0000007c   Code   RO         2638    i.USBH_RegisterClass  usbh_core.o
    0x080042b0   0x080042b0   0x000000f4   Code   RO         2639    i.USBH_SelectInterface  usbh_core.o
    0x080043a4   0x080043a4   0x0000001c   Code   RO         2768    i.USBH_SetAddress   usbh_ctlreq.o
    0x080043c0   0x080043c0   0x0000001c   Code   RO         2769    i.USBH_SetCfg       usbh_ctlreq.o
    0x080043dc   0x080043dc   0x0000001c   Code   RO         2770    i.USBH_SetFeature   usbh_ctlreq.o
    0x080043f8   0x080043f8   0x00000014   Code   RO         2640    i.USBH_Start        usbh_core.o
    0x0800440c   0x0800440c   0x00000020   Code   RO          225    i.USBH_UserProcess  usb_host.o
    0x0800442c   0x0800442c   0x00000074   Code   RO          759    i.USB_CoreInit      stm32f4xx_ll_usb.o
    0x080044a0   0x080044a0   0x00000040   Code   RO          760    i.USB_CoreReset     stm32f4xx_ll_usb.o
    0x080044e0   0x080044e0   0x0000000c   Code   RO          767    i.USB_DisableGlobalInt  stm32f4xx_ll_usb.o
    0x080044ec   0x080044ec   0x00000024   Code   RO          768    i.USB_DoPing        stm32f4xx_ll_usb.o
    0x08004510   0x08004510   0x0000002c   Code   RO          769    i.USB_DriveVbus     stm32f4xx_ll_usb.o
    0x0800453c   0x0800453c   0x0000000c   Code   RO          776    i.USB_EnableGlobalInt  stm32f4xx_ll_usb.o
    0x08004548   0x08004548   0x0000003c   Code   RO          777    i.USB_FlushRxFifo   stm32f4xx_ll_usb.o
    0x08004584   0x08004584   0x00000040   Code   RO          778    i.USB_FlushTxFifo   stm32f4xx_ll_usb.o
    0x080045c4   0x080045c4   0x00000008   Code   RO          779    i.USB_GetCurrentFrame  stm32f4xx_ll_usb.o
    0x080045cc   0x080045cc   0x0000000e   Code   RO          781    i.USB_GetHostSpeed  stm32f4xx_ll_usb.o
    0x080045da   0x080045da   0x00000008   Code   RO          782    i.USB_GetMode       stm32f4xx_ll_usb.o
    0x080045e2   0x080045e2   0x000000c4   Code   RO          783    i.USB_HC_Halt       stm32f4xx_ll_usb.o
    0x080046a6   0x080046a6   0x00000002   PAD
    0x080046a8   0x080046a8   0x0000010a   Code   RO          784    i.USB_HC_Init       stm32f4xx_ll_usb.o
    0x080047b2   0x080047b2   0x00000008   Code   RO          785    i.USB_HC_ReadInterrupt  stm32f4xx_ll_usb.o
    0x080047ba   0x080047ba   0x00000140   Code   RO          786    i.USB_HC_StartXfer  stm32f4xx_ll_usb.o
    0x080048fa   0x080048fa   0x00000002   PAD
    0x080048fc   0x080048fc   0x000000d0   Code   RO          787    i.USB_HostInit      stm32f4xx_ll_usb.o
    0x080049cc   0x080049cc   0x00000036   Code   RO          788    i.USB_InitFSLSPClkSel  stm32f4xx_ll_usb.o
    0x08004a02   0x08004a02   0x00000008   Code   RO          793    i.USB_ReadInterrupts  stm32f4xx_ll_usb.o
    0x08004a0a   0x08004a0a   0x0000003e   Code   RO          794    i.USB_ReadPacket    stm32f4xx_ll_usb.o
    0x08004a48   0x08004a48   0x00000032   Code   RO          795    i.USB_ResetPort     stm32f4xx_ll_usb.o
    0x08004a7a   0x08004a7a   0x0000005c   Code   RO          796    i.USB_SetCurrentMode  stm32f4xx_ll_usb.o
    0x08004ad6   0x08004ad6   0x0000008a   Code   RO          801    i.USB_StopHost      stm32f4xx_ll_usb.o
    0x08004b60   0x08004b60   0x00000028   Code   RO          802    i.USB_WritePacket   stm32f4xx_ll_usb.o
    0x08004b88   0x08004b88   0x00000002   Code   RO          463    i.UsageFault_Handler  stm32f4xx_it.o
    0x08004b8a   0x08004b8a   0x00000002   PAD
    0x08004b8c   0x08004b8c   0x00000020   Code   RO         3667    i.__0printf$5       mc_w.l(printf5.o)
    0x08004bac   0x08004bac   0x00000020   Code   RO         1816    i.__NVIC_SetPriority  stm32f4xx_hal_cortex.o
    0x08004bcc   0x08004bcc   0x0000000e   Code   RO         3871    i.__scatterload_copy  mc_w.l(handlers.o)
    0x08004bda   0x08004bda   0x00000002   Code   RO         3872    i.__scatterload_null  mc_w.l(handlers.o)
    0x08004bdc   0x08004bdc   0x0000000e   Code   RO         3873    i.__scatterload_zeroinit  mc_w.l(handlers.o)
    0x08004bea   0x08004bea   0x00000002   PAD
    0x08004bec   0x08004bec   0x000002c0   Code   RO         3674    i._printf_core      mc_w.l(printf5.o)
    0x08004eac   0x08004eac   0x0000002c   Code   RO         3228    i.closest_arr_idx   tuner_e4k.o
    0x08004ed8   0x08004ed8   0x00000018   Code   RO           20    i.fputc             main.o
    0x08004ef0   0x08004ef0   0x00000050   Code   RO         3795    i.free              mc_w.l(malloc.o)
    0x08004f40   0x08004f40   0x000000a4   Code   RO           21    i.main              main.o
    0x08004fe4   0x08004fe4   0x0000006c   Code   RO         3796    i.malloc            mc_w.l(malloc.o)
    0x08005050   0x08005050   0x0000000c   Code   RO         3229    i.unsigned_delta    tuner_e4k.o
    0x0800505c   0x0800505c   0x0000000a   Data   RO           23    .constdata          main.o
    0x08005066   0x08005066   0x00000010   Data   RO         2586    .constdata          system_stm32f4xx.o
    0x08005076   0x08005076   0x00000008   Data   RO         2587    .constdata          system_stm32f4xx.o
    0x0800507e   0x0800507e   0x00000002   PAD
    0x08005080   0x08005080   0x00000110   Data   RO         3230    .constdata          tuner_e4k.o
    0x08005190   0x08005190   0x00000002   Data   RO         3231    .constdata          tuner_e4k.o
    0x08005192   0x08005192   0x00000004   Data   RO         3232    .constdata          tuner_e4k.o
    0x08005196   0x08005196   0x00000004   Data   RO         3233    .constdata          tuner_e4k.o
    0x0800519a   0x0800519a   0x00000008   Data   RO         3234    .constdata          tuner_e4k.o
    0x080051a2   0x080051a2   0x00000002   PAD
    0x080051a4   0x080051a4   0x00000040   Data   RO         3235    .constdata          tuner_e4k.o
    0x080051e4   0x080051e4   0x00000040   Data   RO         3236    .constdata          tuner_e4k.o
    0x08005224   0x08005224   0x00000080   Data   RO         3237    .constdata          tuner_e4k.o
    0x080052a4   0x080052a4   0x00000040   Data   RO         3380    .constdata          usbh_rtlsdr.o
    0x080052e4   0x080052e4   0x00000042   Data   RO         2642    .conststring        usbh_core.o
    0x08005326   0x08005326   0x00000002   PAD
    0x08005328   0x08005328   0x00000004   Data   RO         2988    .conststring        usbh_hid.o
    0x0800532c   0x0800532c   0x00000004   Data   RO         3238    .conststring        tuner_e4k.o
    0x08005330   0x08005330   0x00000007   Data   RO         3381    .conststring        usbh_rtlsdr.o
    0x08005337   0x08005337   0x00000001   PAD
    0x08005338   0x08005338   0x00000020   Data   RO         3869    Region$$Table       anon$$obj.o


    Execution Region RW_IRAM1 (Exec base: 0x20000000, Load base: 0x08005358, Size: 0x000013e8, Max: 0x0001c000, ABSOLUTE)

    Exec Addr    Load Addr    Size         Type   Attr      Idx    E Section Name        Object

    0x20000000   0x08005358   0x00000014   Data   RW           25    .data               main.o
    0x20000014   0x0800536c   0x00000001   Data   RW          227    .data               usb_host.o
    0x20000015   0x0800536d   0x00000003   PAD
    0x20000018   0x08005370   0x0000000c   Data   RW         1960    .data               stm32f4xx_hal.o
    0x20000024   0x0800537c   0x00000004   Data   RW         2588    .data               system_stm32f4xx.o
    0x20000028   0x08005380   0x00000020   Data   RW         2989    .data               usbh_hid.o
    0x20000048   0x080053a0   0x00000010   Data   RW         3103    .data               usbh_hid_keybd.o
    0x20000058   0x080053b0   0x00000018   Data   RW         3147    .data               usbh_hid_mouse.o
    0x20000070   0x080053c8   0x00000014   Data   RW         3239    .data               tuner_e4k.o
    0x20000084   0x080053dc   0x00000028   Data   RW         3240    .data               tuner_e4k.o
    0x200000ac   0x08005404   0x00000020   Data   RW         3382    .data               usbh_rtlsdr.o
    0x200000cc   0x08005424   0x00000008   Data   RW         3383    .data               usbh_rtlsdr.o
    0x200000d4   0x0800542c   0x00000004   Data   RW         3845    .data               mc_w.l(stdout.o)
    0x200000d8   0x08005430   0x00000004   Data   RW         3852    .data               mc_w.l(mvars.o)
    0x200000dc   0x08005434   0x00000004   Data   RW         3853    .data               mc_w.l(mvars.o)
    0x200000e0        -       0x0000041c   Zero   RW           22    .bss                main.o
    0x200004fc        -       0x000003d8   Zero   RW          226    .bss                usb_host.o
    0x200008d4        -       0x00000304   Zero   RW          300    .bss                usbh_conf.o
    0x20000bd8        -       0x0000000f   Zero   RW         3101    .bss                usbh_hid_keybd.o
    0x20000be7   0x08005438   0x00000001   PAD
    0x20000be8        -       0x00000400   Zero   RW            2    HEAP                startup_stm32f407xx.o
    0x20000fe8        -       0x00000400   Zero   RW            1    STACK               startup_stm32f407xx.o


    Execution Region RW_IRAM2 (Exec base: 0x2001c000, Load base: 0x08005438, Size: 0x00000000, Max: 0x00004000, ABSOLUTE)

    **** No section assigned to this execution region ****


==============================================================================

Image component sizes


      Code (inc. data)   RO Data    RW Data    ZI Data      Debug   Object Name

       602         90         10         20       1052     683445   main.o
        36          8        392          0       2048        860   startup_stm32f407xx.o
       180         28          0         12          0       9585   stm32f4xx_hal.o
       198         14          0          0          0      34079   stm32f4xx_hal_cortex.o
       522         46          0          0          0       2933   stm32f4xx_hal_gpio.o
      2186          0          0          0          0      14221   stm32f4xx_hal_hcd.o
       156         20          0          0          0       1613   stm32f4xx_hal_msp.o
      1344         72          0          0          0       5376   stm32f4xx_hal_rcc.o
       664         10          0          0          0       4316   stm32f4xx_hal_uart.o
        32          6          0          0          0       4778   stm32f4xx_it.o
      1880         48          0          0          0      19237   stm32f4xx_ll_usb.o
        16          4         24          4          0       1175   system_stm32f4xx.o
      1750        114        550         60          0      24698   tuner_e4k.o
       108         22          0          1        984      11966   usb_host.o
       514         16          0          0        772      13149   usbh_conf.o
      2978       1132         66          0          0      11997   usbh_core.o
      1436         64          0          0          0      12258   usbh_ctlreq.o
      1288        228          4         32          0      15031   usbh_hid.o
        92          8          0         16         15       2284   usbh_hid_keybd.o
        84          4          0         24          0       1908   usbh_hid_mouse.o
       164          0          0          0          0       4440   usbh_ioreq.o
       110          0          0          0          0       3466   usbh_pipes.o
      2024         98         71         40          0      20164   usbh_rtlsdr.o

    ----------------------------------------------------------------------
     18404       2032       1156        212       4872     902979   Object Totals
         0          0         32          0          0          0   (incl. Generated)
        40          0          7          3          1          0   (incl. Padding)

    ----------------------------------------------------------------------

      Code (inc. data)   RO Data    RW Data    ZI Data      Debug   Library Member Name

         0          0          0          0          0          0   entry.o
         0          0          0          0          0          0   entry10a.o
         0          0          0          0          0          0   entry11a.o
         8          4          0          0          0          0   entry2.o
         4          0          0          0          0          0   entry5.o
         0          0          0          0          0          0   entry7b.o
         0          0          0          0          0          0   entry8b.o
         8          4          0          0          0          0   entry9a.o
        30          0          0          0          0          0   handlers.o
        36          8          0          0          0         68   init.o
         0          0          0          0          0          0   iusefp.o
        30          0          0          0          0         68   llshl.o
        32          0          0          0          0         68   llushr.o
       188         20          0          0          0        160   malloc.o
        36          0          0          0          0         68   memcpya.o
        36          0          0          0          0        108   memseta.o
         0          0          0          8          0          0   mvars.o
       736         56          0          0          0        184   printf5.o
         0          0          0          4          0          0   stdout.o
        98          0          0          0          0         92   uldiv.o
        48          0          0          0          0         68   cdcmple.o
       222          0          0          0          0        100   ddiv.o
       186          0          0          0          0        176   depilogue.o
        50          0          0          0          0         76   dfixui.o
        26          0          0          0          0         76   dfltui.o

    ----------------------------------------------------------------------
      1776         92          0         12          0       1312   Library Totals
         2          0          0          0          0          0   (incl. Padding)

    ----------------------------------------------------------------------

      Code (inc. data)   RO Data    RW Data    ZI Data      Debug   Library Name

      1242         92          0         12          0        816   mc_w.l
       532          0          0          0          0        496   mf_w.l

    ----------------------------------------------------------------------
      1776         92          0         12          0       1312   Library Totals

    ----------------------------------------------------------------------

==============================================================================


      Code (inc. data)   RO Data    RW Data    ZI Data      Debug   

     20180       2124       1156        224       4872     885619   Grand Totals
     20180       2124       1156        224       4872     885619   ELF Image Totals
     20180       2124       1156        224          0          0   ROM Totals

==============================================================================

    Total RO  Size (Code + RO Data)                21336 (  20.84kB)
    Total RW  Size (RW Data + ZI Data)              5096 (   4.98kB)
    Total ROM Size (Code + RO Data + RW Data)      21560 (  21.05kB)

==============================================================================

