<html>
<body>
<pre>
<h1>µVision Build Log</h1>
<h2>Tool Versions:</h2>
IDE-Version: µVision V5.31.0.0
Copyright (C) 2020 ARM Ltd and ARM Germany GmbH. All rights reserved.
License Information: Alex Mos, NTMP, LIC=KRMW3-ANDAY-EVW1R-KT4FY-ZLP2I-QJC53
 
Tool Versions:
Toolchain:       MDK-ARM Plus  Version: 5.31.0.0
Toolchain Path:  C:\Keil_v5\ARM\ARMCC\Bin
C Compiler:      Armcc.exe V5.06 update 6 (build 750)
Assembler:       Armasm.exe V5.06 update 6 (build 750)
Linker/Locator:  ArmLink.exe V5.06 update 6 (build 750)
Library Manager: ArmAr.exe V5.06 update 6 (build 750)
Hex Converter:   FromElf.exe V5.06 update 6 (build 750)
CPU DLL:         SARMCM3.DLL V5.31.0.0
Dialog DLL:      DCM.DLL V1.17.3.0
Target DLL:      STLink\ST-LINKIII-KEIL_SWO.dll V3.0.7.0
Dialog DLL:      TCM.DLL V1.46.0.0
 
<h2>Project:</h2>
D:\1 GIT RTLSDR\STM32\Scaner_STM32F103CBT6_02\MDK-ARM\Scaner_STM32F103CBT6_02.uvprojx
Project File Date:  08/28/2023

<h2>Output:</h2>
*** Using Compiler 'V5.06 update 6 (build 750)', folder: 'C:\Keil_v5\ARM\ARMCC\Bin'
Rebuild target 'Scaner_STM32F103CBT6_02'
assembling startup_stm32f103xb.s...
compiling fonts.c...
compiling r820t2.c...
compiling stm32f1xx_it.c...
compiling stm32f1xx_hal_gpio_ex.c...
compiling xpt2046_touch.c...
..\Core\Src\xpt2046_touch.c(62): warning:  #177-D: variable "buf"  was declared but never referenced
  	char buf[64] = {0,};
..\Core\Src\xpt2046_touch.c: 1 warning, 0 errors
compiling stm32f1xx_hal.c...
compiling stm32f1xx_hal_msp.c...
compiling stm32f1xx_hal_adc_ex.c...
compiling main.c...
../Core/Src/main.c(387): warning:  #177-D: variable "R820T2_freq"  was declared but never referenced
  	uint32_t R820T2_freq = 860000000;
../Core/Src/main.c(388): warning:  #177-D: variable "timme"  was declared but never referenced
  	uint32_t  timme = 0;
../Core/Src/main.c(389): warning:  #177-D: variable "timmeR"  was declared but never referenced
  	uint32_t  timmeR = 0;
../Core/Src/main.c(423): warning:  #177-D: variable "buf"  was declared but never referenced
  	  char buf[64] = {0,};
../Core/Src/main.c(425): warning:  #177-D: variable "flag_press"  was declared but never referenced
    uint8_t flag_press = 1;
../Core/Src/main.c(426): warning:  #177-D: variable "time_press"  was declared but never referenced
    uint32_t time_press = 0;
../Core/Src/main.c(428): warning:  #177-D: variable "flag_hold"  was declared but never referenced
    uint8_t flag_hold = 1;
../Core/Src/main.c(429): warning:  #177-D: variable "timme_hold"  was declared but never referenced
    uint32_t timme_hold = 0;
../Core/Src/main.c(431): warning:  #177-D: variable "x"  was declared but never referenced
    uint16_t x = 0;
../Core/Src/main.c(432): warning:  #177-D: variable "y"  was declared but never referenced
    uint16_t y = 0;
../Core/Src/main.c: 10 warnings, 0 errors
compiling stm32f1xx_hal_adc.c...
compiling ILI9341_GFX.c...
compiling stm32f1xx_hal_exti.c...
compiling stm32f1xx_hal_pwr.c...
compiling stm32f1xx_hal_rcc_ex.c...
compiling stm32f1xx_hal_flash_ex.c...
compiling stm32f1xx_hal_cortex.c...
compiling stm32f1xx_hal_flash.c...
compiling stm32f1xx_hal_gpio.c...
compiling stm32f1xx_hal_dma.c...
compiling stm32f1xx_hal_rcc.c...
compiling stm32f1xx_hal_spi.c...
compiling stm32f1xx_hal_i2c.c...
compiling system_stm32f1xx.c...
compiling stm32f1xx_hal_uart.c...
compiling stm32f1xx_hal_tim_ex.c...
compiling stm32f1xx_hal_tim.c...
linking...
Program Size: Code=23288 RO-data=6276 RW-data=36 ZI-data=2180  
FromELF: creating hex file...
"Scaner_STM32F103CBT6_02\Scaner_STM32F103CBT6_02.axf" - 0 Error(s), 11 Warning(s).

<h2>Software Packages used:</h2>

Package Vendor: ARM
                http://www.keil.com/pack/ARM.CMSIS.5.7.0.pack
                ARM.CMSIS.5.7.0
                CMSIS (Cortex Microcontroller Software Interface Standard)
   * Component: CORE Version: 5.4.0

Package Vendor: Keil
                https://www.keil.com/pack/Keil.STM32F1xx_DFP.2.4.1.pack
                Keil.STM32F1xx_DFP.2.4.1
                STMicroelectronics STM32F1 Series Device Support, Drivers and Examples

<h2>Collection of Component include folders:</h2>
  .\RTE\_Scaner_STM32F103CBT6_02
  C:\Users\Alex\AppData\Local\Arm\Packs\ARM\CMSIS\5.7.0\CMSIS\Core\Include
  C:\Users\Alex\AppData\Local\Arm\Packs\Keil\STM32F1xx_DFP\2.4.1\Device\Include

<h2>Collection of Component Files used:</h2>

   * Component: ARM::CMSIS:CORE:5.4.0
      Include file:  CMSIS\Core\Include\tz_context.h
Build Time Elapsed:  00:00:05
</pre>
</body>
</html>
