<html>
<body>
<pre>
<h1>µVision Build Log</h1>
<h2>Tool Versions:</h2>
IDE-Version: µVision V5.31.0.0
Copyright (C) 2020 ARM Ltd and ARM Germany GmbH. All rights reserved.
License Information: Alex Mos, NTMP, LIC=KRMW3-ANDAY-EVW1R-KT4FY-ZLP2I-QJC53
 
Tool Versions:
Toolchain:       MDK-ARM Plus  Version: 5.31.0.0
Toolchain Path:  C:\Keil_v5\ARM\ARMCC\Bin
C Compiler:      Armcc.exe V5.06 update 6 (build 750)
Assembler:       Armasm.exe V5.06 update 6 (build 750)
Linker/Locator:  ArmLink.exe V5.06 update 6 (build 750)
Library Manager: ArmAr.exe V5.06 update 6 (build 750)
Hex Converter:   FromElf.exe V5.06 update 6 (build 750)
CPU DLL:         SARMCM3.DLL V5.31.0.0
Dialog DLL:      DCM.DLL V1.17.3.0
Target DLL:      UL2CM3.DLL V1.163.4.0
Dialog DLL:      TCM.DLL V1.46.0.0
 
<h2>Project:</h2>
D:\1 GIT FLARM_ALL\SDR\USB_HOST\USB_HOST_MSC_FATFS\MDK-ARM\USB_HOST_MSC_FATFS.uvprojx
Project File Date:  11/22/2023

<h2>Output:</h2>
*** Using Compiler 'V5.06 update 6 (build 750)', folder: 'C:\Keil_v5\ARM\ARMCC\Bin'
Rebuild target 'USB_HOST_MSC_FATFS'
assembling startup_stm32f407xx.s...
compiling main.c...
../Src/main.c(71): warning:  #177-D: variable "bytesread"  was declared but never referenced
  	uint32_t byteswritten, bytesread;
../Src/main.c(72): warning:  #177-D: variable "rtext"  was declared but never referenced
  	uint8_t rtext[100];
../Src/main.c(138): warning:  #177-D: variable "str"  was declared but never referenced
  	char str[100];
../Src/main.c: 3 warnings, 0 errors
compiling usbh_diskio.c...
compiling stm32f4xx_hal_msp.c...
compiling stm32f4xx_ll_usb.c...
compiling stm32f4xx_hal_hcd.c...
compiling stm32f4xx_it.c...
compiling system_stm32f4xx.c...
compiling fatfs.c...
compiling lcd.c...
compiling usb_host.c...
compiling usbh_conf.c...
compiling stm32f4xx_hal_flash.c...
compiling stm32f4xx_hal_pwr_ex.c...
compiling stm32f4xx_hal_gpio.c...
compiling stm32f4xx_hal_flash_ramfunc.c...
compiling stm32f4xx_hal_pwr.c...
compiling stm32f4xx_hal_dma_ex.c...
compiling stm32f4xx_hal_rcc_ex.c...
compiling stm32f4xx_hal_flash_ex.c...
compiling stm32f4xx_hal_cortex.c...
compiling stm32f4xx_hal_dma.c...
compiling stm32f4xx_hal_rcc.c...
compiling stm32f4xx_hal_tim.c...
compiling stm32f4xx_hal.c...
compiling stm32f4xx_hal_exti.c...
compiling syscall.c...
compiling stm32f4xx_hal_i2c.c...
compiling diskio.c...
compiling stm32f4xx_hal_tim_ex.c...
compiling ff_gen_drv.c...
compiling stm32f4xx_hal_i2c_ex.c...
compiling ff.c...
compiling usbh_pipes.c...
compiling usbh_ctlreq.c...
compiling usbh_core.c...
compiling usbh_ioreq.c...
compiling usbh_msc.c...
compiling usbh_msc_scsi.c...
compiling usbh_msc_bot.c...
linking...
Program Size: Code=22840 RO-data=628 RW-data=72 ZI-data=11712  
"USB_HOST_MSC_FATFS\USB_HOST_MSC_FATFS.axf" - 0 Error(s), 3 Warning(s).

<h2>Software Packages used:</h2>

Package Vendor: ARM
                http://www.keil.com/pack/ARM.CMSIS.5.7.0.pack
                ARM.CMSIS.5.7.0
                CMSIS (Cortex Microcontroller Software Interface Standard)
   * Component: CORE Version: 5.4.0

Package Vendor: Keil
                http://www.keil.com/pack/Keil.STM32F4xx_DFP.2.13.0.pack
                Keil.STM32F4xx_DFP.2.13.0
                STMicroelectronics STM32F4 Series Device Support, Drivers and Examples

<h2>Collection of Component include folders:</h2>
  .\RTE\_USB_HOST_MSC_FATFS
  C:\Users\Alex\AppData\Local\Arm\Packs\ARM\CMSIS\5.7.0\CMSIS\Core\Include
  C:\Users\Alex\AppData\Local\Arm\Packs\Keil\STM32F4xx_DFP\2.13.0\Drivers\CMSIS\Device\ST\STM32F4xx\Include

<h2>Collection of Component Files used:</h2>

   * Component: ARM::CMSIS:CORE:5.4.0
Build Time Elapsed:  00:00:13
</pre>
</body>
</html>
