Component: ARM Compiler 5.06 update 6 (build 750) Tool: armlink [4d35ed]

==============================================================================

Section Cross References

    startup_stm32f407xx.o(RESET) refers to startup_stm32f407xx.o(STACK) for __initial_sp
    startup_stm32f407xx.o(RESET) refers to startup_stm32f407xx.o(.text) for Reset_Handler
    startup_stm32f407xx.o(RESET) refers to stm32f4xx_it.o(i.NMI_Handler) for NMI_Handler
    startup_stm32f407xx.o(RESET) refers to stm32f4xx_it.o(i.HardFault_Handler) for HardFault_Handler
    startup_stm32f407xx.o(RESET) refers to stm32f4xx_it.o(i.MemManage_Handler) for MemManage_Handler
    startup_stm32f407xx.o(RESET) refers to stm32f4xx_it.o(i.BusFault_Handler) for BusFault_Handler
    startup_stm32f407xx.o(RESET) refers to stm32f4xx_it.o(i.UsageFault_Handler) for UsageFault_Handler
    startup_stm32f407xx.o(RESET) refers to stm32f4xx_it.o(i.SVC_Handler) for SVC_Handler
    startup_stm32f407xx.o(RESET) refers to stm32f4xx_it.o(i.DebugMon_Handler) for DebugMon_Handler
    startup_stm32f407xx.o(RESET) refers to stm32f4xx_it.o(i.PendSV_Handler) for PendSV_Handler
    startup_stm32f407xx.o(RESET) refers to stm32f4xx_it.o(i.SysTick_Handler) for SysTick_Handler
    startup_stm32f407xx.o(RESET) refers to stm32f4xx_it.o(i.EXTI9_5_IRQHandler) for EXTI9_5_IRQHandler
    startup_stm32f407xx.o(RESET) refers to stm32f4xx_it.o(i.OTG_FS_IRQHandler) for OTG_FS_IRQHandler
    startup_stm32f407xx.o(.text) refers to system_stm32f4xx.o(i.SystemInit) for SystemInit
    startup_stm32f407xx.o(.text) refers to entry.o(.ARM.Collect$$$$00000000) for __main
    main.o(i.BSP_LED_Off) refers to stm32f4xx_hal_gpio.o(i.HAL_GPIO_WritePin) for HAL_GPIO_WritePin
    main.o(i.BSP_LED_Off) refers to main.o(.constdata) for .constdata
    main.o(i.BSP_LED_Off) refers to main.o(.data) for .data
    main.o(i.BSP_LED_On) refers to stm32f4xx_hal_gpio.o(i.HAL_GPIO_WritePin) for HAL_GPIO_WritePin
    main.o(i.BSP_LED_On) refers to main.o(.constdata) for .constdata
    main.o(i.BSP_LED_On) refers to main.o(.data) for .data
    main.o(i.BSP_LED_Toggle) refers to stm32f4xx_hal_gpio.o(i.HAL_GPIO_TogglePin) for HAL_GPIO_TogglePin
    main.o(i.BSP_LED_Toggle) refers to main.o(.constdata) for .constdata
    main.o(i.BSP_LED_Toggle) refers to main.o(.data) for .data
    main.o(i.BSP_PB_GetState) refers to stm32f4xx_hal_gpio.o(i.HAL_GPIO_ReadPin) for HAL_GPIO_ReadPin
    main.o(i.BSP_PB_GetState) refers to main.o(.constdata) for .constdata
    main.o(i.BSP_PB_GetState) refers to main.o(.data) for .data
    main.o(i.Error_Handler) refers to main.o(i.BSP_LED_Toggle) for BSP_LED_Toggle
    main.o(i.Error_Handler) refers to stm32f4xx_hal.o(i.HAL_Delay) for HAL_Delay
    main.o(i.HAL_GPIO_EXTI_Callback) refers to xpt2046_touch.o(i.XPT2046_TouchPressed) for XPT2046_TouchPressed
    main.o(i.HAL_GPIO_EXTI_Callback) refers to xpt2046_touch.o(i.XPT2046_TouchGetCoordinates) for XPT2046_TouchGetCoordinates
    main.o(i.HAL_GPIO_EXTI_Callback) refers to ili9341.o(i.lcdDrawPixel) for lcdDrawPixel
    main.o(i.HAL_GPIO_EXTI_Callback) refers to main.o(.data) for .data
    main.o(i.MX_FSMC_Init) refers to memseta.o(.text) for __aeabi_memclr4
    main.o(i.MX_FSMC_Init) refers to stm32f4xx_hal_sram.o(i.HAL_SRAM_Init) for HAL_SRAM_Init
    main.o(i.MX_FSMC_Init) refers to main.o(i.Error_Handler) for Error_Handler
    main.o(i.MX_FSMC_Init) refers to main.o(.bss) for .bss
    main.o(i.MX_GPIO_Init) refers to memseta.o(.text) for __aeabi_memclr4
    main.o(i.MX_GPIO_Init) refers to stm32f4xx_hal_gpio.o(i.HAL_GPIO_WritePin) for HAL_GPIO_WritePin
    main.o(i.MX_GPIO_Init) refers to stm32f4xx_hal_gpio.o(i.HAL_GPIO_Init) for HAL_GPIO_Init
    main.o(i.MX_GPIO_Init) refers to stm32f4xx_hal_cortex.o(i.HAL_NVIC_SetPriority) for HAL_NVIC_SetPriority
    main.o(i.MX_GPIO_Init) refers to stm32f4xx_hal_cortex.o(i.HAL_NVIC_EnableIRQ) for HAL_NVIC_EnableIRQ
    main.o(i.MX_SPI2_Init) refers to stm32f4xx_hal_spi.o(i.HAL_SPI_Init) for HAL_SPI_Init
    main.o(i.MX_SPI2_Init) refers to main.o(i.Error_Handler) for Error_Handler
    main.o(i.MX_SPI2_Init) refers to main.o(.bss) for .bss
    main.o(i.MX_TIM3_Init) refers to memseta.o(.text) for __aeabi_memclr4
    main.o(i.MX_TIM3_Init) refers to stm32f4xx_hal_tim.o(i.HAL_TIM_Base_Init) for HAL_TIM_Base_Init
    main.o(i.MX_TIM3_Init) refers to stm32f4xx_hal_tim.o(i.HAL_TIM_ConfigClockSource) for HAL_TIM_ConfigClockSource
    main.o(i.MX_TIM3_Init) refers to stm32f4xx_hal_tim.o(i.HAL_TIM_OC_Init) for HAL_TIM_OC_Init
    main.o(i.MX_TIM3_Init) refers to stm32f4xx_hal_tim_ex.o(i.HAL_TIMEx_MasterConfigSynchronization) for HAL_TIMEx_MasterConfigSynchronization
    main.o(i.MX_TIM3_Init) refers to stm32f4xx_hal_tim.o(i.HAL_TIM_OC_ConfigChannel) for HAL_TIM_OC_ConfigChannel
    main.o(i.MX_TIM3_Init) refers to main.o(i.Error_Handler) for Error_Handler
    main.o(i.MX_TIM3_Init) refers to main.o(.bss) for .bss
    main.o(i.Start_TFT) refers to ili9341.o(i.lcdSetTextFont) for lcdSetTextFont
[...]
    .conststring                             0x080083d4   Section        7  usbh_rtlsdr.o(.conststring)
    .data                                    0x20000000   Section       32  main.o(.data)
    .data                                    0x20000020   Section        1  usb_host.o(.data)
    .data                                    0x20000024   Section        8  stm32f4xx_hal_msp.o(.data)
    FSMC_Initialized                         0x20000024   Data           4  stm32f4xx_hal_msp.o(.data)
    FSMC_DeInitialized                       0x20000028   Data           4  stm32f4xx_hal_msp.o(.data)
    .data                                    0x2000002c   Section       12  stm32f4xx_hal.o(.data)
    .data                                    0x20000038   Section        4  system_stm32f4xx.o(.data)
    .data                                    0x2000003c   Section       32  usbh_hid.o(.data)
    .data                                    0x2000005c   Section       16  usbh_hid_keybd.o(.data)
    .data                                    0x2000006c   Section       24  usbh_hid_mouse.o(.data)
    .data                                    0x20000084   Section       20  tuner_e4k.o(.data)
    .data                                    0x20000098   Section       40  tuner_e4k.o(.data)
    if_stage_gain                            0x20000098   Data          28  tuner_e4k.o(.data)
    if_filter_bw                             0x200000b4   Data          12  tuner_e4k.o(.data)
    .data                                    0x200000c0   Section       32  usbh_rtlsdr.o(.data)
    .data                                    0x200000e0   Section        8  usbh_rtlsdr.o(.data)
    .data                                    0x200000e8   Section        8  font12.o(.data)
    .data                                    0x200000f0   Section        8  font16.o(.data)
    .data                                    0x200000f8   Section       32  ili9341.o(.data)
    lcdPortraitConfig                        0x200000f8   Data           1  ili9341.o(.data)
    lcdLandscapeConfig                       0x200000f9   Data           1  ili9341.o(.data)
    lcdPortraitMirrorConfig                  0x200000fa   Data           1  ili9341.o(.data)
    lcdLandscapeMirrorConfig                 0x200000fb   Data           1  ili9341.o(.data)
    cursorXY                                 0x200000fc   Data           4  ili9341.o(.data)
    lcdProperties                            0x20000100   Data           8  ili9341.o(.data)
    lcdFont                                  0x20000108   Data          16  ili9341.o(.data)
    .data                                    0x20000118   Section        4  stdout.o(.data)
    .data                                    0x2000011c   Section        4  mvars.o(.data)
    .data                                    0x20000120   Section        4  mvars.o(.data)
    .bss                                     0x20000124   Section     2412  main.o(.bss)
    .bss                                     0x20000a90   Section     2004  usb_host.o(.bss)
    .bss                                     0x20001264   Section      772  usbh_conf.o(.bss)
    .bss                                     0x20001568   Section       15  usbh_hid_keybd.o(.bss)
    .bss                                     0x20001577   Section      256  ili9341.o(.bss)
    buf                                      0x20001577   Data         256  ili9341.o(.bss)
    HEAP                                     0x20001678   Section     1024  startup_stm32f407xx.o(HEAP)
    STACK                                    0x20001a78   Section     1024  startup_stm32f407xx.o(STACK)

    Global Symbols

    Symbol Name                              Value     Ov Type        Size  Object(Section)

    BuildAttributes$$THM_ISAv4$E$P$D$K$B$S$7EM$VFPi3$EXTD16$VFPS$VFMA$PE$A:L22UL41UL21$X:L11$S22US41US21$IEEE1$IW$USESV6$~STKCKD$USESV7$~SHL$OSPACE$ROPI$EBA8$MICROLIB$REQ8$PRES8$EABIv2 0x00000000   Number         0  anon$$obj.o ABSOLUTE
    __ARM_use_no_argv                        0x00000000   Number         0  main.o ABSOLUTE
    _printf_a                                0x00000000   Number         0  stubs.o ABSOLUTE
    _printf_c                                0x00000000   Number         0  stubs.o ABSOLUTE
    _printf_charcount                        0x00000000   Number         0  stubs.o ABSOLUTE
    _printf_d                                0x00000000   Number         0  stubs.o ABSOLUTE
    _printf_e                                0x00000000   Number         0  stubs.o ABSOLUTE
    _printf_f                                0x00000000   Number         0  stubs.o ABSOLUTE
    _printf_flags                            0x00000000   Number         0  stubs.o ABSOLUTE
    _printf_fp_dec                           0x00000000   Number         0  stubs.o ABSOLUTE
    _printf_fp_hex                           0x00000000   Number         0  stubs.o ABSOLUTE
    _printf_g                                0x00000000   Number         0  stubs.o ABSOLUTE
    _printf_i                                0x00000000   Number         0  stubs.o ABSOLUTE
    _printf_int_dec                          0x00000000   Number         0  stubs.o ABSOLUTE
    _printf_l                                0x00000000   Number         0  stubs.o ABSOLUTE
    _printf_lc                               0x00000000   Number         0  stubs.o ABSOLUTE
    _printf_ll                               0x00000000   Number         0  stubs.o ABSOLUTE
    _printf_lld                              0x00000000   Number         0  stubs.o ABSOLUTE
    _printf_lli                              0x00000000   Number         0  stubs.o ABSOLUTE
    _printf_llo                              0x00000000   Number         0  stubs.o ABSOLUTE
    _printf_llu                              0x00000000   Number         0  stubs.o ABSOLUTE
    _printf_llx                              0x00000000   Number         0  stubs.o ABSOLUTE
    _printf_longlong_dec                     0x00000000   Number         0  stubs.o ABSOLUTE
    _printf_longlong_hex                     0x00000000   Number         0  stubs.o ABSOLUTE
    _printf_longlong_oct                     0x00000000   Number         0  stubs.o ABSOLUTE
    _printf_ls                               0x00000000   Number         0  stubs.o ABSOLUTE
    _printf_mbtowc                           0x00000000   Number         0  stubs.o ABSOLUTE
    _printf_n                                0x00000000   Number         0  stubs.o ABSOLUTE
    _printf_o                                0x00000000   Number         0  stubs.o ABSOLUTE
    _printf_p                                0x00000000   Number         0  stubs.o ABSOLUTE
    _printf_percent                          0x00000000   Number         0  stubs.o ABSOLUTE
    _printf_pre_padding                      0x00000000   Number         0  stubs.o ABSOLUTE
    _printf_return_value                     0x00000000   Number         0  stubs.o ABSOLUTE
    _printf_s                                0x00000000   Number         0  stubs.o ABSOLUTE
    _printf_sizespec                         0x00000000   Number         0  stubs.o ABSOLUTE
    _printf_str                              0x00000000   Number         0  stubs.o ABSOLUTE
    _printf_truncate_signed                  0x00000000   Number         0  stubs.o ABSOLUTE
    _printf_truncate_unsigned                0x00000000   Number         0  stubs.o ABSOLUTE
    _printf_u                                0x00000000   Number         0  stubs.o ABSOLUTE
    _printf_wc                               0x00000000   Number         0  stubs.o ABSOLUTE
    _printf_wctomb                           0x00000000   Number         0  stubs.o ABSOLUTE
    _printf_widthprec                        0x00000000   Number         0  stubs.o ABSOLUTE
    _printf_x                                0x00000000   Number         0  stubs.o ABSOLUTE
    __cpp_initialize__aeabi_                  - Undefined Weak Reference
    __cxa_finalize                            - Undefined Weak Reference
    __decompress                              - Undefined Weak Reference
    _clock_init                               - Undefined Weak Reference
    _microlib_exit                            - Undefined Weak Reference
    __Vectors_Size                           0x00000188   Number         0  startup_stm32f407xx.o ABSOLUTE
    __Vectors                                0x08000000   Data           4  startup_stm32f407xx.o(RESET)
    __Vectors_End                            0x08000188   Data           0  startup_stm32f407xx.o(RESET)
    __main                                   0x08000189   Thumb Code     0  entry.o(.ARM.Collect$$$$00000000)
    _main_stk                                0x08000189   Thumb Code     0  entry2.o(.ARM.Collect$$$$00000001)
    _main_scatterload                        0x0800018d   Thumb Code     0  entry5.o(.ARM.Collect$$$$00000004)
    __main_after_scatterload                 0x08000191   Thumb Code     0  entry5.o(.ARM.Collect$$$$00000004)
    _main_clock                              0x08000191   Thumb Code     0  entry7b.o(.ARM.Collect$$$$00000008)
    _main_cpp_init                           0x08000191   Thumb Code     0  entry8b.o(.ARM.Collect$$$$0000000A)
    _main_init                               0x08000191   Thumb Code     0  entry9a.o(.ARM.Collect$$$$0000000B)
    __rt_final_cpp                           0x08000199   Thumb Code     0  entry10a.o(.ARM.Collect$$$$0000000D)
    __rt_final_exit                          0x08000199   Thumb Code     0  entry11a.o(.ARM.Collect$$$$0000000F)
    Reset_Handler                            0x0800019d   Thumb Code     8  startup_stm32f407xx.o(.text)
    ADC_IRQHandler                           0x080001b7   Thumb Code     0  startup_stm32f407xx.o(.text)
    CAN1_RX0_IRQHandler                      0x080001b7   Thumb Code     0  startup_stm32f407xx.o(.text)
    CAN1_RX1_IRQHandler                      0x080001b7   Thumb Code     0  startup_stm32f407xx.o(.text)
    CAN1_SCE_IRQHandler                      0x080001b7   Thumb Code     0  startup_stm32f407xx.o(.text)
    CAN1_TX_IRQHandler                       0x080001b7   Thumb Code     0  startup_stm32f407xx.o(.text)
    CAN2_RX0_IRQHandler                      0x080001b7   Thumb Code     0  startup_stm32f407xx.o(.text)
    CAN2_RX1_IRQHandler                      0x080001b7   Thumb Code     0  startup_stm32f407xx.o(.text)
    CAN2_SCE_IRQHandler                      0x080001b7   Thumb Code     0  startup_stm32f407xx.o(.text)
    CAN2_TX_IRQHandler                       0x080001b7   Thumb Code     0  startup_stm32f407xx.o(.text)
    DCMI_IRQHandler                          0x080001b7   Thumb Code     0  startup_stm32f407xx.o(.text)
    DMA1_Stream0_IRQHandler                  0x080001b7   Thumb Code     0  startup_stm32f407xx.o(.text)
    DMA1_Stream1_IRQHandler                  0x080001b7   Thumb Code     0  startup_stm32f407xx.o(.text)
    DMA1_Stream2_IRQHandler                  0x080001b7   Thumb Code     0  startup_stm32f407xx.o(.text)
    DMA1_Stream3_IRQHandler                  0x080001b7   Thumb Code     0  startup_stm32f407xx.o(.text)
    DMA1_Stream4_IRQHandler                  0x080001b7   Thumb Code     0  startup_stm32f407xx.o(.text)
    DMA1_Stream5_IRQHandler                  0x080001b7   Thumb Code     0  startup_stm32f407xx.o(.text)
    DMA1_Stream6_IRQHandler                  0x080001b7   Thumb Code     0  startup_stm32f407xx.o(.text)
    DMA1_Stream7_IRQHandler                  0x080001b7   Thumb Code     0  startup_stm32f407xx.o(.text)
    DMA2_Stream0_IRQHandler                  0x080001b7   Thumb Code     0  startup_stm32f407xx.o(.text)
    DMA2_Stream1_IRQHandler                  0x080001b7   Thumb Code     0  startup_stm32f407xx.o(.text)
    DMA2_Stream2_IRQHandler                  0x080001b7   Thumb Code     0  startup_stm32f407xx.o(.text)
    DMA2_Stream3_IRQHandler                  0x080001b7   Thumb Code     0  startup_stm32f407xx.o(.text)
    DMA2_Stream4_IRQHandler                  0x080001b7   Thumb Code     0  startup_stm32f407xx.o(.text)
    DMA2_Stream5_IRQHandler                  0x080001b7   Thumb Code     0  startup_stm32f407xx.o(.text)
    DMA2_Stream6_IRQHandler                  0x080001b7   Thumb Code     0  startup_stm32f407xx.o(.text)
    DMA2_Stream7_IRQHandler                  0x080001b7   Thumb Code     0  startup_stm32f407xx.o(.text)
    ETH_IRQHandler                           0x080001b7   Thumb Code     0  startup_stm32f407xx.o(.text)
    ETH_WKUP_IRQHandler                      0x080001b7   Thumb Code     0  startup_stm32f407xx.o(.text)
    EXTI0_IRQHandler                         0x080001b7   Thumb Code     0  startup_stm32f407xx.o(.text)
    EXTI15_10_IRQHandler                     0x080001b7   Thumb Code     0  startup_stm32f407xx.o(.text)
    EXTI1_IRQHandler                         0x080001b7   Thumb Code     0  startup_stm32f407xx.o(.text)
    EXTI2_IRQHandler                         0x080001b7   Thumb Code     0  startup_stm32f407xx.o(.text)
    EXTI3_IRQHandler                         0x080001b7   Thumb Code     0  startup_stm32f407xx.o(.text)
    EXTI4_IRQHandler                         0x080001b7   Thumb Code     0  startup_stm32f407xx.o(.text)
    FLASH_IRQHandler                         0x080001b7   Thumb Code     0  startup_stm32f407xx.o(.text)
    FMC_IRQHandler                           0x080001b7   Thumb Code     0  startup_stm32f407xx.o(.text)
    FPU_IRQHandler                           0x080001b7   Thumb Code     0  startup_stm32f407xx.o(.text)
    HASH_RNG_IRQHandler                      0x080001b7   Thumb Code     0  startup_stm32f407xx.o(.text)
    I2C1_ER_IRQHandler                       0x080001b7   Thumb Code     0  startup_stm32f407xx.o(.text)
    I2C1_EV_IRQHandler                       0x080001b7   Thumb Code     0  startup_stm32f407xx.o(.text)
    I2C2_ER_IRQHandler                       0x080001b7   Thumb Code     0  startup_stm32f407xx.o(.text)
    I2C2_EV_IRQHandler                       0x080001b7   Thumb Code     0  startup_stm32f407xx.o(.text)
    I2C3_ER_IRQHandler                       0x080001b7   Thumb Code     0  startup_stm32f407xx.o(.text)
    I2C3_EV_IRQHandler                       0x080001b7   Thumb Code     0  startup_stm32f407xx.o(.text)
    OTG_FS_WKUP_IRQHandler                   0x080001b7   Thumb Code     0  startup_stm32f407xx.o(.text)
    OTG_HS_EP1_IN_IRQHandler                 0x080001b7   Thumb Code     0  startup_stm32f407xx.o(.text)
    OTG_HS_EP1_OUT_IRQHandler                0x080001b7   Thumb Code     0  startup_stm32f407xx.o(.text)
    OTG_HS_IRQHandler                        0x080001b7   Thumb Code     0  startup_stm32f407xx.o(.text)
    OTG_HS_WKUP_IRQHandler                   0x080001b7   Thumb Code     0  startup_stm32f407xx.o(.text)
    PVD_IRQHandler                           0x080001b7   Thumb Code     0  startup_stm32f407xx.o(.text)
    RCC_IRQHandler                           0x080001b7   Thumb Code     0  startup_stm32f407xx.o(.text)
    RTC_Alarm_IRQHandler                     0x080001b7   Thumb Code     0  startup_stm32f407xx.o(.text)
    RTC_WKUP_IRQHandler                      0x080001b7   Thumb Code     0  startup_stm32f407xx.o(.text)
    SDIO_IRQHandler                          0x080001b7   Thumb Code     0  startup_stm32f407xx.o(.text)
    SPI1_IRQHandler                          0x080001b7   Thumb Code     0  startup_stm32f407xx.o(.text)
    SPI2_IRQHandler                          0x080001b7   Thumb Code     0  startup_stm32f407xx.o(.text)
    SPI3_IRQHandler                          0x080001b7   Thumb Code     0  startup_stm32f407xx.o(.text)
    TAMP_STAMP_IRQHandler                    0x080001b7   Thumb Code     0  startup_stm32f407xx.o(.text)
    TIM1_BRK_TIM9_IRQHandler                 0x080001b7   Thumb Code     0  startup_stm32f407xx.o(.text)
    TIM1_CC_IRQHandler                       0x080001b7   Thumb Code     0  startup_stm32f407xx.o(.text)
    TIM1_TRG_COM_TIM11_IRQHandler            0x080001b7   Thumb Code     0  startup_stm32f407xx.o(.text)
    TIM1_UP_TIM10_IRQHandler                 0x080001b7   Thumb Code     0  startup_stm32f407xx.o(.text)
    TIM2_IRQHandler                          0x080001b7   Thumb Code     0  startup_stm32f407xx.o(.text)
    TIM3_IRQHandler                          0x080001b7   Thumb Code     0  startup_stm32f407xx.o(.text)
    TIM4_IRQHandler                          0x080001b7   Thumb Code     0  startup_stm32f407xx.o(.text)
    TIM5_IRQHandler                          0x080001b7   Thumb Code     0  startup_stm32f407xx.o(.text)
    TIM6_DAC_IRQHandler                      0x080001b7   Thumb Code     0  startup_stm32f407xx.o(.text)
    TIM7_IRQHandler                          0x080001b7   Thumb Code     0  startup_stm32f407xx.o(.text)
    TIM8_BRK_TIM12_IRQHandler                0x080001b7   Thumb Code     0  startup_stm32f407xx.o(.text)
    TIM8_CC_IRQHandler                       0x080001b7   Thumb Code     0  startup_stm32f407xx.o(.text)
    TIM8_TRG_COM_TIM14_IRQHandler            0x080001b7   Thumb Code     0  startup_stm32f407xx.o(.text)
    TIM8_UP_TIM13_IRQHandler                 0x080001b7   Thumb Code     0  startup_stm32f407xx.o(.text)
    UART4_IRQHandler                         0x080001b7   Thumb Code     0  startup_stm32f407xx.o(.text)
    UART5_IRQHandler                         0x080001b7   Thumb Code     0  startup_stm32f407xx.o(.text)
    USART1_IRQHandler                        0x080001b7   Thumb Code     0  startup_stm32f407xx.o(.text)
    USART2_IRQHandler                        0x080001b7   Thumb Code     0  startup_stm32f407xx.o(.text)
    USART3_IRQHandler                        0x080001b7   Thumb Code     0  startup_stm32f407xx.o(.text)
    USART6_IRQHandler                        0x080001b7   Thumb Code     0  startup_stm32f407xx.o(.text)
    WWDG_IRQHandler                          0x080001b7   Thumb Code     0  startup_stm32f407xx.o(.text)
    __aeabi_uldivmod                         0x080001c1   Thumb Code    98  uldiv.o(.text)
    __aeabi_memcpy                           0x08000223   Thumb Code    36  memcpya.o(.text)
    __aeabi_memcpy4                          0x08000223   Thumb Code     0  memcpya.o(.text)
    __aeabi_memcpy8                          0x08000223   Thumb Code     0  memcpya.o(.text)
    __aeabi_memset                           0x08000247   Thumb Code    14  memseta.o(.text)
    __aeabi_memset4                          0x08000247   Thumb Code     0  memseta.o(.text)
    __aeabi_memset8                          0x08000247   Thumb Code     0  memseta.o(.text)
    __aeabi_memclr                           0x08000255   Thumb Code     4  memseta.o(.text)
    __aeabi_memclr4                          0x08000255   Thumb Code     0  memseta.o(.text)
    __aeabi_memclr8                          0x08000255   Thumb Code     0  memseta.o(.text)
    _memset$wrapper                          0x08000259   Thumb Code    18  memseta.o(.text)
    __aeabi_ddiv                             0x0800026b   Thumb Code   222  ddiv.o(.text)
    __aeabi_ui2d                             0x08000349   Thumb Code    26  dfltui.o(.text)
    __aeabi_d2uiz                            0x08000363   Thumb Code    50  dfixui.o(.text)
    __aeabi_cdcmpeq                          0x08000395   Thumb Code     0  cdcmple.o(.text)
    __aeabi_cdcmple                          0x08000395   Thumb Code    48  cdcmple.o(.text)
    __aeabi_uidiv                            0x080003c5   Thumb Code     0  uidiv.o(.text)
    __aeabi_uidivmod                         0x080003c5   Thumb Code    44  uidiv.o(.text)
    __aeabi_llsl                             0x080003f1   Thumb Code    30  llshl.o(.text)
    _ll_shift_l                              0x080003f1   Thumb Code     0  llshl.o(.text)
    __aeabi_llsr                             0x0800040f   Thumb Code    32  llushr.o(.text)
    _ll_ushift_r                             0x0800040f   Thumb Code     0  llushr.o(.text)
    __I$use$fp                               0x0800042f   Thumb Code     0  iusefp.o(.text)
    _double_round                            0x0800042f   Thumb Code    30  depilogue.o(.text)
    _double_epilogue                         0x0800044d   Thumb Code   156  depilogue.o(.text)
    __aeabi_dadd                             0x080004e9   Thumb Code   322  dadd.o(.text)
    __aeabi_dsub                             0x0800062b   Thumb Code     6  dadd.o(.text)
    __aeabi_drsub                            0x08000631   Thumb Code     6  dadd.o(.text)
    __aeabi_dmul                             0x08000637   Thumb Code   228  dmul.o(.text)
    __aeabi_d2ulz                            0x0800071b   Thumb Code    48  dfixul.o(.text)
    __aeabi_cdrcmple                         0x0800074d   Thumb Code    48  cdrcmple.o(.text)
    __scatterload                            0x0800077d   Thumb Code    28  init.o(.text)
    __scatterload_rt2                        0x0800077d   Thumb Code     0  init.o(.text)
    __aeabi_lasr                             0x080007a1   Thumb Code    36  llsshr.o(.text)
    _ll_sshift_r                             0x080007a1   Thumb Code     0  llsshr.o(.text)
    BSP_LED_Off                              0x080007c5   Thumb Code    18  main.o(i.BSP_LED_Off)
    BSP_LED_On                               0x080007e1   Thumb Code    18  main.o(i.BSP_LED_On)
    BSP_LED_Toggle                           0x080007fd   Thumb Code    16  main.o(i.BSP_LED_Toggle)
    BusFault_Handler                         0x08000815   Thumb Code     2  stm32f4xx_it.o(i.BusFault_Handler)
    DebugMon_Handler                         0x08000869   Thumb Code     2  stm32f4xx_it.o(i.DebugMon_Handler)
    E4K_Init                                 0x0800086d   Thumb Code    56  tuner_e4k.o(i.E4K_Init)
    E4K_InitProcess                          0x080008a9   Thumb Code   344  tuner_e4k.o(i.E4K_InitProcess)
    E4K_SetBW                                0x08000a11   Thumb Code    84  tuner_e4k.o(i.E4K_SetBW)
    E4K_band_set                             0x08000a65   Thumb Code   132  tuner_e4k.o(i.E4K_band_set)
    E4K_compute_pll_params                   0x08000ae9   Thumb Code   174  tuner_e4k.o(i.E4K_compute_pll_params)
    E4K_enable_manual_gain                   0x08000ba5   Thumb Code   136  tuner_e4k.o(i.E4K_enable_manual_gain)
    E4K_field_write                          0x08000c2d   Thumb Code    28  tuner_e4k.o(i.E4K_field_write)
    E4K_if_filter_bw_set                     0x08000c4d   Thumb Code    88  tuner_e4k.o(i.E4K_if_filter_bw_set)
    E4K_if_filter_chan_enable                0x08000cad   Thumb Code    16  tuner_e4k.o(i.E4K_if_filter_chan_enable)
    E4K_if_gain_set                          0x08000cbd   Thumb Code   124  tuner_e4k.o(i.E4K_if_gain_set)
    E4K_reg_read                             0x08000d41   Thumb Code     8  tuner_e4k.o(i.E4K_reg_read)
    E4K_reg_set_mask                         0x08000d49   Thumb Code    82  tuner_e4k.o(i.E4K_reg_set_mask)
    E4K_reg_write                            0x08000d9b   Thumb Code    10  tuner_e4k.o(i.E4K_reg_write)
    E4K_rf_filter_set                        0x08000da5   Thumb Code    70  tuner_e4k.o(i.E4K_rf_filter_set)
    E4K_tune_freq                            0x08000df1   Thumb Code    90  tuner_e4k.o(i.E4K_tune_freq)
    E4K_tune_params                          0x08000e4d   Thumb Code   178  tuner_e4k.o(i.E4K_tune_params)
    EXTI9_5_IRQHandler                       0x08000f0d   Thumb Code     6  stm32f4xx_it.o(i.EXTI9_5_IRQHandler)
    Error_Handler                            0x08000f13   Thumb Code    46  main.o(i.Error_Handler)
    FSMC_NORSRAM_Extended_Timing_Init        0x08000f41   Thumb Code    56  stm32f4xx_ll_fsmc.o(i.FSMC_NORSRAM_Extended_Timing_Init)
    FSMC_NORSRAM_Init                        0x08000f7d   Thumb Code    98  stm32f4xx_ll_fsmc.o(i.FSMC_NORSRAM_Init)
    FSMC_NORSRAM_Timing_Init                 0x08000fe5   Thumb Code    64  stm32f4xx_ll_fsmc.o(i.FSMC_NORSRAM_Timing_Init)
    HAL_Delay                                0x08001029   Thumb Code    32  stm32f4xx_hal.o(i.HAL_Delay)
    HAL_GPIO_EXTI_Callback                   0x080010c1   Thumb Code    52  main.o(i.HAL_GPIO_EXTI_Callback)
    HAL_GPIO_EXTI_IRQHandler                 0x080010f9   Thumb Code    18  stm32f4xx_hal_gpio.o(i.HAL_GPIO_EXTI_IRQHandler)
    HAL_GPIO_Init                            0x08001111   Thumb Code   450  stm32f4xx_hal_gpio.o(i.HAL_GPIO_Init)
    HAL_GPIO_ReadPin                         0x08001301   Thumb Code    10  stm32f4xx_hal_gpio.o(i.HAL_GPIO_ReadPin)
    HAL_GPIO_TogglePin                       0x0800130b   Thumb Code    16  stm32f4xx_hal_gpio.o(i.HAL_GPIO_TogglePin)
    HAL_GPIO_WritePin                        0x0800131b   Thumb Code    10  stm32f4xx_hal_gpio.o(i.HAL_GPIO_WritePin)
    HAL_GetTick                              0x08001325   Thumb Code     6  stm32f4xx_hal.o(i.HAL_GetTick)
    HAL_HCD_Connect_Callback                 0x08001331   Thumb Code     8  usbh_conf.o(i.HAL_HCD_Connect_Callback)
    HAL_HCD_Disconnect_Callback              0x08001339   Thumb Code     8  usbh_conf.o(i.HAL_HCD_Disconnect_Callback)
    HAL_HCD_GetCurrentFrame                  0x08001341   Thumb Code     6  stm32f4xx_hal_hcd.o(i.HAL_HCD_GetCurrentFrame)
    HAL_HCD_GetCurrentSpeed                  0x08001347   Thumb Code     6  stm32f4xx_hal_hcd.o(i.HAL_HCD_GetCurrentSpeed)
    HAL_HCD_HC_GetURBState                   0x0800134d   Thumb Code    18  stm32f4xx_hal_hcd.o(i.HAL_HCD_HC_GetURBState)
    HAL_HCD_HC_GetXferCount                  0x0800135f   Thumb Code    16  stm32f4xx_hal_hcd.o(i.HAL_HCD_HC_GetXferCount)
    HAL_HCD_HC_Halt                          0x0800136f   Thumb Code    36  stm32f4xx_hal_hcd.o(i.HAL_HCD_HC_Halt)
    HAL_HCD_HC_Init                          0x08001393   Thumb Code   118  stm32f4xx_hal_hcd.o(i.HAL_HCD_HC_Init)
    HAL_HCD_HC_NotifyURBChange_Callback      0x08001409   Thumb Code     2  usbh_conf.o(i.HAL_HCD_HC_NotifyURBChange_Callback)
    HAL_HCD_HC_SubmitRequest                 0x0800140b   Thumb Code   154  stm32f4xx_hal_hcd.o(i.HAL_HCD_HC_SubmitRequest)
    HAL_HCD_IRQHandler                       0x080014a5   Thumb Code   314  stm32f4xx_hal_hcd.o(i.HAL_HCD_IRQHandler)
    HAL_HCD_Init                             0x080015df   Thumb Code   114  stm32f4xx_hal_hcd.o(i.HAL_HCD_Init)
    HAL_HCD_MspInit                          0x08001651   Thumb Code   122  usbh_conf.o(i.HAL_HCD_MspInit)
    HAL_HCD_PortDisabled_Callback            0x080016d5   Thumb Code     8  usbh_conf.o(i.HAL_HCD_PortDisabled_Callback)
    HAL_HCD_PortEnabled_Callback             0x080016dd   Thumb Code     8  usbh_conf.o(i.HAL_HCD_PortEnabled_Callback)
    HAL_HCD_ResetPort                        0x080016e5   Thumb Code     6  stm32f4xx_hal_hcd.o(i.HAL_HCD_ResetPort)
    HAL_HCD_SOF_Callback                     0x080016eb   Thumb Code     8  usbh_conf.o(i.HAL_HCD_SOF_Callback)
    HAL_HCD_Start                            0x080016f3   Thumb Code    44  stm32f4xx_hal_hcd.o(i.HAL_HCD_Start)
    HAL_HCD_Stop                             0x0800171f   Thumb Code    36  stm32f4xx_hal_hcd.o(i.HAL_HCD_Stop)
    HAL_IncTick                              0x08001745   Thumb Code    12  stm32f4xx_hal.o(i.HAL_IncTick)
    HAL_Init                                 0x08001755   Thumb Code    48  stm32f4xx_hal.o(i.HAL_Init)
    HAL_InitTick                             0x08001789   Thumb Code    54  stm32f4xx_hal.o(i.HAL_InitTick)
    HAL_MspInit                              0x080017c9   Thumb Code    42  stm32f4xx_hal_msp.o(i.HAL_MspInit)
    HAL_NVIC_EnableIRQ                       0x080017f9   Thumb Code    26  stm32f4xx_hal_cortex.o(i.HAL_NVIC_EnableIRQ)
    HAL_NVIC_SetPriority                     0x08001815   Thumb Code    60  stm32f4xx_hal_cortex.o(i.HAL_NVIC_SetPriority)
    HAL_NVIC_SetPriorityGrouping             0x08001855   Thumb Code    26  stm32f4xx_hal_cortex.o(i.HAL_NVIC_SetPriorityGrouping)
    HAL_RCC_ClockConfig                      0x08001879   Thumb Code   288  stm32f4xx_hal_rcc.o(i.HAL_RCC_ClockConfig)
    HAL_RCC_GetPCLK1Freq                     0x080019ad   Thumb Code    20  stm32f4xx_hal_rcc.o(i.HAL_RCC_GetPCLK1Freq)
    HAL_RCC_GetPCLK2Freq                     0x080019cd   Thumb Code    20  stm32f4xx_hal_rcc.o(i.HAL_RCC_GetPCLK2Freq)
    HAL_RCC_GetSysClockFreq                  0x080019ed   Thumb Code    88  stm32f4xx_hal_rcc.o(i.HAL_RCC_GetSysClockFreq)
    HAL_RCC_OscConfig                        0x08001a4d   Thumb Code   856  stm32f4xx_hal_rcc.o(i.HAL_RCC_OscConfig)
    HAL_SPI_Init                             0x08001db9   Thumb Code   188  stm32f4xx_hal_spi.o(i.HAL_SPI_Init)
    HAL_SPI_MspInit                          0x08001e75   Thumb Code    94  stm32f4xx_hal_msp.o(i.HAL_SPI_MspInit)
    HAL_SPI_Transmit                         0x08001ee1   Thumb Code   358  stm32f4xx_hal_spi.o(i.HAL_SPI_Transmit)
    HAL_SPI_TransmitReceive                  0x08002047   Thumb Code   482  stm32f4xx_hal_spi.o(i.HAL_SPI_TransmitReceive)
    HAL_SRAM_Init                            0x08002229   Thumb Code    92  stm32f4xx_hal_sram.o(i.HAL_SRAM_Init)
    HAL_SRAM_MspInit                         0x08002285   Thumb Code     4  stm32f4xx_hal_msp.o(i.HAL_SRAM_MspInit)
    HAL_SYSTICK_Config                       0x08002289   Thumb Code    40  stm32f4xx_hal_cortex.o(i.HAL_SYSTICK_Config)
    HAL_TIMEx_MasterConfigSynchronization    0x080022b1   Thumb Code   116  stm32f4xx_hal_tim_ex.o(i.HAL_TIMEx_MasterConfigSynchronization)
    HAL_TIM_Base_Init                        0x08002341   Thumb Code    90  stm32f4xx_hal_tim.o(i.HAL_TIM_Base_Init)
    HAL_TIM_Base_MspInit                     0x0800239d   Thumb Code    30  stm32f4xx_hal_msp.o(i.HAL_TIM_Base_MspInit)
    HAL_TIM_Base_Start                       0x080023c5   Thumb Code    90  stm32f4xx_hal_tim.o(i.HAL_TIM_Base_Start)
    HAL_TIM_ConfigClockSource                0x0800243d   Thumb Code   220  stm32f4xx_hal_tim.o(i.HAL_TIM_ConfigClockSource)
    HAL_TIM_OC_ConfigChannel                 0x08002519   Thumb Code    82  stm32f4xx_hal_tim.o(i.HAL_TIM_OC_ConfigChannel)
    HAL_TIM_OC_Init                          0x0800256b   Thumb Code    90  stm32f4xx_hal_tim.o(i.HAL_TIM_OC_Init)
    HAL_TIM_OC_MspInit                       0x080025c5   Thumb Code     2  stm32f4xx_hal_tim.o(i.HAL_TIM_OC_MspInit)
    HAL_UART_Init                            0x080025c7   Thumb Code    98  stm32f4xx_hal_uart.o(i.HAL_UART_Init)
    HAL_UART_MspInit                         0x08002629   Thumb Code    94  stm32f4xx_hal_msp.o(i.HAL_UART_MspInit)
    HAL_UART_Transmit                        0x08002695   Thumb Code   178  stm32f4xx_hal_uart.o(i.HAL_UART_Transmit)
    HardFault_Handler                        0x08002c6d   Thumb Code     2  stm32f4xx_it.o(i.HardFault_Handler)
    MX_USB_HOST_Init                         0x08002ecd   Thumb Code    52  usb_host.o(i.MX_USB_HOST_Init)
    MX_USB_HOST_Process                      0x08002f0d   Thumb Code     6  usb_host.o(i.MX_USB_HOST_Process)
    MemManage_Handler                        0x08002f19   Thumb Code     2  stm32f4xx_it.o(i.MemManage_Handler)
    NMI_Handler                              0x08002f1b   Thumb Code     2  stm32f4xx_it.o(i.NMI_Handler)
    OTG_FS_IRQHandler                        0x08002f1d   Thumb Code     6  stm32f4xx_it.o(i.OTG_FS_IRQHandler)
    PendSV_Handler                           0x08002f29   Thumb Code     2  stm32f4xx_it.o(i.PendSV_Handler)
    RTLSDR_demod_read_reg                    0x08002f2b   Thumb Code    58  usbh_rtlsdr.o(i.RTLSDR_demod_read_reg)
    RTLSDR_demod_write_reg                   0x08002f65   Thumb Code   136  usbh_rtlsdr.o(i.RTLSDR_demod_write_reg)
    RTLSDR_i2c_read_reg                      0x08002fed   Thumb Code   100  usbh_rtlsdr.o(i.RTLSDR_i2c_read_reg)
    RTLSDR_i2c_write_reg                     0x08003051   Thumb Code    38  usbh_rtlsdr.o(i.RTLSDR_i2c_write_reg)
    RTLSDR_probe_tuners                      0x08003079   Thumb Code   144  usbh_rtlsdr.o(i.RTLSDR_probe_tuners)
    RTLSDR_read_array                        0x0800310d   Thumb Code    48  usbh_rtlsdr.o(i.RTLSDR_read_array)
    RTLSDR_set_fir                           0x0800313d   Thumb Code   188  usbh_rtlsdr.o(i.RTLSDR_set_fir)
    RTLSDR_set_i2c_repeater                  0x080031fd   Thumb Code    24  usbh_rtlsdr.o(i.RTLSDR_set_i2c_repeater)
    RTLSDR_set_sample_rate                   0x08003215   Thumb Code   304  usbh_rtlsdr.o(i.RTLSDR_set_sample_rate)
    RTLSDR_set_test_mode                     0x08003351   Thumb Code    24  usbh_rtlsdr.o(i.RTLSDR_set_test_mode)
    RTLSDR_write_array                       0x08003369   Thumb Code    54  usbh_rtlsdr.o(i.RTLSDR_write_array)
    RTLSDR_write_reg                         0x0800339f   Thumb Code    74  usbh_rtlsdr.o(i.RTLSDR_write_reg)
    SVC_Handler                              0x080034f9   Thumb Code     2  stm32f4xx_it.o(i.SVC_Handler)
    SysTick_Handler                          0x080034fb   Thumb Code     4  stm32f4xx_it.o(i.SysTick_Handler)
    SystemClock_Config                       0x08003501   Thumb Code   134  main.o(i.SystemClock_Config)
    SystemInit                               0x08003591   Thumb Code    12  system_stm32f4xx.o(i.SystemInit)
    TIM_Base_SetConfig                       0x080035a1   Thumb Code   156  stm32f4xx_hal_tim.o(i.TIM_Base_SetConfig)
    TIM_ETR_SetConfig                        0x08003669   Thumb Code    20  stm32f4xx_hal_tim.o(i.TIM_ETR_SetConfig)
    TIM_OC2_SetConfig                        0x080036ed   Thumb Code    98  stm32f4xx_hal_tim.o(i.TIM_OC2_SetConfig)
    USBH_AllocPipe                           0x080039dd   Thumb Code    56  usbh_pipes.o(i.USBH_AllocPipe)
    USBH_BulkReceiveData                     0x08003a15   Thumb Code    32  usbh_ioreq.o(i.USBH_BulkReceiveData)
    USBH_ClosePipe                           0x08003a35   Thumb Code    10  usbh_pipes.o(i.USBH_ClosePipe)
    USBH_ClrFeature                          0x08003a3f   Thumb Code    30  usbh_ctlreq.o(i.USBH_ClrFeature)
    USBH_CtlReceiveData                      0x08003a5d   Thumb Code    30  usbh_ioreq.o(i.USBH_CtlReceiveData)
    USBH_CtlReq                              0x08003a7b   Thumb Code    58  usbh_ctlreq.o(i.USBH_CtlReq)
    USBH_CtlSendData                         0x08003ab5   Thumb Code    40  usbh_ioreq.o(i.USBH_CtlSendData)
    USBH_CtlSendSetup                        0x08003add   Thumb Code    30  usbh_ioreq.o(i.USBH_CtlSendSetup)
    USBH_Delay                               0x08003afb   Thumb Code     4  usbh_conf.o(i.USBH_Delay)
    USBH_FindInterface                       0x08003b01   Thumb Code    68  usbh_core.o(i.USBH_FindInterface)
    USBH_FreePipe                            0x08003b45   Thumb Code    24  usbh_pipes.o(i.USBH_FreePipe)
    USBH_GetDescriptor                       0x08003b5d   Thumb Code    52  usbh_ctlreq.o(i.USBH_GetDescriptor)
    USBH_GetNextDesc                         0x08003b91   Thumb Code    14  usbh_ctlreq.o(i.USBH_GetNextDesc)
    USBH_Get_CfgDesc                         0x08003b9f   Thumb Code    44  usbh_ctlreq.o(i.USBH_Get_CfgDesc)
    USBH_Get_DevDesc                         0x08003bcb   Thumb Code   168  usbh_ctlreq.o(i.USBH_Get_DevDesc)
    USBH_Get_StringDesc                      0x08003c73   Thumb Code    72  usbh_ctlreq.o(i.USBH_Get_StringDesc)
    USBH_Get_USB_Status                      0x08003cbb   Thumb Code    24  usbh_conf.o(i.USBH_Get_USB_Status)
    USBH_HID_EventCallback                   0x08003e39   Thumb Code     2  usbh_hid.o(i.USBH_HID_EventCallback)
    USBH_HID_FifoInit                        0x08003e3b   Thumb Code    14  usbh_hid.o(i.USBH_HID_FifoInit)
    USBH_HID_FifoWrite                       0x08003e49   Thumb Code    80  usbh_hid.o(i.USBH_HID_FifoWrite)
    USBH_HID_GetHIDReportDescriptor          0x08003e99   Thumb Code    20  usbh_hid.o(i.USBH_HID_GetHIDReportDescriptor)
    USBH_HID_GetReport                       0x08003ead   Thumb Code    34  usbh_hid.o(i.USBH_HID_GetReport)
    USBH_HID_KeybdInit                       0x080040a1   Thumb Code    84  usbh_hid_keybd.o(i.USBH_HID_KeybdInit)
    USBH_HID_MouseInit                       0x080040fd   Thumb Code    80  usbh_hid_mouse.o(i.USBH_HID_MouseInit)
    USBH_HID_SetIdle                         0x08004253   Thumb Code    26  usbh_hid.o(i.USBH_HID_SetIdle)
    USBH_HID_SetProtocol                     0x0800426d   Thumb Code    32  usbh_hid.o(i.USBH_HID_SetProtocol)
    USBH_Init                                0x08004835   Thumb Code    80  usbh_core.o(i.USBH_Init)
    USBH_InterruptReceiveData                0x080048a5   Thumb Code    32  usbh_ioreq.o(i.USBH_InterruptReceiveData)
    USBH_LL_ClosePipe                        0x080048c5   Thumb Code    18  usbh_conf.o(i.USBH_LL_ClosePipe)
    USBH_LL_Connect                          0x080048d7   Thumb Code    20  usbh_core.o(i.USBH_LL_Connect)
    USBH_LL_Disconnect                       0x080048eb   Thumb Code    46  usbh_core.o(i.USBH_LL_Disconnect)
    USBH_LL_DriverVBUS                       0x08004919   Thumb Code    12  usbh_conf.o(i.USBH_LL_DriverVBUS)
    USBH_LL_GetLastXferSize                  0x08004925   Thumb Code     8  usbh_conf.o(i.USBH_LL_GetLastXferSize)
    USBH_LL_GetSpeed                         0x0800492d   Thumb Code    34  usbh_conf.o(i.USBH_LL_GetSpeed)
    USBH_LL_GetURBState                      0x0800494f   Thumb Code     8  usbh_conf.o(i.USBH_LL_GetURBState)
    USBH_LL_IncTimer                         0x08004957   Thumb Code    30  usbh_core.o(i.USBH_LL_IncTimer)
    USBH_LL_Init                             0x08004975   Thumb Code    74  usbh_conf.o(i.USBH_LL_Init)
    USBH_LL_OpenPipe                         0x080049c5   Thumb Code    28  usbh_conf.o(i.USBH_LL_OpenPipe)
    USBH_LL_PortDisabled                     0x080049e1   Thumb Code     8  usbh_core.o(i.USBH_LL_PortDisabled)
    USBH_LL_PortEnabled                      0x080049e9   Thumb Code     8  usbh_core.o(i.USBH_LL_PortEnabled)
    USBH_LL_ResetPort                        0x080049f1   Thumb Code    18  usbh_conf.o(i.USBH_LL_ResetPort)
    USBH_LL_SetTimer                         0x08004a03   Thumb Code     6  usbh_core.o(i.USBH_LL_SetTimer)
    USBH_LL_SetToggle                        0x08004a09   Thumb Code    36  usbh_conf.o(i.USBH_LL_SetToggle)
    USBH_LL_Start                            0x08004a2d   Thumb Code    18  usbh_conf.o(i.USBH_LL_Start)
    USBH_LL_Stop                             0x08004a3f   Thumb Code    18  usbh_conf.o(i.USBH_LL_Stop)
    USBH_LL_SubmitURB                        0x08004a51   Thumb Code    34  usbh_conf.o(i.USBH_LL_SubmitURB)
    USBH_OpenPipe                            0x08004a73   Thumb Code    20  usbh_pipes.o(i.USBH_OpenPipe)
    USBH_Process                             0x08004c45   Thumb Code   744  usbh_core.o(i.USBH_Process)
    USBH_RegisterClass                       0x08005471   Thumb Code    64  usbh_core.o(i.USBH_RegisterClass)
    USBH_SelectInterface                     0x080054f1   Thumb Code   120  usbh_core.o(i.USBH_SelectInterface)
    USBH_SetAddress                          0x080055e5   Thumb Code    28  usbh_ctlreq.o(i.USBH_SetAddress)
    USBH_SetCfg                              0x08005601   Thumb Code    28  usbh_ctlreq.o(i.USBH_SetCfg)
    USBH_SetFeature                          0x0800561d   Thumb Code    28  usbh_ctlreq.o(i.USBH_SetFeature)
    USBH_Start                               0x08005639   Thumb Code    20  usbh_core.o(i.USBH_Start)
    USB_CoreInit                             0x0800573d   Thumb Code   112  stm32f4xx_ll_usb.o(i.USB_CoreInit)
    USB_DisableGlobalInt                     0x080057f1   Thumb Code    12  stm32f4xx_ll_usb.o(i.USB_DisableGlobalInt)
    USB_DoPing                               0x080057fd   Thumb Code    30  stm32f4xx_ll_usb.o(i.USB_DoPing)
    USB_DriveVbus                            0x08005821   Thumb Code    44  stm32f4xx_ll_usb.o(i.USB_DriveVbus)
    USB_EnableGlobalInt                      0x0800584d   Thumb Code    12  stm32f4xx_ll_usb.o(i.USB_EnableGlobalInt)
    USB_FlushRxFifo                          0x08005859   Thumb Code    54  stm32f4xx_ll_usb.o(i.USB_FlushRxFifo)
    USB_FlushTxFifo                          0x08005895   Thumb Code    58  stm32f4xx_ll_usb.o(i.USB_FlushTxFifo)
    USB_GetCurrentFrame                      0x080058d5   Thumb Code     8  stm32f4xx_ll_usb.o(i.USB_GetCurrentFrame)
    USB_GetHostSpeed                         0x080058dd   Thumb Code    14  stm32f4xx_ll_usb.o(i.USB_GetHostSpeed)
    USB_GetMode                              0x080058eb   Thumb Code     8  stm32f4xx_ll_usb.o(i.USB_GetMode)
    USB_HC_Halt                              0x080058f3   Thumb Code   196  stm32f4xx_ll_usb.o(i.USB_HC_Halt)
    USB_HC_Init                              0x080059b9   Thumb Code   266  stm32f4xx_ll_usb.o(i.USB_HC_Init)
    USB_HC_ReadInterrupt                     0x08005ac3   Thumb Code     8  stm32f4xx_ll_usb.o(i.USB_HC_ReadInterrupt)
    USB_HC_StartXfer                         0x08005acb   Thumb Code   320  stm32f4xx_ll_usb.o(i.USB_HC_StartXfer)
    USB_HostInit                             0x08005c0d   Thumb Code   188  stm32f4xx_ll_usb.o(i.USB_HostInit)
    USB_InitFSLSPClkSel                      0x08005cdd   Thumb Code    54  stm32f4xx_ll_usb.o(i.USB_InitFSLSPClkSel)
    USB_ReadInterrupts                       0x08005d13   Thumb Code     8  stm32f4xx_ll_usb.o(i.USB_ReadInterrupts)
    USB_ReadPacket                           0x08005d1b   Thumb Code    62  stm32f4xx_ll_usb.o(i.USB_ReadPacket)
    USB_ResetPort                            0x08005d59   Thumb Code    50  stm32f4xx_ll_usb.o(i.USB_ResetPort)
    USB_SetCurrentMode                       0x08005d8b   Thumb Code    92  stm32f4xx_ll_usb.o(i.USB_SetCurrentMode)
    USB_StopHost                             0x08005de7   Thumb Code   138  stm32f4xx_ll_usb.o(i.USB_StopHost)
    USB_WritePacket                          0x08005e71   Thumb Code    40  stm32f4xx_ll_usb.o(i.USB_WritePacket)
    UsageFault_Handler                       0x08005e99   Thumb Code     2  stm32f4xx_it.o(i.UsageFault_Handler)
    XPT2046_TouchGetCoordinates              0x08005e9d   Thumb Code   256  xpt2046_touch.o(i.XPT2046_TouchGetCoordinates)
    XPT2046_TouchPressed                     0x08005fa9   Thumb Code    20  xpt2046_touch.o(i.XPT2046_TouchPressed)
    __0printf                                0x08005fc1   Thumb Code    22  printfa.o(i.__0printf)
    __1printf                                0x08005fc1   Thumb Code     0  printfa.o(i.__0printf)
    __2printf                                0x08005fc1   Thumb Code     0  printfa.o(i.__0printf)
    __c89printf                              0x08005fc1   Thumb Code     0  printfa.o(i.__0printf)
    printf                                   0x08005fc1   Thumb Code     0  printfa.o(i.__0printf)
    __0vsprintf                              0x08005fe1   Thumb Code    30  printfa.o(i.__0vsprintf)
    __1vsprintf                              0x08005fe1   Thumb Code     0  printfa.o(i.__0vsprintf)
    __2vsprintf                              0x08005fe1   Thumb Code     0  printfa.o(i.__0vsprintf)
    __c89vsprintf                            0x08005fe1   Thumb Code     0  printfa.o(i.__0vsprintf)
    vsprintf                                 0x08005fe1   Thumb Code     0  printfa.o(i.__0vsprintf)
    __scatterload_copy                       0x08006025   Thumb Code    14  handlers.o(i.__scatterload_copy)
    __scatterload_null                       0x08006033   Thumb Code     2  handlers.o(i.__scatterload_null)
    __scatterload_zeroinit                   0x08006035   Thumb Code    14  handlers.o(i.__scatterload_zeroinit)
    fputc                                    0x0800692d   Thumb Code    20  main.o(i.fputc)
    free                                     0x08006945   Thumb Code    76  malloc.o(i.free)
    lcdBacklightOn                           0x08006995   Thumb Code    10  ili9341.o(i.lcdBacklightOn)
    lcdDrawChar                              0x080069d5   Thumb Code   192  ili9341.o(i.lcdDrawChar)
    lcdDrawHLine                             0x08006a99   Thumb Code    60  ili9341.o(i.lcdDrawHLine)
    lcdDrawPixel                             0x08006add   Thumb Code    32  ili9341.o(i.lcdDrawPixel)
    lcdFillRGB                               0x08006b05   Thumb Code    44  ili9341.o(i.lcdFillRGB)
    lcdFillRect                              0x08006b39   Thumb Code    80  ili9341.o(i.lcdFillRect)
    lcdInit                                  0x08006b8d   Thumb Code   468  ili9341.o(i.lcdInit)
    lcdPrintf                                0x08006d69   Thumb Code   162  ili9341.o(i.lcdPrintf)
    lcdSetCursor                             0x08006e15   Thumb Code    14  ili9341.o(i.lcdSetCursor)
    lcdSetOrientation                        0x08006e29   Thumb Code    88  ili9341.o(i.lcdSetOrientation)
    lcdSetTextColor                          0x08006e89   Thumb Code     8  ili9341.o(i.lcdSetTextColor)
    lcdSetTextFont                           0x08006e95   Thumb Code     6  ili9341.o(i.lcdSetTextFont)
    lcdSetWindow                             0x08006ea1   Thumb Code    54  ili9341.o(i.lcdSetWindow)
    main                                     0x08006edd   Thumb Code   244  main.o(i.main)
    malloc                                   0x08007031   Thumb Code    92  malloc.o(i.malloc)
    unsigned_delta                           0x0800709d   Thumb Code    12  tuner_e4k.o(i.unsigned_delta)
    GPIO_PIN                                 0x080070a8   Data           4  main.o(.constdata)
    BUTTON_PIN                               0x080070ac   Data           6  main.o(.constdata)
    AHBPrescTable                            0x080070b2   Data          16  system_stm32f4xx.o(.constdata)
    APBPrescTable                            0x080070c2   Data           8  system_stm32f4xx.o(.constdata)
    Font12_Table                             0x08007330   Data        1140  font12.o(.constdata)
    Font16_Table                             0x080077a4   Data        3040  font16.o(.constdata)
    Region$$Table$$Base                      0x080083dc   Number         0  anon$$obj.o(Region$$Table)
    Region$$Table$$Limit                     0x080083fc   Number         0  anon$$obj.o(Region$$Table)
    id_prev                                  0x20000000   Data           1  main.o(.data)
    flag1                                    0x20000001   Data           1  main.o(.data)
    x                                        0x20000002   Data           2  main.o(.data)
    y                                        0x20000004   Data           2  main.o(.data)
    xx                                       0x20000006   Data           2  main.o(.data)
    strw                                     0x20000008   Data           2  main.o(.data)
    GPIO_PORT                                0x2000000c   Data           8  main.o(.data)
    BUTTON_PORT                              0x20000014   Data          12  main.o(.data)
    Appli_state                              0x20000020   Data           1  usb_host.o(.data)
    uwTickFreq                               0x2000002c   Data           1  stm32f4xx_hal.o(.data)
    uwTickPrio                               0x20000030   Data           4  stm32f4xx_hal.o(.data)
    uwTick                                   0x20000034   Data           4  stm32f4xx_hal.o(.data)
    SystemCoreClock                          0x20000038   Data           4  system_stm32f4xx.o(.data)
    HID_Class                                0x2000003c   Data          32  usbh_hid.o(.data)
    keybd_rx_report_buf                      0x2000005c   Data           8  usbh_hid_keybd.o(.data)
    keybd_report_data                        0x20000064   Data           8  usbh_hid_keybd.o(.data)
    mouse_info                               0x2000006c   Data           5  usbh_hid_mouse.o(.data)
    mouse_report_data                        0x20000074   Data           8  usbh_hid_mouse.o(.data)
    mouse_rx_report_buf                      0x2000007c   Data           8  usbh_hid_mouse.o(.data)
    Tuner_E4K                                0x20000084   Data          20  tuner_e4k.o(.data)
    RTLSDR_Class                             0x200000c0   Data          32  usbh_rtlsdr.o(.data)
    usbh_wdt1_n                              0x200000e0   Data           4  usbh_rtlsdr.o(.data)
    usbh_wdt1_s                              0x200000e4   Data           4  usbh_rtlsdr.o(.data)
    Font12                                   0x200000e8   Data           8  font12.o(.data)
    Font16                                   0x200000f0   Data           8  font16.o(.data)
    __stdout                                 0x20000118   Data           4  stdout.o(.data)
    __microlib_freelist                      0x2000011c   Data           4  mvars.o(.data)
    __microlib_freelist_initialised          0x20000120   Data           4  mvars.o(.data)
    hUSBHost                                 0x20000124   Data        2004  main.o(.bss)
    hspi2                                    0x200008f8   Data          88  main.o(.bss)
    htim3                                    0x20000950   Data          72  main.o(.bss)
    huart1                                   0x20000998   Data          68  main.o(.bss)
    hsram1                                   0x200009dc   Data          80  main.o(.bss)
    str1                                     0x20000a2c   Data          20  main.o(.bss)
    str2                                     0x20000a40   Data          20  main.o(.bss)
    str3                                     0x20000a54   Data          20  main.o(.bss)
    str4                                     0x20000a68   Data          20  main.o(.bss)
    str                                      0x20000a7c   Data          20  main.o(.bss)
    hUsbHostFS                               0x20000a90   Data        2004  usb_host.o(.bss)
    hhcd_USB_OTG_FS                          0x20001264   Data         772  usbh_conf.o(.bss)
    keybd_info                               0x20001568   Data          15  usbh_hid_keybd.o(.bss)
    __heap_base                              0x20001678   Data           0  startup_stm32f407xx.o(HEAP)
    __heap_limit                             0x20001a78   Data           0  startup_stm32f407xx.o(HEAP)
    __initial_sp                             0x20001e78   Data           0  startup_stm32f407xx.o(STACK)



==============================================================================

Memory Map of the image

  Image Entry point : 0x08000189

  Load Region LR_IROM1 (Base: 0x08000000, Size: 0x00008520, Max: 0x00080000, ABSOLUTE)

    Execution Region ER_IROM1 (Exec base: 0x08000000, Load base: 0x08000000, Size: 0x000083fc, Max: 0x00080000, ABSOLUTE)

    Exec Addr    Load Addr    Size         Type   Attr      Idx    E Section Name        Object

    0x08000000   0x08000000   0x00000188   Data   RO            3    RESET               startup_stm32f407xx.o
    0x08000188   0x08000188   0x00000000   Code   RO         5576  * .ARM.Collect$$$$00000000  mc_w.l(entry.o)
    0x08000188   0x08000188   0x00000004   Code   RO         5888    .ARM.Collect$$$$00000001  mc_w.l(entry2.o)
    0x0800018c   0x0800018c   0x00000004   Code   RO         5891    .ARM.Collect$$$$00000004  mc_w.l(entry5.o)
    0x08000190   0x08000190   0x00000000   Code   RO         5893    .ARM.Collect$$$$00000008  mc_w.l(entry7b.o)
    0x08000190   0x08000190   0x00000000   Code   RO         5895    .ARM.Collect$$$$0000000A  mc_w.l(entry8b.o)
    0x08000190   0x08000190   0x00000008   Code   RO         5896    .ARM.Collect$$$$0000000B  mc_w.l(entry9a.o)
    0x08000198   0x08000198   0x00000000   Code   RO         5898    .ARM.Collect$$$$0000000D  mc_w.l(entry10a.o)
    0x08000198   0x08000198   0x00000000   Code   RO         5900    .ARM.Collect$$$$0000000F  mc_w.l(entry11a.o)
    0x08000198   0x08000198   0x00000004   Code   RO         5889    .ARM.Collect$$$$00002712  mc_w.l(entry2.o)
    0x0800019c   0x0800019c   0x00000024   Code   RO            4    .text               startup_stm32f407xx.o
    0x080001c0   0x080001c0   0x00000062   Code   RO         5579    .text               mc_w.l(uldiv.o)
    0x08000222   0x08000222   0x00000024   Code   RO         5581    .text               mc_w.l(memcpya.o)
    0x08000246   0x08000246   0x00000024   Code   RO         5583    .text               mc_w.l(memseta.o)
    0x0800026a   0x0800026a   0x000000de   Code   RO         5880    .text               mf_w.l(ddiv.o)
    0x08000348   0x08000348   0x0000001a   Code   RO         5882    .text               mf_w.l(dfltui.o)
    0x08000362   0x08000362   0x00000032   Code   RO         5884    .text               mf_w.l(dfixui.o)
    0x08000394   0x08000394   0x00000030   Code   RO         5886    .text               mf_w.l(cdcmple.o)
    0x080003c4   0x080003c4   0x0000002c   Code   RO         5903    .text               mc_w.l(uidiv.o)
    0x080003f0   0x080003f0   0x0000001e   Code   RO         5905    .text               mc_w.l(llshl.o)
    0x0800040e   0x0800040e   0x00000020   Code   RO         5907    .text               mc_w.l(llushr.o)
    0x0800042e   0x0800042e   0x00000000   Code   RO         5911    .text               mc_w.l(iusefp.o)
    0x0800042e   0x0800042e   0x000000ba   Code   RO         5912    .text               mf_w.l(depilogue.o)
    0x080004e8   0x080004e8   0x0000014e   Code   RO         5914    .text               mf_w.l(dadd.o)
    0x08000636   0x08000636   0x000000e4   Code   RO         5916    .text               mf_w.l(dmul.o)
    0x0800071a   0x0800071a   0x00000030   Code   RO         5918    .text               mf_w.l(dfixul.o)
    0x0800074a   0x0800074a   0x00000002   PAD
    0x0800074c   0x0800074c   0x00000030   Code   RO         5920    .text               mf_w.l(cdrcmple.o)
    0x0800077c   0x0800077c   0x00000024   Code   RO         5922    .text               mc_w.l(init.o)
    0x080007a0   0x080007a0   0x00000024   Code   RO         5924    .text               mc_w.l(llsshr.o)
    0x080007c4   0x080007c4   0x0000001c   Code   RO           13    i.BSP_LED_Off       main.o
    0x080007e0   0x080007e0   0x0000001c   Code   RO           14    i.BSP_LED_On        main.o
    0x080007fc   0x080007fc   0x00000018   Code   RO           15    i.BSP_LED_Toggle    main.o
    0x08000814   0x08000814   0x00000002   Code   RO          530    i.BusFault_Handler  stm32f4xx_it.o
    0x08000816   0x08000816   0x00000002   PAD
    0x08000818   0x08000818   0x00000050   Code   RO         4267    i.DeInitStateMachine  usbh_core.o
    0x08000868   0x08000868   0x00000002   Code   RO          531    i.DebugMon_Handler  stm32f4xx_it.o
    0x0800086a   0x0800086a   0x00000002   PAD
    0x0800086c   0x0800086c   0x0000003c   Code   RO         4857    i.E4K_Init          tuner_e4k.o
    0x080008a8   0x080008a8   0x00000168   Code   RO         4858    i.E4K_InitProcess   tuner_e4k.o
    0x08000a10   0x08000a10   0x00000054   Code   RO         4859    i.E4K_SetBW         tuner_e4k.o
    0x08000a64   0x08000a64   0x00000084   Code   RO         4860    i.E4K_band_set      tuner_e4k.o
    0x08000ae8   0x08000ae8   0x000000bc   Code   RO         4861    i.E4K_compute_pll_params  tuner_e4k.o
    0x08000ba4   0x08000ba4   0x00000088   Code   RO         4862    i.E4K_enable_manual_gain  tuner_e4k.o
    0x08000c2c   0x08000c2c   0x00000020   Code   RO         4863    i.E4K_field_write   tuner_e4k.o
    0x08000c4c   0x08000c4c   0x00000060   Code   RO         4864    i.E4K_if_filter_bw_set  tuner_e4k.o
    0x08000cac   0x08000cac   0x00000010   Code   RO         4865    i.E4K_if_filter_chan_enable  tuner_e4k.o
    0x08000cbc   0x08000cbc   0x00000084   Code   RO         4866    i.E4K_if_gain_set   tuner_e4k.o
    0x08000d40   0x08000d40   0x00000008   Code   RO         4867    i.E4K_reg_read      tuner_e4k.o
    0x08000d48   0x08000d48   0x00000052   Code   RO         4868    i.E4K_reg_set_mask  tuner_e4k.o
    0x08000d9a   0x08000d9a   0x0000000a   Code   RO         4869    i.E4K_reg_write     tuner_e4k.o
    0x08000da4   0x08000da4   0x0000004c   Code   RO         4870    i.E4K_rf_filter_set  tuner_e4k.o
    0x08000df0   0x08000df0   0x0000005a   Code   RO         4871    i.E4K_tune_freq     tuner_e4k.o
    0x08000e4a   0x08000e4a   0x00000002   PAD
    0x08000e4c   0x08000e4c   0x000000c0   Code   RO         4872    i.E4K_tune_params   tuner_e4k.o
    0x08000f0c   0x08000f0c   0x00000006   Code   RO          532    i.EXTI9_5_IRQHandler  stm32f4xx_it.o
    0x08000f12   0x08000f12   0x0000002e   Code   RO           17    i.Error_Handler     main.o
    0x08000f40   0x08000f40   0x0000003c   Code   RO         2324    i.FSMC_NORSRAM_Extended_Timing_Init  stm32f4xx_ll_fsmc.o
    0x08000f7c   0x08000f7c   0x00000068   Code   RO         2325    i.FSMC_NORSRAM_Init  stm32f4xx_ll_fsmc.o
    0x08000fe4   0x08000fe4   0x00000044   Code   RO         2326    i.FSMC_NORSRAM_Timing_Init  stm32f4xx_ll_fsmc.o
    0x08001028   0x08001028   0x00000024   Code   RO         2065    i.HAL_Delay         stm32f4xx_hal.o
    0x0800104c   0x0800104c   0x00000074   Code   RO          618    i.HAL_FSMC_MspInit  stm32f4xx_hal_msp.o
    0x080010c0   0x080010c0   0x00000038   Code   RO           18    i.HAL_GPIO_EXTI_Callback  main.o
    0x080010f8   0x080010f8   0x00000018   Code   RO         1538    i.HAL_GPIO_EXTI_IRQHandler  stm32f4xx_hal_gpio.o
    0x08001110   0x08001110   0x000001f0   Code   RO         1539    i.HAL_GPIO_Init     stm32f4xx_hal_gpio.o
    0x08001300   0x08001300   0x0000000a   Code   RO         1541    i.HAL_GPIO_ReadPin  stm32f4xx_hal_gpio.o
    0x0800130a   0x0800130a   0x00000010   Code   RO         1542    i.HAL_GPIO_TogglePin  stm32f4xx_hal_gpio.o
    0x0800131a   0x0800131a   0x0000000a   Code   RO         1543    i.HAL_GPIO_WritePin  stm32f4xx_hal_gpio.o
    0x08001324   0x08001324   0x0000000c   Code   RO         2071    i.HAL_GetTick       stm32f4xx_hal.o
    0x08001330   0x08001330   0x00000008   Code   RO          352    i.HAL_HCD_Connect_Callback  usbh_conf.o
    0x08001338   0x08001338   0x00000008   Code   RO          353    i.HAL_HCD_Disconnect_Callback  usbh_conf.o
    0x08001340   0x08001340   0x00000006   Code   RO          700    i.HAL_HCD_GetCurrentFrame  stm32f4xx_hal_hcd.o
    0x08001346   0x08001346   0x00000006   Code   RO          701    i.HAL_HCD_GetCurrentSpeed  stm32f4xx_hal_hcd.o
    0x0800134c   0x0800134c   0x00000012   Code   RO          704    i.HAL_HCD_HC_GetURBState  stm32f4xx_hal_hcd.o
    0x0800135e   0x0800135e   0x00000010   Code   RO          705    i.HAL_HCD_HC_GetXferCount  stm32f4xx_hal_hcd.o
    0x0800136e   0x0800136e   0x00000024   Code   RO          706    i.HAL_HCD_HC_Halt   stm32f4xx_hal_hcd.o
    0x08001392   0x08001392   0x00000076   Code   RO          707    i.HAL_HCD_HC_Init   stm32f4xx_hal_hcd.o
    0x08001408   0x08001408   0x00000002   Code   RO          354    i.HAL_HCD_HC_NotifyURBChange_Callback  usbh_conf.o
    0x0800140a   0x0800140a   0x0000009a   Code   RO          709    i.HAL_HCD_HC_SubmitRequest  stm32f4xx_hal_hcd.o
    0x080014a4   0x080014a4   0x0000013a   Code   RO          710    i.HAL_HCD_IRQHandler  stm32f4xx_hal_hcd.o
    0x080015de   0x080015de   0x00000072   Code   RO          711    i.HAL_HCD_Init      stm32f4xx_hal_hcd.o
    0x08001650   0x08001650   0x00000084   Code   RO          356    i.HAL_HCD_MspInit   usbh_conf.o
    0x080016d4   0x080016d4   0x00000008   Code   RO          357    i.HAL_HCD_PortDisabled_Callback  usbh_conf.o
    0x080016dc   0x080016dc   0x00000008   Code   RO          358    i.HAL_HCD_PortEnabled_Callback  usbh_conf.o
    0x080016e4   0x080016e4   0x00000006   Code   RO          716    i.HAL_HCD_ResetPort  stm32f4xx_hal_hcd.o
    0x080016ea   0x080016ea   0x00000008   Code   RO          359    i.HAL_HCD_SOF_Callback  usbh_conf.o
    0x080016f2   0x080016f2   0x0000002c   Code   RO          718    i.HAL_HCD_Start     stm32f4xx_hal_hcd.o
    0x0800171e   0x0800171e   0x00000024   Code   RO          719    i.HAL_HCD_Stop      stm32f4xx_hal_hcd.o
    0x08001742   0x08001742   0x00000002   PAD
    0x08001744   0x08001744   0x00000010   Code   RO         2077    i.HAL_IncTick       stm32f4xx_hal.o
    0x08001754   0x08001754   0x00000034   Code   RO         2078    i.HAL_Init          stm32f4xx_hal.o
    0x08001788   0x08001788   0x00000040   Code   RO         2079    i.HAL_InitTick      stm32f4xx_hal.o
    0x080017c8   0x080017c8   0x00000030   Code   RO          619    i.HAL_MspInit       stm32f4xx_hal_msp.o
    0x080017f8   0x080017f8   0x0000001a   Code   RO         1928    i.HAL_NVIC_EnableIRQ  stm32f4xx_hal_cortex.o
    0x08001812   0x08001812   0x00000002   PAD
    0x08001814   0x08001814   0x00000040   Code   RO         1934    i.HAL_NVIC_SetPriority  stm32f4xx_hal_cortex.o
    0x08001854   0x08001854   0x00000024   Code   RO         1935    i.HAL_NVIC_SetPriorityGrouping  stm32f4xx_hal_cortex.o
    0x08001878   0x08001878   0x00000134   Code   RO         1185    i.HAL_RCC_ClockConfig  stm32f4xx_hal_rcc.o
    0x080019ac   0x080019ac   0x00000020   Code   RO         1192    i.HAL_RCC_GetPCLK1Freq  stm32f4xx_hal_rcc.o
    0x080019cc   0x080019cc   0x00000020   Code   RO         1193    i.HAL_RCC_GetPCLK2Freq  stm32f4xx_hal_rcc.o
    0x080019ec   0x080019ec   0x00000060   Code   RO         1194    i.HAL_RCC_GetSysClockFreq  stm32f4xx_hal_rcc.o
    0x08001a4c   0x08001a4c   0x0000036c   Code   RO         1197    i.HAL_RCC_OscConfig  stm32f4xx_hal_rcc.o
    0x08001db8   0x08001db8   0x000000bc   Code   RO         2588    i.HAL_SPI_Init      stm32f4xx_hal_spi.o
    0x08001e74   0x08001e74   0x0000006c   Code   RO          621    i.HAL_SPI_MspInit   stm32f4xx_hal_msp.o
    0x08001ee0   0x08001ee0   0x00000166   Code   RO         2596    i.HAL_SPI_Transmit  stm32f4xx_hal_spi.o
    0x08002046   0x08002046   0x000001e2   Code   RO         2597    i.HAL_SPI_TransmitReceive  stm32f4xx_hal_spi.o
    0x08002228   0x08002228   0x0000005c   Code   RO         2446    i.HAL_SRAM_Init     stm32f4xx_hal_sram.o
    0x08002284   0x08002284   0x00000004   Code   RO          623    i.HAL_SRAM_MspInit  stm32f4xx_hal_msp.o
    0x08002288   0x08002288   0x00000028   Code   RO         1939    i.HAL_SYSTICK_Config  stm32f4xx_hal_cortex.o
    0x080022b0   0x080022b0   0x00000090   Code   RO         3624    i.HAL_TIMEx_MasterConfigSynchronization  stm32f4xx_hal_tim_ex.o
    0x08002340   0x08002340   0x0000005a   Code   RO         2901    i.HAL_TIM_Base_Init  stm32f4xx_hal_tim.o
    0x0800239a   0x0800239a   0x00000002   PAD
    0x0800239c   0x0800239c   0x00000028   Code   RO          625    i.HAL_TIM_Base_MspInit  stm32f4xx_hal_msp.o
    0x080023c4   0x080023c4   0x00000078   Code   RO         2904    i.HAL_TIM_Base_Start  stm32f4xx_hal_tim.o
    0x0800243c   0x0800243c   0x000000dc   Code   RO         2910    i.HAL_TIM_ConfigClockSource  stm32f4xx_hal_tim.o
    0x08002518   0x08002518   0x00000052   Code   RO         2950    i.HAL_TIM_OC_ConfigChannel  stm32f4xx_hal_tim.o
    0x0800256a   0x0800256a   0x0000005a   Code   RO         2954    i.HAL_TIM_OC_Init   stm32f4xx_hal_tim.o
    0x080025c4   0x080025c4   0x00000002   Code   RO         2956    i.HAL_TIM_OC_MspInit  stm32f4xx_hal_tim.o
    0x080025c6   0x080025c6   0x00000062   Code   RO         3901    i.HAL_UART_Init     stm32f4xx_hal_uart.o
    0x08002628   0x08002628   0x0000006c   Code   RO          627    i.HAL_UART_MspInit  stm32f4xx_hal_msp.o
    0x08002694   0x08002694   0x000000b2   Code   RO         3909    i.HAL_UART_Transmit  stm32f4xx_hal_uart.o
    0x08002746   0x08002746   0x000001ea   Code   RO          721    i.HCD_HC_IN_IRQHandler  stm32f4xx_hal_hcd.o
    0x08002930   0x08002930   0x0000021c   Code   RO          722    i.HCD_HC_OUT_IRQHandler  stm32f4xx_hal_hcd.o
    0x08002b4c   0x08002b4c   0x00000094   Code   RO          723    i.HCD_Port_IRQHandler  stm32f4xx_hal_hcd.o
    0x08002be0   0x08002be0   0x0000008c   Code   RO          724    i.HCD_RXQLVL_IRQHandler  stm32f4xx_hal_hcd.o
    0x08002c6c   0x08002c6c   0x00000002   Code   RO          533    i.HardFault_Handler  stm32f4xx_it.o
    0x08002c6e   0x08002c6e   0x00000002   PAD
    0x08002c70   0x08002c70   0x0000006c   Code   RO           19    i.MX_FSMC_Init      main.o
    0x08002cdc   0x08002cdc   0x0000012c   Code   RO           20    i.MX_GPIO_Init      main.o
    0x08002e08   0x08002e08   0x00000044   Code   RO           21    i.MX_SPI2_Init      main.o
    0x08002e4c   0x08002e4c   0x00000080   Code   RO           22    i.MX_TIM3_Init      main.o
    0x08002ecc   0x08002ecc   0x00000040   Code   RO          299    i.MX_USB_HOST_Init  usb_host.o
    0x08002f0c   0x08002f0c   0x0000000c   Code   RO          300    i.MX_USB_HOST_Process  usb_host.o
    0x08002f18   0x08002f18   0x00000002   Code   RO          534    i.MemManage_Handler  stm32f4xx_it.o
    0x08002f1a   0x08002f1a   0x00000002   Code   RO          535    i.NMI_Handler       stm32f4xx_it.o
    0x08002f1c   0x08002f1c   0x0000000c   Code   RO          536    i.OTG_FS_IRQHandler  stm32f4xx_it.o
    0x08002f28   0x08002f28   0x00000002   Code   RO          537    i.PendSV_Handler    stm32f4xx_it.o
    0x08002f2a   0x08002f2a   0x0000003a   Code   RO         5004    i.RTLSDR_demod_read_reg  usbh_rtlsdr.o
    0x08002f64   0x08002f64   0x00000088   Code   RO         5005    i.RTLSDR_demod_write_reg  usbh_rtlsdr.o
    0x08002fec   0x08002fec   0x00000064   Code   RO         5007    i.RTLSDR_i2c_read_reg  usbh_rtlsdr.o
    0x08003050   0x08003050   0x00000026   Code   RO         5009    i.RTLSDR_i2c_write_reg  usbh_rtlsdr.o
    0x08003076   0x08003076   0x00000002   PAD
    0x08003078   0x08003078   0x00000094   Code   RO         5010    i.RTLSDR_probe_tuners  usbh_rtlsdr.o
    0x0800310c   0x0800310c   0x00000030   Code   RO         5011    i.RTLSDR_read_array  usbh_rtlsdr.o
    0x0800313c   0x0800313c   0x000000c0   Code   RO         5012    i.RTLSDR_set_fir    usbh_rtlsdr.o
    0x080031fc   0x080031fc   0x00000018   Code   RO         5013    i.RTLSDR_set_i2c_repeater  usbh_rtlsdr.o
    0x08003214   0x08003214   0x0000013c   Code   RO         5014    i.RTLSDR_set_sample_rate  usbh_rtlsdr.o
    0x08003350   0x08003350   0x00000018   Code   RO         5015    i.RTLSDR_set_test_mode  usbh_rtlsdr.o
    0x08003368   0x08003368   0x00000036   Code   RO         5016    i.RTLSDR_write_array  usbh_rtlsdr.o
    0x0800339e   0x0800339e   0x0000004a   Code   RO         5017    i.RTLSDR_write_reg  usbh_rtlsdr.o
    0x080033e8   0x080033e8   0x00000058   Code   RO         2626    i.SPI_EndRxTxTransaction  stm32f4xx_hal_spi.o
    0x08003440   0x08003440   0x000000b8   Code   RO         2631    i.SPI_WaitFlagStateUntilTimeout  stm32f4xx_hal_spi.o
    0x080034f8   0x080034f8   0x00000002   Code   RO          538    i.SVC_Handler       stm32f4xx_it.o
    0x080034fa   0x080034fa   0x00000004   Code   RO          539    i.SysTick_Handler   stm32f4xx_it.o
    0x080034fe   0x080034fe   0x00000002   PAD
    0x08003500   0x08003500   0x00000090   Code   RO           24    i.SystemClock_Config  main.o
    0x08003590   0x08003590   0x00000010   Code   RO         4230    i.SystemInit        system_stm32f4xx.o
    0x080035a0   0x080035a0   0x000000c8   Code   RO         2994    i.TIM_Base_SetConfig  stm32f4xx_hal_tim.o
    0x08003668   0x08003668   0x00000014   Code   RO         3005    i.TIM_ETR_SetConfig  stm32f4xx_hal_tim.o
    0x0800367c   0x0800367c   0x00000010   Code   RO         3006    i.TIM_ITRx_SetConfig  stm32f4xx_hal_tim.o
    0x0800368c   0x0800368c   0x00000060   Code   RO         3007    i.TIM_OC1_SetConfig  stm32f4xx_hal_tim.o
    0x080036ec   0x080036ec   0x0000006c   Code   RO         3008    i.TIM_OC2_SetConfig  stm32f4xx_hal_tim.o
    0x08003758   0x08003758   0x00000068   Code   RO         3009    i.TIM_OC3_SetConfig  stm32f4xx_hal_tim.o
    0x080037c0   0x080037c0   0x00000050   Code   RO         3010    i.TIM_OC4_SetConfig  stm32f4xx_hal_tim.o
    0x08003810   0x08003810   0x00000022   Code   RO         3012    i.TIM_TI1_ConfigInputStage  stm32f4xx_hal_tim.o
    0x08003832   0x08003832   0x00000024   Code   RO         3014    i.TIM_TI2_ConfigInputStage  stm32f4xx_hal_tim.o
    0x08003856   0x08003856   0x00000002   PAD
    0x08003858   0x08003858   0x0000010c   Code   RO         3927    i.UART_SetConfig    stm32f4xx_hal_uart.o
    0x08003964   0x08003964   0x00000078   Code   RO         3930    i.UART_WaitOnFlagUntilTimeout  stm32f4xx_hal_uart.o
    0x080039dc   0x080039dc   0x00000038   Code   RO         4574    i.USBH_AllocPipe    usbh_pipes.o
    0x08003a14   0x08003a14   0x00000020   Code   RO         4502    i.USBH_BulkReceiveData  usbh_ioreq.o
    0x08003a34   0x08003a34   0x0000000a   Code   RO         4575    i.USBH_ClosePipe    usbh_pipes.o
    0x08003a3e   0x08003a3e   0x0000001e   Code   RO         4403    i.USBH_ClrFeature   usbh_ctlreq.o
    0x08003a5c   0x08003a5c   0x0000001e   Code   RO         4504    i.USBH_CtlReceiveData  usbh_ioreq.o
    0x08003a7a   0x08003a7a   0x0000003a   Code   RO         4404    i.USBH_CtlReq       usbh_ctlreq.o
    0x08003ab4   0x08003ab4   0x00000028   Code   RO         4505    i.USBH_CtlSendData  usbh_ioreq.o
    0x08003adc   0x08003adc   0x0000001e   Code   RO         4506    i.USBH_CtlSendSetup  usbh_ioreq.o
    0x08003afa   0x08003afa   0x00000004   Code   RO          360    i.USBH_Delay        usbh_conf.o
    0x08003afe   0x08003afe   0x00000002   PAD
    0x08003b00   0x08003b00   0x00000044   Code   RO         4269    i.USBH_FindInterface  usbh_core.o
    0x08003b44   0x08003b44   0x00000018   Code   RO         4576    i.USBH_FreePipe     usbh_pipes.o
    0x08003b5c   0x08003b5c   0x00000034   Code   RO         4405    i.USBH_GetDescriptor  usbh_ctlreq.o
    0x08003b90   0x08003b90   0x0000000e   Code   RO         4406    i.USBH_GetNextDesc  usbh_ctlreq.o
    0x08003b9e   0x08003b9e   0x0000002c   Code   RO         4407    i.USBH_Get_CfgDesc  usbh_ctlreq.o
    0x08003bca   0x08003bca   0x000000a8   Code   RO         4408    i.USBH_Get_DevDesc  usbh_ctlreq.o
    0x08003c72   0x08003c72   0x00000048   Code   RO         4409    i.USBH_Get_StringDesc  usbh_ctlreq.o
    0x08003cba   0x08003cba   0x00000018   Code   RO          361    i.USBH_Get_USB_Status  usbh_conf.o
    0x08003cd2   0x08003cd2   0x00000002   PAD
    0x08003cd4   0x08003cd4   0x00000164   Code   RO         4616    i.USBH_HID_ClassRequest  usbh_hid.o
    0x08003e38   0x08003e38   0x00000002   Code   RO         4617    i.USBH_HID_EventCallback  usbh_hid.o
    0x08003e3a   0x08003e3a   0x0000000e   Code   RO         4618    i.USBH_HID_FifoInit  usbh_hid.o
    0x08003e48   0x08003e48   0x00000050   Code   RO         4620    i.USBH_HID_FifoWrite  usbh_hid.o
    0x08003e98   0x08003e98   0x00000014   Code   RO         4623    i.USBH_HID_GetHIDReportDescriptor  usbh_hid.o
    0x08003eac   0x08003eac   0x00000022   Code   RO         4625    i.USBH_HID_GetReport  usbh_hid.o
    0x08003ece   0x08003ece   0x0000004a   Code   RO         4626    i.USBH_HID_InterfaceDeInit  usbh_hid.o
    0x08003f18   0x08003f18   0x00000188   Code   RO         4627    i.USBH_HID_InterfaceInit  usbh_hid.o
    0x080040a0   0x080040a0   0x0000005c   Code   RO         4745    i.USBH_HID_KeybdInit  usbh_hid_keybd.o
    0x080040fc   0x080040fc   0x00000054   Code   RO         4790    i.USBH_HID_MouseInit  usbh_hid_mouse.o
    0x08004150   0x08004150   0x000000e0   Code   RO         4628    i.USBH_HID_Process  usbh_hid.o
    0x08004230   0x08004230   0x00000022   Code   RO         4629    i.USBH_HID_SOFProcess  usbh_hid.o
    0x08004252   0x08004252   0x0000001a   Code   RO         4630    i.USBH_HID_SetIdle  usbh_hid.o
    0x0800426c   0x0800426c   0x00000020   Code   RO         4631    i.USBH_HID_SetProtocol  usbh_hid.o
    0x0800428c   0x0800428c   0x000001d8   Code   RO         4410    i.USBH_HandleControl  usbh_ctlreq.o
    0x08004464   0x08004464   0x000003d0   Code   RO         4272    i.USBH_HandleEnum   usbh_core.o
    0x08004834   0x08004834   0x00000070   Code   RO         4273    i.USBH_Init         usbh_core.o
    0x080048a4   0x080048a4   0x00000020   Code   RO         4507    i.USBH_InterruptReceiveData  usbh_ioreq.o
    0x080048c4   0x080048c4   0x00000012   Code   RO          362    i.USBH_LL_ClosePipe  usbh_conf.o
    0x080048d6   0x080048d6   0x00000014   Code   RO         4275    i.USBH_LL_Connect   usbh_core.o
    0x080048ea   0x080048ea   0x0000002e   Code   RO         4276    i.USBH_LL_Disconnect  usbh_core.o
    0x08004918   0x08004918   0x0000000c   Code   RO          364    i.USBH_LL_DriverVBUS  usbh_conf.o
    0x08004924   0x08004924   0x00000008   Code   RO          365    i.USBH_LL_GetLastXferSize  usbh_conf.o
    0x0800492c   0x0800492c   0x00000022   Code   RO          366    i.USBH_LL_GetSpeed  usbh_conf.o
    0x0800494e   0x0800494e   0x00000008   Code   RO          368    i.USBH_LL_GetURBState  usbh_conf.o
    0x08004956   0x08004956   0x0000001e   Code   RO         4277    i.USBH_LL_IncTimer  usbh_core.o
    0x08004974   0x08004974   0x00000050   Code   RO          369    i.USBH_LL_Init      usbh_conf.o
    0x080049c4   0x080049c4   0x0000001c   Code   RO          370    i.USBH_LL_OpenPipe  usbh_conf.o
    0x080049e0   0x080049e0   0x00000008   Code   RO         4278    i.USBH_LL_PortDisabled  usbh_core.o
    0x080049e8   0x080049e8   0x00000008   Code   RO         4279    i.USBH_LL_PortEnabled  usbh_core.o
    0x080049f0   0x080049f0   0x00000012   Code   RO          371    i.USBH_LL_ResetPort  usbh_conf.o
    0x08004a02   0x08004a02   0x00000006   Code   RO         4280    i.USBH_LL_SetTimer  usbh_core.o
    0x08004a08   0x08004a08   0x00000024   Code   RO          372    i.USBH_LL_SetToggle  usbh_conf.o
    0x08004a2c   0x08004a2c   0x00000012   Code   RO          373    i.USBH_LL_Start     usbh_conf.o
    0x08004a3e   0x08004a3e   0x00000012   Code   RO          374    i.USBH_LL_Stop      usbh_conf.o
    0x08004a50   0x08004a50   0x00000022   Code   RO          375    i.USBH_LL_SubmitURB  usbh_conf.o
    0x08004a72   0x08004a72   0x00000014   Code   RO         4577    i.USBH_OpenPipe     usbh_pipes.o
    0x08004a86   0x08004a86   0x0000014c   Code   RO         4411    i.USBH_ParseCfgDesc  usbh_ctlreq.o
    0x08004bd2   0x08004bd2   0x00000002   PAD
    0x08004bd4   0x08004bd4   0x0000006e   Code   RO         4412    i.USBH_ParseEPDesc  usbh_ctlreq.o
    0x08004c42   0x08004c42   0x00000002   PAD
    0x08004c44   0x08004c44   0x000004cc   Code   RO         4281    i.USBH_Process      usbh_core.o
    0x08005110   0x08005110   0x000001c4   Code   RO         5018    i.USBH_RTLSDR_ClassRequest  usbh_rtlsdr.o
    0x080052d4   0x080052d4   0x00000036   Code   RO         5021    i.USBH_RTLSDR_InterfaceDeInit  usbh_rtlsdr.o
    0x0800530a   0x0800530a   0x00000002   PAD
    0x0800530c   0x0800530c   0x00000100   Code   RO         5022    i.USBH_RTLSDR_InterfaceInit  usbh_rtlsdr.o
    0x0800540c   0x0800540c   0x0000005e   Code   RO         5023    i.USBH_RTLSDR_Process  usbh_rtlsdr.o
    0x0800546a   0x0800546a   0x00000004   Code   RO         5024    i.USBH_RTLSDR_SOFProcess  usbh_rtlsdr.o
    0x0800546e   0x0800546e   0x00000002   PAD
    0x08005470   0x08005470   0x00000080   Code   RO         4283    i.USBH_RegisterClass  usbh_core.o
    0x080054f0   0x080054f0   0x000000f4   Code   RO         4284    i.USBH_SelectInterface  usbh_core.o
    0x080055e4   0x080055e4   0x0000001c   Code   RO         4413    i.USBH_SetAddress   usbh_ctlreq.o
    0x08005600   0x08005600   0x0000001c   Code   RO         4414    i.USBH_SetCfg       usbh_ctlreq.o
    0x0800561c   0x0800561c   0x0000001c   Code   RO         4415    i.USBH_SetFeature   usbh_ctlreq.o
    0x08005638   0x08005638   0x00000014   Code   RO         4285    i.USBH_Start        usbh_core.o
    0x0800564c   0x0800564c   0x000000d0   Code   RO           26    i.USBH_UserProcess  main.o
    0x0800571c   0x0800571c   0x00000020   Code   RO          301    i.USBH_UserProcess  usb_host.o
    0x0800573c   0x0800573c   0x00000074   Code   RO          884    i.USB_CoreInit      stm32f4xx_ll_usb.o
    0x080057b0   0x080057b0   0x00000040   Code   RO          885    i.USB_CoreReset     stm32f4xx_ll_usb.o
    0x080057f0   0x080057f0   0x0000000c   Code   RO          892    i.USB_DisableGlobalInt  stm32f4xx_ll_usb.o
    0x080057fc   0x080057fc   0x00000024   Code   RO          893    i.USB_DoPing        stm32f4xx_ll_usb.o
    0x08005820   0x08005820   0x0000002c   Code   RO          894    i.USB_DriveVbus     stm32f4xx_ll_usb.o
    0x0800584c   0x0800584c   0x0000000c   Code   RO          901    i.USB_EnableGlobalInt  stm32f4xx_ll_usb.o
    0x08005858   0x08005858   0x0000003c   Code   RO          902    i.USB_FlushRxFifo   stm32f4xx_ll_usb.o
    0x08005894   0x08005894   0x00000040   Code   RO          903    i.USB_FlushTxFifo   stm32f4xx_ll_usb.o
    0x080058d4   0x080058d4   0x00000008   Code   RO          904    i.USB_GetCurrentFrame  stm32f4xx_ll_usb.o
    0x080058dc   0x080058dc   0x0000000e   Code   RO          906    i.USB_GetHostSpeed  stm32f4xx_ll_usb.o
    0x080058ea   0x080058ea   0x00000008   Code   RO          907    i.USB_GetMode       stm32f4xx_ll_usb.o
    0x080058f2   0x080058f2   0x000000c4   Code   RO          908    i.USB_HC_Halt       stm32f4xx_ll_usb.o
    0x080059b6   0x080059b6   0x00000002   PAD
    0x080059b8   0x080059b8   0x0000010a   Code   RO          909    i.USB_HC_Init       stm32f4xx_ll_usb.o
    0x08005ac2   0x08005ac2   0x00000008   Code   RO          910    i.USB_HC_ReadInterrupt  stm32f4xx_ll_usb.o
    0x08005aca   0x08005aca   0x00000140   Code   RO          911    i.USB_HC_StartXfer  stm32f4xx_ll_usb.o
    0x08005c0a   0x08005c0a   0x00000002   PAD
    0x08005c0c   0x08005c0c   0x000000d0   Code   RO          912    i.USB_HostInit      stm32f4xx_ll_usb.o
    0x08005cdc   0x08005cdc   0x00000036   Code   RO          913    i.USB_InitFSLSPClkSel  stm32f4xx_ll_usb.o
    0x08005d12   0x08005d12   0x00000008   Code   RO          918    i.USB_ReadInterrupts  stm32f4xx_ll_usb.o
    0x08005d1a   0x08005d1a   0x0000003e   Code   RO          919    i.USB_ReadPacket    stm32f4xx_ll_usb.o
    0x08005d58   0x08005d58   0x00000032   Code   RO          920    i.USB_ResetPort     stm32f4xx_ll_usb.o
    0x08005d8a   0x08005d8a   0x0000005c   Code   RO          921    i.USB_SetCurrentMode  stm32f4xx_ll_usb.o
    0x08005de6   0x08005de6   0x0000008a   Code   RO          926    i.USB_StopHost      stm32f4xx_ll_usb.o
    0x08005e70   0x08005e70   0x00000028   Code   RO          927    i.USB_WritePacket   stm32f4xx_ll_usb.o
    0x08005e98   0x08005e98   0x00000002   Code   RO          540    i.UsageFault_Handler  stm32f4xx_it.o
    0x08005e9a   0x08005e9a   0x00000002   PAD
    0x08005e9c   0x08005e9c   0x0000010c   Code   RO         5544    i.XPT2046_TouchGetCoordinates  xpt2046_touch.o
    0x08005fa8   0x08005fa8   0x00000018   Code   RO         5545    i.XPT2046_TouchPressed  xpt2046_touch.o
    0x08005fc0   0x08005fc0   0x00000020   Code   RO         5824    i.__0printf         mc_w.l(printfa.o)
    0x08005fe0   0x08005fe0   0x00000024   Code   RO         5830    i.__0vsprintf       mc_w.l(printfa.o)
    0x08006004   0x08006004   0x00000020   Code   RO         1941    i.__NVIC_SetPriority  stm32f4xx_hal_cortex.o
    0x08006024   0x08006024   0x0000000e   Code   RO         5928    i.__scatterload_copy  mc_w.l(handlers.o)
    0x08006032   0x08006032   0x00000002   Code   RO         5929    i.__scatterload_null  mc_w.l(handlers.o)
    0x08006034   0x08006034   0x0000000e   Code   RO         5930    i.__scatterload_zeroinit  mc_w.l(handlers.o)
    0x08006042   0x08006042   0x00000002   PAD
    0x08006044   0x08006044   0x00000184   Code   RO         5831    i._fp_digits        mc_w.l(printfa.o)
    0x080061c8   0x080061c8   0x000006dc   Code   RO         5832    i._printf_core      mc_w.l(printfa.o)
    0x080068a4   0x080068a4   0x00000024   Code   RO         5833    i._printf_post_padding  mc_w.l(printfa.o)
    0x080068c8   0x080068c8   0x0000002e   Code   RO         5834    i._printf_pre_padding  mc_w.l(printfa.o)
    0x080068f6   0x080068f6   0x0000000a   Code   RO         5836    i._sputc            mc_w.l(printfa.o)
    0x08006900   0x08006900   0x0000002c   Code   RO         4873    i.closest_arr_idx   tuner_e4k.o
    0x0800692c   0x0800692c   0x00000018   Code   RO           27    i.fputc             main.o
    0x08006944   0x08006944   0x00000050   Code   RO         5852    i.free              mc_w.l(malloc.o)
    0x08006994   0x08006994   0x00000010   Code   RO         5238    i.lcdBacklightOn    ili9341.o
    0x080069a4   0x080069a4   0x00000030   Code   RO         5239    i.lcdBuildMemoryAccessControlConfig  ili9341.o
    0x080069d4   0x080069d4   0x000000c4   Code   RO         5243    i.lcdDrawChar       ili9341.o
    0x08006a98   0x08006a98   0x00000044   Code   RO         5246    i.lcdDrawHLine      ili9341.o
    0x08006adc   0x08006adc   0x00000028   Code   RO         5249    i.lcdDrawPixel      ili9341.o
    0x08006b04   0x08006b04   0x00000034   Code   RO         5256    i.lcdFillRGB        ili9341.o
    0x08006b38   0x08006b38   0x00000054   Code   RO         5257    i.lcdFillRect       ili9341.o
    0x08006b8c   0x08006b8c   0x000001dc   Code   RO         5267    i.lcdInit           ili9341.o
    0x08006d68   0x08006d68   0x000000ac   Code   RO         5270    i.lcdPrintf         ili9341.o
    0x08006e14   0x08006e14   0x00000014   Code   RO         5272    i.lcdSetCursor      ili9341.o
    0x08006e28   0x08006e28   0x00000060   Code   RO         5273    i.lcdSetOrientation  ili9341.o
    0x08006e88   0x08006e88   0x0000000c   Code   RO         5274    i.lcdSetTextColor   ili9341.o
    0x08006e94   0x08006e94   0x0000000c   Code   RO         5275    i.lcdSetTextFont    ili9341.o
    0x08006ea0   0x08006ea0   0x0000003c   Code   RO         5277    i.lcdSetWindow      ili9341.o
    0x08006edc   0x08006edc   0x00000154   Code   RO           28    i.main              main.o
    0x08007030   0x08007030   0x0000006c   Code   RO         5853    i.malloc            mc_w.l(malloc.o)
    0x0800709c   0x0800709c   0x0000000c   Code   RO         4874    i.unsigned_delta    tuner_e4k.o
    0x080070a8   0x080070a8   0x0000000a   Data   RO           30    .constdata          main.o
    0x080070b2   0x080070b2   0x00000010   Data   RO         4231    .constdata          system_stm32f4xx.o
    0x080070c2   0x080070c2   0x00000008   Data   RO         4232    .constdata          system_stm32f4xx.o
    0x080070ca   0x080070ca   0x00000002   PAD
    0x080070cc   0x080070cc   0x00000110   Data   RO         4875    .constdata          tuner_e4k.o
    0x080071dc   0x080071dc   0x00000002   Data   RO         4876    .constdata          tuner_e4k.o
    0x080071de   0x080071de   0x00000004   Data   RO         4877    .constdata          tuner_e4k.o
    0x080071e2   0x080071e2   0x00000004   Data   RO         4878    .constdata          tuner_e4k.o
    0x080071e6   0x080071e6   0x00000008   Data   RO         4879    .constdata          tuner_e4k.o
    0x080071ee   0x080071ee   0x00000002   PAD
    0x080071f0   0x080071f0   0x00000040   Data   RO         4880    .constdata          tuner_e4k.o
    0x08007230   0x08007230   0x00000040   Data   RO         4881    .constdata          tuner_e4k.o
    0x08007270   0x08007270   0x00000080   Data   RO         4882    .constdata          tuner_e4k.o
    0x080072f0   0x080072f0   0x00000040   Data   RO         5025    .constdata          usbh_rtlsdr.o
    0x08007330   0x08007330   0x00000474   Data   RO         5178    .constdata          font12.o
    0x080077a4   0x080077a4   0x00000be0   Data   RO         5192    .constdata          font16.o
    0x08008384   0x08008384   0x00000004   Data   RO         5546    .constdata          xpt2046_touch.o
    0x08008388   0x08008388   0x00000042   Data   RO         4287    .conststring        usbh_core.o
    0x080083ca   0x080083ca   0x00000002   PAD
    0x080083cc   0x080083cc   0x00000004   Data   RO         4633    .conststring        usbh_hid.o
    0x080083d0   0x080083d0   0x00000004   Data   RO         4883    .conststring        tuner_e4k.o
    0x080083d4   0x080083d4   0x00000007   Data   RO         5026    .conststring        usbh_rtlsdr.o
    0x080083db   0x080083db   0x00000001   PAD
    0x080083dc   0x080083dc   0x00000020   Data   RO         5926    Region$$Table       anon$$obj.o


    Execution Region RW_IRAM1 (Exec base: 0x20000000, Load base: 0x080083fc, Size: 0x00001e78, Max: 0x0001c000, ABSOLUTE)

    Exec Addr    Load Addr    Size         Type   Attr      Idx    E Section Name        Object

    0x20000000   0x080083fc   0x00000020   Data   RW           32    .data               main.o
    0x20000020   0x0800841c   0x00000001   Data   RW          303    .data               usb_host.o
    0x20000021   0x0800841d   0x00000003   PAD
    0x20000024   0x08008420   0x00000008   Data   RW          628    .data               stm32f4xx_hal_msp.o
    0x2000002c   0x08008428   0x0000000c   Data   RW         2085    .data               stm32f4xx_hal.o
    0x20000038   0x08008434   0x00000004   Data   RW         4233    .data               system_stm32f4xx.o
    0x2000003c   0x08008438   0x00000020   Data   RW         4634    .data               usbh_hid.o
    0x2000005c   0x08008458   0x00000010   Data   RW         4748    .data               usbh_hid_keybd.o
    0x2000006c   0x08008468   0x00000018   Data   RW         4792    .data               usbh_hid_mouse.o
    0x20000084   0x08008480   0x00000014   Data   RW         4884    .data               tuner_e4k.o
    0x20000098   0x08008494   0x00000028   Data   RW         4885    .data               tuner_e4k.o
    0x200000c0   0x080084bc   0x00000020   Data   RW         5027    .data               usbh_rtlsdr.o
    0x200000e0   0x080084dc   0x00000008   Data   RW         5028    .data               usbh_rtlsdr.o
    0x200000e8   0x080084e4   0x00000008   Data   RW         5179    .data               font12.o
    0x200000f0   0x080084ec   0x00000008   Data   RW         5193    .data               font16.o
    0x200000f8   0x080084f4   0x00000020   Data   RW         5282    .data               ili9341.o
    0x20000118   0x08008514   0x00000004   Data   RW         5902    .data               mc_w.l(stdout.o)
    0x2000011c   0x08008518   0x00000004   Data   RW         5909    .data               mc_w.l(mvars.o)
    0x20000120   0x0800851c   0x00000004   Data   RW         5910    .data               mc_w.l(mvars.o)
    0x20000124        -       0x0000096c   Zero   RW           29    .bss                main.o
    0x20000a90        -       0x000007d4   Zero   RW          302    .bss                usb_host.o
    0x20001264        -       0x00000304   Zero   RW          376    .bss                usbh_conf.o
    0x20001568        -       0x0000000f   Zero   RW         4746    .bss                usbh_hid_keybd.o
    0x20001577        -       0x00000100   Zero   RW         5281    .bss                ili9341.o
    0x20001677   0x08008520   0x00000001   PAD
    0x20001678        -       0x00000400   Zero   RW            2    HEAP                startup_stm32f407xx.o
    0x20001a78        -       0x00000400   Zero   RW            1    STACK               startup_stm32f407xx.o


    Execution Region RW_IRAM2 (Exec base: 0x2001c000, Load base: 0x08008520, Size: 0x00000000, Max: 0x00004000, ABSOLUTE)

    **** No section assigned to this execution region ****


==============================================================================

Image component sizes


      Code (inc. data)   RO Data    RW Data    ZI Data      Debug   Object Name

         0          0       1140          8          0       1119   font12.o
         0          0       3040          8          0       1119   font16.o
      1352         86          0         32        256      18070   ili9341.o
      1502        332         10         32       2412     741550   main.o
        36          8        392          0       2048        860   startup_stm32f407xx.o
       180         28          0         12          0       9585   stm32f4xx_hal.o
       198         14          0          0          0      34079   stm32f4xx_hal_cortex.o
       556         52          0          0          0       4267   stm32f4xx_hal_gpio.o
      2186          0          0          0          0      14221   stm32f4xx_hal_hcd.o
       424         62          0          8          0       4401   stm32f4xx_hal_msp.o
      1344         72          0          0          0       5376   stm32f4xx_hal_rcc.o
      1300         12          0          0          0       6572   stm32f4xx_hal_spi.o
        92          0          0          0          0       1264   stm32f4xx_hal_sram.o
      1298        110          0          0          0      12498   stm32f4xx_hal_tim.o
       144         28          0          0          0       1388   stm32f4xx_hal_tim_ex.o
       664         10          0          0          0       4316   stm32f4xx_hal_uart.o
        38          6          0          0          0       5263   stm32f4xx_it.o
       232         14          0          0          0       4039   stm32f4xx_ll_fsmc.o
      1880         48          0          0          0      19237   stm32f4xx_ll_usb.o
        16          4         24          4          0       1175   system_stm32f4xx.o
      1750        114        550         60          0      24698   tuner_e4k.o
       108         22          0          1       2004      11966   usb_host.o
       514         16          0          0        772      13149   usbh_conf.o
      2974       1128         66          0          0      12017   usbh_core.o
      1436         64          0          0          0      12258   usbh_ctlreq.o
      1288        228          4         32          0      15031   usbh_hid.o
        92          8          0         16         15       2284   usbh_hid_keybd.o
        84          4          0         24          0       1908   usbh_hid_mouse.o
       164          0          0          0          0       4440   usbh_ioreq.o
       110          0          0          0          0       3466   usbh_pipes.o
      2072        104         71         40          0      20196   usbh_rtlsdr.o
       292         16          4          0          0       2497   xpt2046_touch.o

    ----------------------------------------------------------------------
     24364       2590       5340        280       7508    1014309   Object Totals
         0          0         32          0          0          0   (incl. Generated)
        38          0          7          3          1          0   (incl. Padding)

    ----------------------------------------------------------------------

      Code (inc. data)   RO Data    RW Data    ZI Data      Debug   Library Member Name

         0          0          0          0          0          0   entry.o
         0          0          0          0          0          0   entry10a.o
         0          0          0          0          0          0   entry11a.o
         8          4          0          0          0          0   entry2.o
         4          0          0          0          0          0   entry5.o
         0          0          0          0          0          0   entry7b.o
         0          0          0          0          0          0   entry8b.o
         8          4          0          0          0          0   entry9a.o
        30          0          0          0          0          0   handlers.o
        36          8          0          0          0         68   init.o
         0          0          0          0          0          0   iusefp.o
        30          0          0          0          0         68   llshl.o
        36          0          0          0          0         68   llsshr.o
        32          0          0          0          0         68   llushr.o
       188         20          0          0          0        160   malloc.o
        36          0          0          0          0         68   memcpya.o
        36          0          0          0          0        108   memseta.o
         0          0          0          8          0          0   mvars.o
      2304         96          0          0          0        600   printfa.o
         0          0          0          4          0          0   stdout.o
        44          0          0          0          0         80   uidiv.o
        98          0          0          0          0         92   uldiv.o
        48          0          0          0          0         68   cdcmple.o
        48          0          0          0          0         68   cdrcmple.o
       334          0          0          0          0        148   dadd.o
       222          0          0          0          0        100   ddiv.o
       186          0          0          0          0        176   depilogue.o
        50          0          0          0          0         76   dfixui.o
        48          0          0          0          0         68   dfixul.o
        26          0          0          0          0         76   dfltui.o
       228          0          0          0          0         96   dmul.o

    ----------------------------------------------------------------------
      4084        132          0         12          0       2256   Library Totals
         4          0          0          0          0          0   (incl. Padding)

    ----------------------------------------------------------------------

      Code (inc. data)   RO Data    RW Data    ZI Data      Debug   Library Name

      2890        132          0         12          0       1380   mc_w.l
      1190          0          0          0          0        876   mf_w.l

    ----------------------------------------------------------------------
      4084        132          0         12          0       2256   Library Totals

    ----------------------------------------------------------------------

==============================================================================


      Code (inc. data)   RO Data    RW Data    ZI Data      Debug   

     28448       2722       5340        292       7508     992021   Grand Totals
     28448       2722       5340        292       7508     992021   ELF Image Totals
     28448       2722       5340        292          0          0   ROM Totals

==============================================================================

    Total RO  Size (Code + RO Data)                33788 (  33.00kB)
    Total RW  Size (RW Data + ZI Data)              7800 (   7.62kB)
    Total ROM Size (Code + RO Data + RW Data)      34080 (  33.28kB)

==============================================================================

